 GTF_EnginePath_TwoSpool_sfun

 Timestamp is 57076309 (Fri Apr 08 15:51:37 2016)

 Preferred load address is 0000000180000000

 Start         Length     Name                   Class
 0001:00000000 0013ef84H .text                   CODE
 0001:0013ef90 00000092H .text$x                 CODE
 0002:00000000 00000508H .idata$5                DATA
 0002:00000508 00000008H .CRT$XCA                DATA
 0002:00000510 00000008H .CRT$XCZ                DATA
 0002:00000518 00000008H .CRT$XIA                DATA
 0002:00000520 00000008H .CRT$XIAA               DATA
 0002:00000528 00000008H .CRT$XIZ                DATA
 0002:00000530 00000af4H .rdata                  DATA
 0002:00001028 00000008H .rtc$IAA                DATA
 0002:00001030 00000008H .rtc$IZZ                DATA
 0002:00001038 00000008H .rtc$TAA                DATA
 0002:00001040 00000008H .rtc$TZZ                DATA
 0002:00001048 00001e7cH .xdata                  DATA
 0002:00002ec4 0000008cH .idata$2                DATA
 0002:00002f50 00000014H .idata$3                DATA
 0002:00002f68 00000508H .idata$4                DATA
 0002:00003470 00000e22H .idata$6                DATA
 0002:000042a0 00000062H .edata                  DATA
 0003:00000000 0007ef88H .data                   DATA
 0003:0007ef90 00000928H .bss                    DATA
 0004:00000000 000026a0H .pdata                  DATA

  Address         Publics by Value              Rva+Base               Lib:Object

 0000:00000000       ___safe_se_handler_table   0000000000000000     <absolute>
 0000:00000000       ___safe_se_handler_count   0000000000000000     <absolute>
 0000:00000000       __ImageBase                0000000180000000     <linker-defined>
 0001:00000000       GTF_EnginePath_TwoSpool_initializer 0000000180001000 f   GTF_EnginePath_TwoSpool_sfun.obj
 0001:00000010       GTF_EnginePath_TwoSpool_terminator 0000000180001010 f   GTF_EnginePath_TwoSpool_sfun.obj
 0001:00000020       sf_GTF_EnginePath_TwoSpool_method_dispatcher 0000000180001020 f   GTF_EnginePath_TwoSpool_sfun.obj
 0001:00000230       sf_GTF_EnginePath_TwoSpool_uses_exported_functions 0000000180001230 f   GTF_EnginePath_TwoSpool_sfun.obj
 0001:00000270       sf_GTF_EnginePath_TwoSpool_process_check_sum_call 0000000180001270 f   GTF_EnginePath_TwoSpool_sfun.obj
 0001:000007f0       sf_GTF_EnginePath_TwoSpool_autoinheritance_info 00000001800017f0 f   GTF_EnginePath_TwoSpool_sfun.obj
 0001:00000da0       sf_GTF_EnginePath_TwoSpool_get_eml_resolved_functions_info 0000000180001da0 f   GTF_EnginePath_TwoSpool_sfun.obj
 0001:00001250       sf_GTF_EnginePath_TwoSpool_third_party_uses_info 0000000180002250 f   GTF_EnginePath_TwoSpool_sfun.obj
 0001:00001680       sf_GTF_EnginePath_TwoSpool_jit_fallback_info 0000000180002680 f   GTF_EnginePath_TwoSpool_sfun.obj
 0001:00001ab0       sf_GTF_EnginePath_TwoSpool_updateBuildInfo_args_info 0000000180002ab0 f   GTF_EnginePath_TwoSpool_sfun.obj
 0001:00001ee0       sf_GTF_EnginePath_TwoSpool_get_post_codegen_info 0000000180002ee0 f   GTF_EnginePath_TwoSpool_sfun.obj
 0001:000022c0       GTF_EnginePath_TwoSpool_debug_initialize 00000001800032c0 f   GTF_EnginePath_TwoSpool_sfun.obj
 0001:00002340       GTF_EnginePath_TwoSpool_register_exported_symbols 0000000180003340 f   GTF_EnginePath_TwoSpool_sfun.obj
 0001:00002350       load_GTF_EnginePath_TwoSpool_optimization_info 0000000180003350 f   GTF_EnginePath_TwoSpool_sfun.obj
 0001:000023a0       unload_GTF_EnginePath_TwoSpool_optimization_info 00000001800033a0 f   GTF_EnginePath_TwoSpool_sfun.obj
 0001:000023d0       sf_c1_GTF_EnginePath_TwoSpool_get_eml_resolved_functions_info 00000001800033d0 f   c1_GTF_EnginePath_TwoSpool.obj
 0001:00006e70       sf_c1_GTF_EnginePath_TwoSpool_get_check_sum 0000000180007e70 f   c1_GTF_EnginePath_TwoSpool.obj
 0001:00006ef0       sf_c1_GTF_EnginePath_TwoSpool_get_autoinheritance_info 0000000180007ef0 f   c1_GTF_EnginePath_TwoSpool.obj
 0001:00007870       sf_c1_GTF_EnginePath_TwoSpool_third_party_uses_info 0000000180008870 f   c1_GTF_EnginePath_TwoSpool.obj
 0001:000078a0       sf_c1_GTF_EnginePath_TwoSpool_jit_fallback_info 00000001800088a0 f   c1_GTF_EnginePath_TwoSpool.obj
 0001:00007970       sf_c1_GTF_EnginePath_TwoSpool_updateBuildInfo_args_info 0000000180008970 f   c1_GTF_EnginePath_TwoSpool.obj
 0001:000079a0       sf_c1_GTF_EnginePath_TwoSpool_get_post_codegen_info 00000001800089a0 f   c1_GTF_EnginePath_TwoSpool.obj
 0001:00007a70       c1_GTF_EnginePath_TwoSpool_method_dispatcher 0000000180008a70 f   c1_GTF_EnginePath_TwoSpool.obj
 0001:0000efa0       sf_c2_GTF_EnginePath_TwoSpool_get_eml_resolved_functions_info 000000018000ffa0 f   c2_GTF_EnginePath_TwoSpool.obj
 0001:00013a40       sf_c2_GTF_EnginePath_TwoSpool_get_check_sum 0000000180014a40 f   c2_GTF_EnginePath_TwoSpool.obj
 0001:00013ac0       sf_c2_GTF_EnginePath_TwoSpool_get_autoinheritance_info 0000000180014ac0 f   c2_GTF_EnginePath_TwoSpool.obj
 0001:00014440       sf_c2_GTF_EnginePath_TwoSpool_third_party_uses_info 0000000180015440 f   c2_GTF_EnginePath_TwoSpool.obj
 0001:00014470       sf_c2_GTF_EnginePath_TwoSpool_jit_fallback_info 0000000180015470 f   c2_GTF_EnginePath_TwoSpool.obj
 0001:00014540       sf_c2_GTF_EnginePath_TwoSpool_updateBuildInfo_args_info 0000000180015540 f   c2_GTF_EnginePath_TwoSpool.obj
 0001:00014570       sf_c2_GTF_EnginePath_TwoSpool_get_post_codegen_info 0000000180015570 f   c2_GTF_EnginePath_TwoSpool.obj
 0001:00014640       c2_GTF_EnginePath_TwoSpool_method_dispatcher 0000000180015640 f   c2_GTF_EnginePath_TwoSpool.obj
 0001:0001bb60       sf_c3_GTF_EnginePath_TwoSpool_get_eml_resolved_functions_info 000000018001cb60 f   c3_GTF_EnginePath_TwoSpool.obj
 0001:00020600       sf_c3_GTF_EnginePath_TwoSpool_get_check_sum 0000000180021600 f   c3_GTF_EnginePath_TwoSpool.obj
 0001:00020680       sf_c3_GTF_EnginePath_TwoSpool_get_autoinheritance_info 0000000180021680 f   c3_GTF_EnginePath_TwoSpool.obj
 0001:00021000       sf_c3_GTF_EnginePath_TwoSpool_third_party_uses_info 0000000180022000 f   c3_GTF_EnginePath_TwoSpool.obj
 0001:00021030       sf_c3_GTF_EnginePath_TwoSpool_jit_fallback_info 0000000180022030 f   c3_GTF_EnginePath_TwoSpool.obj
 0001:00021100       sf_c3_GTF_EnginePath_TwoSpool_updateBuildInfo_args_info 0000000180022100 f   c3_GTF_EnginePath_TwoSpool.obj
 0001:00021130       sf_c3_GTF_EnginePath_TwoSpool_get_post_codegen_info 0000000180022130 f   c3_GTF_EnginePath_TwoSpool.obj
 0001:00021200       c3_GTF_EnginePath_TwoSpool_method_dispatcher 0000000180022200 f   c3_GTF_EnginePath_TwoSpool.obj
 0001:000286e0       sf_c4_GTF_EnginePath_TwoSpool_get_eml_resolved_functions_info 00000001800296e0 f   c4_GTF_EnginePath_TwoSpool.obj
 0001:0002ddc0       sf_c4_GTF_EnginePath_TwoSpool_get_check_sum 000000018002edc0 f   c4_GTF_EnginePath_TwoSpool.obj
 0001:0002de40       sf_c4_GTF_EnginePath_TwoSpool_get_autoinheritance_info 000000018002ee40 f   c4_GTF_EnginePath_TwoSpool.obj
 0001:0002eba0       sf_c4_GTF_EnginePath_TwoSpool_third_party_uses_info 000000018002fba0 f   c4_GTF_EnginePath_TwoSpool.obj
 0001:0002ebd0       sf_c4_GTF_EnginePath_TwoSpool_jit_fallback_info 000000018002fbd0 f   c4_GTF_EnginePath_TwoSpool.obj
 0001:0002eca0       sf_c4_GTF_EnginePath_TwoSpool_updateBuildInfo_args_info 000000018002fca0 f   c4_GTF_EnginePath_TwoSpool.obj
 0001:0002ecd0       sf_c4_GTF_EnginePath_TwoSpool_get_post_codegen_info 000000018002fcd0 f   c4_GTF_EnginePath_TwoSpool.obj
 0001:0002eda0       c4_GTF_EnginePath_TwoSpool_method_dispatcher 000000018002fda0 f   c4_GTF_EnginePath_TwoSpool.obj
 0001:00037c20       sf_c5_GTF_EnginePath_TwoSpool_get_eml_resolved_functions_info 0000000180038c20 f   c5_GTF_EnginePath_TwoSpool.obj
 0001:0003da50       sf_c5_GTF_EnginePath_TwoSpool_get_check_sum 000000018003ea50 f   c5_GTF_EnginePath_TwoSpool.obj
 0001:0003dad0       sf_c5_GTF_EnginePath_TwoSpool_get_autoinheritance_info 000000018003ead0 f   c5_GTF_EnginePath_TwoSpool.obj
 0001:0003e990       sf_c5_GTF_EnginePath_TwoSpool_third_party_uses_info 000000018003f990 f   c5_GTF_EnginePath_TwoSpool.obj
 0001:0003e9c0       sf_c5_GTF_EnginePath_TwoSpool_jit_fallback_info 000000018003f9c0 f   c5_GTF_EnginePath_TwoSpool.obj
 0001:0003ea90       sf_c5_GTF_EnginePath_TwoSpool_updateBuildInfo_args_info 000000018003fa90 f   c5_GTF_EnginePath_TwoSpool.obj
 0001:0003eac0       sf_c5_GTF_EnginePath_TwoSpool_get_post_codegen_info 000000018003fac0 f   c5_GTF_EnginePath_TwoSpool.obj
 0001:0003eb90       c5_GTF_EnginePath_TwoSpool_method_dispatcher 000000018003fb90 f   c5_GTF_EnginePath_TwoSpool.obj
 0001:00047e20       sf_c6_GTF_EnginePath_TwoSpool_get_eml_resolved_functions_info 0000000180048e20 f   c6_GTF_EnginePath_TwoSpool.obj
 0001:00069460       sf_c6_GTF_EnginePath_TwoSpool_get_check_sum 000000018006a460 f   c6_GTF_EnginePath_TwoSpool.obj
 0001:000694e0       sf_c6_GTF_EnginePath_TwoSpool_get_autoinheritance_info 000000018006a4e0 f   c6_GTF_EnginePath_TwoSpool.obj
 0001:0006a0f0       sf_c6_GTF_EnginePath_TwoSpool_third_party_uses_info 000000018006b0f0 f   c6_GTF_EnginePath_TwoSpool.obj
 0001:0006a120       sf_c6_GTF_EnginePath_TwoSpool_jit_fallback_info 000000018006b120 f   c6_GTF_EnginePath_TwoSpool.obj
 0001:0006a1f0       sf_c6_GTF_EnginePath_TwoSpool_updateBuildInfo_args_info 000000018006b1f0 f   c6_GTF_EnginePath_TwoSpool.obj
 0001:0006a220       sf_c6_GTF_EnginePath_TwoSpool_get_post_codegen_info 000000018006b220 f   c6_GTF_EnginePath_TwoSpool.obj
 0001:0006a2f0       c6_GTF_EnginePath_TwoSpool_method_dispatcher 000000018006b2f0 f   c6_GTF_EnginePath_TwoSpool.obj
 0001:00075a60       sf_c7_GTF_EnginePath_TwoSpool_get_eml_resolved_functions_info 0000000180076a60 f   c7_GTF_EnginePath_TwoSpool.obj
 0001:00087500       sf_c7_GTF_EnginePath_TwoSpool_get_check_sum 0000000180088500 f   c7_GTF_EnginePath_TwoSpool.obj
 0001:00087580       sf_c7_GTF_EnginePath_TwoSpool_get_autoinheritance_info 0000000180088580 f   c7_GTF_EnginePath_TwoSpool.obj
 0001:00088040       sf_c7_GTF_EnginePath_TwoSpool_third_party_uses_info 0000000180089040 f   c7_GTF_EnginePath_TwoSpool.obj
 0001:00088070       sf_c7_GTF_EnginePath_TwoSpool_jit_fallback_info 0000000180089070 f   c7_GTF_EnginePath_TwoSpool.obj
 0001:00088140       sf_c7_GTF_EnginePath_TwoSpool_updateBuildInfo_args_info 0000000180089140 f   c7_GTF_EnginePath_TwoSpool.obj
 0001:00088170       sf_c7_GTF_EnginePath_TwoSpool_get_post_codegen_info 0000000180089170 f   c7_GTF_EnginePath_TwoSpool.obj
 0001:00088240       c7_GTF_EnginePath_TwoSpool_method_dispatcher 0000000180089240 f   c7_GTF_EnginePath_TwoSpool.obj
 0001:00090e70       sf_c8_GTF_EnginePath_TwoSpool_get_eml_resolved_functions_info 0000000180091e70 f   c8_GTF_EnginePath_TwoSpool.obj
 0001:000a2910       sf_c8_GTF_EnginePath_TwoSpool_get_check_sum 00000001800a3910 f   c8_GTF_EnginePath_TwoSpool.obj
 0001:000a2990       sf_c8_GTF_EnginePath_TwoSpool_get_autoinheritance_info 00000001800a3990 f   c8_GTF_EnginePath_TwoSpool.obj
 0001:000a35a0       sf_c8_GTF_EnginePath_TwoSpool_third_party_uses_info 00000001800a45a0 f   c8_GTF_EnginePath_TwoSpool.obj
 0001:000a35d0       sf_c8_GTF_EnginePath_TwoSpool_jit_fallback_info 00000001800a45d0 f   c8_GTF_EnginePath_TwoSpool.obj
 0001:000a36a0       sf_c8_GTF_EnginePath_TwoSpool_updateBuildInfo_args_info 00000001800a46a0 f   c8_GTF_EnginePath_TwoSpool.obj
 0001:000a36d0       sf_c8_GTF_EnginePath_TwoSpool_get_post_codegen_info 00000001800a46d0 f   c8_GTF_EnginePath_TwoSpool.obj
 0001:000a37a0       c8_GTF_EnginePath_TwoSpool_method_dispatcher 00000001800a47a0 f   c8_GTF_EnginePath_TwoSpool.obj
 0001:000ac770       sf_c9_GTF_EnginePath_TwoSpool_get_eml_resolved_functions_info 00000001800ad770 f   c9_GTF_EnginePath_TwoSpool.obj
 0001:000bee30       sf_c9_GTF_EnginePath_TwoSpool_get_check_sum 00000001800bfe30 f   c9_GTF_EnginePath_TwoSpool.obj
 0001:000beeb0       sf_c9_GTF_EnginePath_TwoSpool_get_autoinheritance_info 00000001800bfeb0 f   c9_GTF_EnginePath_TwoSpool.obj
 0001:000bfc10       sf_c9_GTF_EnginePath_TwoSpool_third_party_uses_info 00000001800c0c10 f   c9_GTF_EnginePath_TwoSpool.obj
 0001:000bfc40       sf_c9_GTF_EnginePath_TwoSpool_jit_fallback_info 00000001800c0c40 f   c9_GTF_EnginePath_TwoSpool.obj
 0001:000bfd10       sf_c9_GTF_EnginePath_TwoSpool_updateBuildInfo_args_info 00000001800c0d10 f   c9_GTF_EnginePath_TwoSpool.obj
 0001:000bfd40       sf_c9_GTF_EnginePath_TwoSpool_get_post_codegen_info 00000001800c0d40 f   c9_GTF_EnginePath_TwoSpool.obj
 0001:000bfe10       c9_GTF_EnginePath_TwoSpool_method_dispatcher 00000001800c0e10 f   c9_GTF_EnginePath_TwoSpool.obj
 0001:000c96c0       sf_c15_GTF_EnginePath_TwoSpool_get_eml_resolved_functions_info 00000001800ca6c0 f   c15_GTF_EnginePath_TwoSpool.obj
 0001:000cdc70       sf_c15_GTF_EnginePath_TwoSpool_get_check_sum 00000001800cec70 f   c15_GTF_EnginePath_TwoSpool.obj
 0001:000cdcf0       sf_c15_GTF_EnginePath_TwoSpool_get_autoinheritance_info 00000001800cecf0 f   c15_GTF_EnginePath_TwoSpool.obj
 0001:000ce530       sf_c15_GTF_EnginePath_TwoSpool_third_party_uses_info 00000001800cf530 f   c15_GTF_EnginePath_TwoSpool.obj
 0001:000ce560       sf_c15_GTF_EnginePath_TwoSpool_jit_fallback_info 00000001800cf560 f   c15_GTF_EnginePath_TwoSpool.obj
 0001:000ce630       sf_c15_GTF_EnginePath_TwoSpool_updateBuildInfo_args_info 00000001800cf630 f   c15_GTF_EnginePath_TwoSpool.obj
 0001:000ce660       sf_c15_GTF_EnginePath_TwoSpool_get_post_codegen_info 00000001800cf660 f   c15_GTF_EnginePath_TwoSpool.obj
 0001:000ce730       c15_GTF_EnginePath_TwoSpool_method_dispatcher 00000001800cf730 f   c15_GTF_EnginePath_TwoSpool.obj
 0001:000d2d90       sf_c16_GTF_EnginePath_TwoSpool_get_eml_resolved_functions_info 00000001800d3d90 f   c16_GTF_EnginePath_TwoSpool.obj
 0001:000d7f80       sf_c16_GTF_EnginePath_TwoSpool_get_check_sum 00000001800d8f80 f   c16_GTF_EnginePath_TwoSpool.obj
 0001:000d8000       sf_c16_GTF_EnginePath_TwoSpool_get_autoinheritance_info 00000001800d9000 f   c16_GTF_EnginePath_TwoSpool.obj
 0001:000d9140       sf_c16_GTF_EnginePath_TwoSpool_third_party_uses_info 00000001800da140 f   c16_GTF_EnginePath_TwoSpool.obj
 0001:000d9170       sf_c16_GTF_EnginePath_TwoSpool_jit_fallback_info 00000001800da170 f   c16_GTF_EnginePath_TwoSpool.obj
 0001:000d9240       sf_c16_GTF_EnginePath_TwoSpool_updateBuildInfo_args_info 00000001800da240 f   c16_GTF_EnginePath_TwoSpool.obj
 0001:000d9270       sf_c16_GTF_EnginePath_TwoSpool_get_post_codegen_info 00000001800da270 f   c16_GTF_EnginePath_TwoSpool.obj
 0001:000d9340       c16_GTF_EnginePath_TwoSpool_method_dispatcher 00000001800da340 f   c16_GTF_EnginePath_TwoSpool.obj
 0001:000e3be0       sf_c76_GTF_EnginePath_TwoSpool_get_eml_resolved_functions_info 00000001800e4be0 f   c76_GTF_EnginePath_TwoSpool.obj
 0001:000f5680       sf_c76_GTF_EnginePath_TwoSpool_get_check_sum 00000001800f6680 f   c76_GTF_EnginePath_TwoSpool.obj
 0001:000f5700       sf_c76_GTF_EnginePath_TwoSpool_get_autoinheritance_info 00000001800f6700 f   c76_GTF_EnginePath_TwoSpool.obj
 0001:000f61c0       sf_c76_GTF_EnginePath_TwoSpool_third_party_uses_info 00000001800f71c0 f   c76_GTF_EnginePath_TwoSpool.obj
 0001:000f61f0       sf_c76_GTF_EnginePath_TwoSpool_jit_fallback_info 00000001800f71f0 f   c76_GTF_EnginePath_TwoSpool.obj
 0001:000f62c0       sf_c76_GTF_EnginePath_TwoSpool_updateBuildInfo_args_info 00000001800f72c0 f   c76_GTF_EnginePath_TwoSpool.obj
 0001:000f62f0       sf_c76_GTF_EnginePath_TwoSpool_get_post_codegen_info 00000001800f72f0 f   c76_GTF_EnginePath_TwoSpool.obj
 0001:000f63c0       c76_GTF_EnginePath_TwoSpool_method_dispatcher 00000001800f73c0 f   c76_GTF_EnginePath_TwoSpool.obj
 0001:000ff030       sf_c77_GTF_EnginePath_TwoSpool_get_eml_resolved_functions_info 0000000180100030 f   c77_GTF_EnginePath_TwoSpool.obj
 0001:00110ad0       sf_c77_GTF_EnginePath_TwoSpool_get_check_sum 0000000180111ad0 f   c77_GTF_EnginePath_TwoSpool.obj
 0001:00110b50       sf_c77_GTF_EnginePath_TwoSpool_get_autoinheritance_info 0000000180111b50 f   c77_GTF_EnginePath_TwoSpool.obj
 0001:00111760       sf_c77_GTF_EnginePath_TwoSpool_third_party_uses_info 0000000180112760 f   c77_GTF_EnginePath_TwoSpool.obj
 0001:00111790       sf_c77_GTF_EnginePath_TwoSpool_jit_fallback_info 0000000180112790 f   c77_GTF_EnginePath_TwoSpool.obj
 0001:00111860       sf_c77_GTF_EnginePath_TwoSpool_updateBuildInfo_args_info 0000000180112860 f   c77_GTF_EnginePath_TwoSpool.obj
 0001:00111890       sf_c77_GTF_EnginePath_TwoSpool_get_post_codegen_info 0000000180112890 f   c77_GTF_EnginePath_TwoSpool.obj
 0001:00111960       c77_GTF_EnginePath_TwoSpool_method_dispatcher 0000000180112960 f   c77_GTF_EnginePath_TwoSpool.obj
 0001:0011a900       sf_c78_GTF_EnginePath_TwoSpool_get_eml_resolved_functions_info 000000018011b900 f   c78_GTF_EnginePath_TwoSpool.obj
 0001:0012cfc0       sf_c78_GTF_EnginePath_TwoSpool_get_check_sum 000000018012dfc0 f   c78_GTF_EnginePath_TwoSpool.obj
 0001:0012d040       sf_c78_GTF_EnginePath_TwoSpool_get_autoinheritance_info 000000018012e040 f   c78_GTF_EnginePath_TwoSpool.obj
 0001:0012dda0       sf_c78_GTF_EnginePath_TwoSpool_third_party_uses_info 000000018012eda0 f   c78_GTF_EnginePath_TwoSpool.obj
 0001:0012ddd0       sf_c78_GTF_EnginePath_TwoSpool_jit_fallback_info 000000018012edd0 f   c78_GTF_EnginePath_TwoSpool.obj
 0001:0012dea0       sf_c78_GTF_EnginePath_TwoSpool_updateBuildInfo_args_info 000000018012eea0 f   c78_GTF_EnginePath_TwoSpool.obj
 0001:0012ded0       sf_c78_GTF_EnginePath_TwoSpool_get_post_codegen_info 000000018012eed0 f   c78_GTF_EnginePath_TwoSpool.obj
 0001:0012dfa0       c78_GTF_EnginePath_TwoSpool_method_dispatcher 000000018012efa0 f   c78_GTF_EnginePath_TwoSpool.obj
 0001:00137890       sf_process_check_sum_call  0000000180138890 f   GTF_EnginePath_TwoSpool_sfun_registry.obj
 0001:001378e0       sf_process_machine_uses_exported_functions_call 00000001801388e0 f   GTF_EnginePath_TwoSpool_sfun_registry.obj
 0001:00137a30       sf_process_autoinheritance_call 0000000180138a30 f   GTF_EnginePath_TwoSpool_sfun_registry.obj
 0001:00137bd0       sf_process_get_third_party_uses_info_call 0000000180138bd0 f   GTF_EnginePath_TwoSpool_sfun_registry.obj
 0001:00137d70       sf_process_get_jit_fallback_info_call 0000000180138d70 f   GTF_EnginePath_TwoSpool_sfun_registry.obj
 0001:00137f10       sf_process_get_updateBuildInfo_args_info_call 0000000180138f10 f   GTF_EnginePath_TwoSpool_sfun_registry.obj
 0001:001380b0       sf_process_get_eml_resolved_functions_info_call 00000001801390b0 f   GTF_EnginePath_TwoSpool_sfun_registry.obj
 0001:00138230       sf_process_get_post_codegen_info 0000000180139230 f   GTF_EnginePath_TwoSpool_sfun_registry.obj
 0001:00138380       sf_mex_unlock_call         0000000180139380 f   GTF_EnginePath_TwoSpool_sfun_registry.obj
 0001:00138430       sf_machine_global_initializer_called 0000000180139430 f   GTF_EnginePath_TwoSpool_sfun_registry.obj
 0001:00138460       sf_machine_global_method_dispatcher 0000000180139460 f   GTF_EnginePath_TwoSpool_sfun_registry.obj
 0001:001384c0       sf_machine_global_terminator 00000001801394c0 f   GTF_EnginePath_TwoSpool_sfun_registry.obj
 0001:00138510       sf_register_machine_exported_symbols 0000000180139510 f   GTF_EnginePath_TwoSpool_sfun_registry.obj
 0001:00138530       callCustomFcn              0000000180139530 f   GTF_EnginePath_TwoSpool_sfun_registry.obj
 0001:00138540       sf_machine_global_initializer 0000000180139540 f   GTF_EnginePath_TwoSpool_sfun_registry.obj
 0001:001385c0       mdlGetSimState             00000001801395c0 f   GTF_EnginePath_TwoSpool_sfun_registry.obj
 0001:00138640       mdlSetSimState             0000000180139640 f   GTF_EnginePath_TwoSpool_sfun_registry.obj
 0001:00138680       _ssSetStateAbsTol          0000000180139680 f   GTF_EnginePath_TwoSpool_sfun_registry.obj
 0001:00138760       _ssGetAbsTol               0000000180139760 f   GTF_EnginePath_TwoSpool_sfun_registry.obj
 0001:001387d0       _ssSetInputPortMatrixDimensions 00000001801397d0 f   GTF_EnginePath_TwoSpool_sfun_registry.obj
 0001:001388e0       _ssSetOutputPortMatrixDimensions 00000001801398e0 f   GTF_EnginePath_TwoSpool_sfun_registry.obj
 0001:001389f0       _ssSetInputPortVectorDimension 00000001801399f0 f   GTF_EnginePath_TwoSpool_sfun_registry.obj
 0001:00138ac0       _ssSetOutputPortVectorDimension 0000000180139ac0 f   GTF_EnginePath_TwoSpool_sfun_registry.obj
 0001:00138b90       ssIsRunTimeParamTunable    0000000180139b90 f   GTF_EnginePath_TwoSpool_sfun_registry.obj
 0001:00138c00       ssGetSFuncBlockHandle      0000000180139c00 f   GTF_EnginePath_TwoSpool_sfun_registry.obj
 0001:00138c70       _ssGetCurrentInputPortWidth 0000000180139c70 f   GTF_EnginePath_TwoSpool_sfun_registry.obj
 0001:00138d90       _ssGetCurrentOutputPortWidth 0000000180139d90 f   GTF_EnginePath_TwoSpool_sfun_registry.obj
 0001:00138eb0       _ssGetCallSystemNumFcnCallDestinations 0000000180139eb0 f   GTF_EnginePath_TwoSpool_sfun_registry.obj
 0001:00138f20       ssWarning                  0000000180139f20 f   GTF_EnginePath_TwoSpool_sfun_registry.obj
 0001:00139030       ssGetIsZeroCrossControlDisabled 000000018013a030 f   GTF_EnginePath_TwoSpool_sfun_registry.obj
 0001:001390a0       ssSetIsInputPortUsedForContZcSignal 000000018013a0a0 f   GTF_EnginePath_TwoSpool_sfun_registry.obj
 0001:00139110       ssSetZcSignalIsZcElementDisc 000000018013a110 f   GTF_EnginePath_TwoSpool_sfun_registry.obj
 0001:001391c0       ssSetZcSignalName          000000018013a1c0 f   GTF_EnginePath_TwoSpool_sfun_registry.obj
 0001:00139230       ssSetZcSignalWidth         000000018013a230 f   GTF_EnginePath_TwoSpool_sfun_registry.obj
 0001:001392a0       ssSetZcSignalZcEventType   000000018013a2a0 f   GTF_EnginePath_TwoSpool_sfun_registry.obj
 0001:00139310       ssSetZcSignalType          000000018013a310 f   GTF_EnginePath_TwoSpool_sfun_registry.obj
 0001:00139380       ssSetZcSignalZcTol         000000018013a380 f   GTF_EnginePath_TwoSpool_sfun_registry.obj
 0001:001393f0       ssSetZcSignalNeedsEventNotification 000000018013a3f0 f   GTF_EnginePath_TwoSpool_sfun_registry.obj
 0001:00139460       ssCreateAndAddZcSignalInfo 000000018013a460 f   GTF_EnginePath_TwoSpool_sfun_registry.obj
 0001:001394d0       ssCloneAndAddZcSignalInfo  000000018013a4d0 f   GTF_EnginePath_TwoSpool_sfun_registry.obj
 0001:00139540       ssGetNumZcSignals          000000018013a540 f   GTF_EnginePath_TwoSpool_sfun_registry.obj
 0001:001395b0       ssGetZcSignalVector        000000018013a5b0 f   GTF_EnginePath_TwoSpool_sfun_registry.obj
 0001:00139620       ssGetZcSignalZcEvents      000000018013a620 f   GTF_EnginePath_TwoSpool_sfun_registry.obj
 0001:00139690       ssGetZcSignalName          000000018013a690 f   GTF_EnginePath_TwoSpool_sfun_registry.obj
 0001:00139700       ssGetZcSignalWidth         000000018013a700 f   GTF_EnginePath_TwoSpool_sfun_registry.obj
 0001:00139770       ssGetZcSignalZcEventType   000000018013a770 f   GTF_EnginePath_TwoSpool_sfun_registry.obj
 0001:001397e0       ssGetZcSignalType          000000018013a7e0 f   GTF_EnginePath_TwoSpool_sfun_registry.obj
 0001:00139850       ssGetZcSignalZcTol         000000018013a850 f   GTF_EnginePath_TwoSpool_sfun_registry.obj
 0001:001398d0       ssGetZcSignalNeedsEventNotification 000000018013a8d0 f   GTF_EnginePath_TwoSpool_sfun_registry.obj
 0001:00139940       ssGetZcSignalIsZcElementDisc 000000018013a940 f   GTF_EnginePath_TwoSpool_sfun_registry.obj
 0001:001399e0       ssGetIsInputPortElementContinuous 000000018013a9e0 f   GTF_EnginePath_TwoSpool_sfun_registry.obj
 0001:00139a80       _ssGetInputPortSignalPtrsFcn 000000018013aa80 f   GTF_EnginePath_TwoSpool_sfun_registry.obj
 0001:00139d40       _ssGetInputPortSignalFcn   000000018013ad40 f   GTF_EnginePath_TwoSpool_sfun_registry.obj
 0001:00139f60       _ssSetInputPortDirectFeedThroughFcn 000000018013af60 f   GTF_EnginePath_TwoSpool_sfun_registry.obj
 0001:0013a0c0       _ssSetInputPortReusableFcn 000000018013b0c0 f   GTF_EnginePath_TwoSpool_sfun_registry.obj
 0001:0013a1b0       _ssSetOutputPortReusableFcn 000000018013b1b0 f   GTF_EnginePath_TwoSpool_sfun_registry.obj
 0001:0013a290       ssGetDTypeIdFromMxArray    000000018013b290 f   GTF_EnginePath_TwoSpool_sfun_registry.obj
 0001:0013a3b0       ssWriteRTWStr              000000018013b3b0 f   GTF_EnginePath_TwoSpool_sfun_registry.obj
 0001:0013a410       ssWriteRTWMxVectParam      000000018013b410 f   GTF_EnginePath_TwoSpool_sfun_registry.obj
 0001:0013a470       ssWriteRTWMx2dMatParam     000000018013b470 f   GTF_EnginePath_TwoSpool_sfun_registry.obj
 0001:0013a4f0       ssWriteRTWNameValuePair    000000018013b4f0 f   GTF_EnginePath_TwoSpool_sfun_registry.obj
 0001:0013a9e0       ssWriteRTWParameters       000000018013b9e0 f   GTF_EnginePath_TwoSpool_sfun_registry.obj
 0001:0013afe0       ssWriteRTWParamSettings    000000018013bfe0 f   GTF_EnginePath_TwoSpool_sfun_registry.obj
 0001:0013b6b0       ssWriteRTWWorkVect         000000018013c6b0 f   GTF_EnginePath_TwoSpool_sfun_registry.obj
 0001:0013bbb0       mexFunction                000000018013cbb0 f   GTF_EnginePath_TwoSpool_sfun_registry.obj
 0001:0013e0d0       ProcessMexSfunctionEveryCall 000000018013f0d0 f   GTF_EnginePath_TwoSpool_sfun_registry.obj
 0001:0013e252       sf_debug_set_machine_data_thresholds 000000018013f252 f   sf_runtime:sf_runtime.dll
 0001:0013e258       sf_debug_set_machine_event_thresholds 000000018013f258 f   sf_runtime:sf_runtime.dll
 0001:0013e25e       sf_debug_initialize_machine 000000018013f25e f   sf_runtime:sf_runtime.dll
 0001:0013e264       sf_load_rtw_optimization_info 000000018013f264 f   sf_runtime:sf_runtime.dll
 0001:0013e26a       sf_mex_emlrtNameCapturePostProcessR2012a 000000018013f26a f   sf_runtime:sf_runtime.dll
 0001:0013e270       sf_mex_assign              000000018013f270 f   sf_runtime:sf_runtime.dll
 0001:0013e276       sf_mex_createstruct        000000018013f276 f   sf_runtime:sf_runtime.dll
 0001:0013e27c       sf_mex_destroy             000000018013f27c f   sf_runtime:sf_runtime.dll
 0001:0013e282       sf_mex_duplicatearraysafe  000000018013f282 f   sf_runtime:sf_runtime.dll
 0001:0013e288       sf_mex_createcellmatrix    000000018013f288 f   sf_runtime:sf_runtime.dll
 0001:0013e28e       sf_mex_addfield            000000018013f28e f   sf_runtime:sf_runtime.dll
 0001:0013e294       sf_mex_create              000000018013f294 f   sf_runtime:sf_runtime.dll
 0001:0013e29a       sf_mex_error_message       000000018013f29a f   sf_runtime:sf_runtime.dll
 0001:0013e2a0       sf_set_rtw_dwork_info      000000018013f2a0 f   sf_runtime:sf_runtime.dll
 0001:0013e2a6       sf_mark_chart_reusable_outputs 000000018013f2a6 f   sf_runtime:sf_runtime.dll
 0001:0013e2ac       sf_mark_chart_expressionable_inputs 000000018013f2ac f   sf_runtime:sf_runtime.dll
 0001:0013e2b2       sf_update_buildInfo        000000018013f2b2 f   sf_runtime:sf_runtime.dll
 0001:0013e2b8       sf_rtw_info_uint_prop      000000018013f2b8 f   sf_runtime:sf_runtime.dll
 0001:0013e2be       sf_is_chart_inlinable      000000018013f2be f   sf_runtime:sf_runtime.dll
 0001:0013e2c4       sim_mode_is_external       000000018013f2c4 f   sf_runtime:sf_runtime.dll
 0001:0013e2ca       sim_mode_is_rtw_gen        000000018013f2ca f   sf_runtime:sf_runtime.dll
 0001:0013e2d0       ssGetInputPortSignal_wrapper 000000018013f2d0 f   sf_runtime:sf_runtime.dll
 0001:0013e2d6       ssGetOutputPortSignal_wrapper 000000018013f2d6 f   sf_runtime:sf_runtime.dll
 0001:0013e2dc       sf_mex_decode_encoded_mx_struct_array 000000018013f2dc f   sf_runtime:sf_runtime.dll
 0001:0013e2e2       sf_debug_reset_current_state_configuration 000000018013f2e2 f   sf_runtime:sf_runtime.dll
 0001:0013e2e8       sf_debug_set_instance_data_value_ptr 000000018013f2e8 f   sf_runtime:sf_runtime.dll
 0001:0013e2ee       sf_debug_set_chart_data_compiled_props 000000018013f2ee f   sf_runtime:sf_runtime.dll
 0001:0013e2f4       cv_script_init_relational  000000018013f2f4 f   sf_runtime:sf_runtime.dll
 0001:0013e2fa       cv_script_init_switch      000000018013f2fa f   sf_runtime:sf_runtime.dll
 0001:0013e300       cv_script_init_while       000000018013f300 f   sf_runtime:sf_runtime.dll
 0001:0013e306       cv_script_init_if          000000018013f306 f   sf_runtime:sf_runtime.dll
 0001:0013e30c       cv_script_init_fcn         000000018013f30c f   sf_runtime:sf_runtime.dll
 0001:0013e312       cv_script_init_script      000000018013f312 f   sf_runtime:sf_runtime.dll
 0001:0013e318       cv_eml_init_fcn            000000018013f318 f   sf_runtime:sf_runtime.dll
 0001:0013e31e       cv_eml_init_script         000000018013f31e f   sf_runtime:sf_runtime.dll
 0001:0013e324       sf_debug_cv_init_trans     000000018013f324 f   sf_runtime:sf_runtime.dll
 0001:0013e32a       sf_debug_cv_init_state     000000018013f32a f   sf_runtime:sf_runtime.dll
 0001:0013e330       sf_debug_cv_init_chart     000000018013f330 f   sf_runtime:sf_runtime.dll
 0001:0013e336       sf_debug_set_chart_decomposition 000000018013f336 f   sf_runtime:sf_runtime.dll
 0001:0013e33c       sf_debug_set_chart_substate_count 000000018013f33c f   sf_runtime:sf_runtime.dll
 0001:0013e342       sf_debug_set_chart_state_info 000000018013f342 f   sf_runtime:sf_runtime.dll
 0001:0013e348       sf_debug_set_chart_data_props 000000018013f348 f   sf_runtime:sf_runtime.dll
 0001:0013e34e       sf_debug_set_chart_event_thresholds 000000018013f34e f   sf_runtime:sf_runtime.dll
 0001:0013e354       sf_debug_set_chart_disable_implicit_casting 000000018013f354 f   sf_runtime:sf_runtime.dll
 0001:0013e35a       sf_debug_initialize_chart  000000018013f35a f   sf_runtime:sf_runtime.dll
 0001:0013e360       sf_debug_set_script_translation 000000018013f360 f   sf_runtime:sf_runtime.dll
 0001:0013e366       sf_debug_get_script_id     000000018013f366 f   sf_runtime:sf_runtime.dll
 0001:0013e36c       sf_mex_dup                 000000018013f36c f   sf_runtime:sf_runtime.dll
 0001:0013e372       sf_mex_import              000000018013f372 f   sf_runtime:sf_runtime.dll
 0001:0013e378       sf_get_time                000000018013f378 f   sf_runtime:sf_runtime.dll
 0001:0013e37e       sf_debug_data_range_wrapper 000000018013f37e f   sf_runtime:sf_runtime.dll
 0001:0013e384       sf_debug_check_for_state_inconsistency 000000018013f384 f   sf_runtime:sf_runtime.dll
 0001:0013e38a       sf_debug_symbol_scope_pop  000000018013f38a f   sf_runtime:sf_runtime.dll
 0001:0013e390       cv_script_eval             000000018013f390 f   sf_runtime:sf_runtime.dll
 0001:0013e396       eml_debug_line_call        000000018013f396 f   sf_runtime:sf_runtime.dll
 0001:0013e39c       cv_eml_eval                000000018013f39c f   sf_runtime:sf_runtime.dll
 0001:0013e3a2       sf_debug_symbol_scope_add_eml_importable 000000018013f3a2 f   sf_runtime:sf_runtime.dll
 0001:0013e3a8       sf_debug_symbol_scope_add_eml 000000018013f3a8 f   sf_runtime:sf_runtime.dll
 0001:0013e3ae       sf_debug_symbol_scope_push_eml 000000018013f3ae f   sf_runtime:sf_runtime.dll
 0001:0013e3b4       sf_debug_call              000000018013f3b4 f   sf_runtime:sf_runtime.dll
 0001:0013e3ba       sf_debug_symbol_scope_push 000000018013f3ba f   sf_runtime:sf_runtime.dll
 0001:0013e3c0       sf_mex_listen_for_ctrl_c   000000018013f3c0 f   sf_runtime:sf_runtime.dll
 0001:0013e3c6       sf_debug_integer_check     000000018013f3c6 f   sf_runtime:sf_runtime.dll
 0001:0013e3cc       cv_eval_relational         000000018013f3cc f   sf_runtime:sf_runtime.dll
 0001:0013e3d2       sf_mex_call_debug          000000018013f3d2 f   sf_runtime:sf_runtime.dll
 0001:0013e3d8       sf_mex_setcell             000000018013f3d8 f   sf_runtime:sf_runtime.dll
 0001:0013e3de       sf_mex_getcell             000000018013f3de f   sf_runtime:sf_runtime.dll
 0001:0013e3e4       sf_clear_rtw_identifier    000000018013f3e4 f   sf_runtime:sf_runtime.dll
 0001:0013e3ea       cv_eml_init_relational     000000018013f3ea f   sf_runtime:sf_runtime.dll
 0001:0013e3f0       cv_eml_init_while          000000018013f3f0 f   sf_runtime:sf_runtime.dll
 0001:0013e3f6       cv_eml_init_if             000000018013f3f6 f   sf_runtime:sf_runtime.dll
 0001:0013e3fc       sf_debug_eml_data_array_bounds_error_check 000000018013f3fc f   sf_runtime:sf_runtime.dll
 0001:0013e402       sf_debug_symbol_switch     000000018013f402 f   sf_runtime:sf_runtime.dll
 0001:0013e408       sf_debug_terminate         000000018013f408 f   sf_runtime:sf_runtime.dll
 0001:0013e40e       sf_debug_create_debug_instance_struct 000000018013f40e f   sf_runtime:sf_runtime.dll
 0001:0013e414       sf_debug_api               000000018013f414 f   sf_runtime:sf_runtime.dll
 0001:0013e41a       callMdlMethodAndReportError 000000018013f41a f   sf_runtime:sf_runtime.dll
 0001:0013e420       call_sf_machine_global_method_dispatcher 000000018013f420 f   sf_runtime:sf_runtime.dll
 0001:0013e426       sf_clear_error_manager_info 000000018013f426 f   sf_runtime:sf_runtime.dll
 0001:0013e42c       sf_mex_error_direct_call   000000018013f42c f   sf_runtime:sf_runtime.dll
 0001:0013e432       mxCreateLogicalScalar      000000018013f432 f   libmx:libmx.dll
 0001:0013e438       mxGetScalar                000000018013f438 f   libmx:libmx.dll
 0001:0013e43e       mxGetPr                    000000018013f43e f   libmx:libmx.dll
 0001:0013e444       mxCreateDoubleMatrix_730   000000018013f444 f   libmx:libmx.dll
 0001:0013e44a       mxGetString_730            000000018013f44a f   libmx:libmx.dll
 0001:0013e450       mxIsChar                   000000018013f450 f   libmx:libmx.dll
 0001:0013e456       mxDestroyArray             000000018013f456 f   libmx:libmx.dll
 0001:0013e45c       mxDuplicateArray           000000018013f45c f   libmx:libmx.dll
 0001:0013e462       mxCreateDoubleScalar       000000018013f462 f   libmx:libmx.dll
 0001:0013e468       mxSetField_730             000000018013f468 f   libmx:libmx.dll
 0001:0013e46e       mxCreateString             000000018013f46e f   libmx:libmx.dll
 0001:0013e474       mxCreateStructMatrix_730   000000018013f474 f   libmx:libmx.dll
 0001:0013e47a       mxCreateCellMatrix_730     000000018013f47a f   libmx:libmx.dll
 0001:0013e480       mxCreateCellArray_730      000000018013f480 f   libmx:libmx.dll
 0001:0013e486       mxCreateStructArray_730    000000018013f486 f   libmx:libmx.dll
 0001:0013e48c       mxGetNaN                   000000018013f48c f   libmx:libmx.dll
 0001:0013e492       mxGetClassID               000000018013f492 f   libmx:libmx.dll
 0001:0013e498       mxIsNumeric                000000018013f498 f   libmx:libmx.dll
 0001:0013e49e       mxIsComplex                000000018013f49e f   libmx:libmx.dll
 0001:0013e4a4       mxGetN                     000000018013f4a4 f   libmx:libmx.dll
 0001:0013e4aa       mxGetM                     000000018013f4aa f   libmx:libmx.dll
 0001:0013e4b0       mxCalloc                   000000018013f4b0 f   libmx:libmx.dll
 0001:0013e4b6       mexMakeArrayPersistent     000000018013f4b6 f   libmex:libmex.dll
 0001:0013e4bc       mexUnlock                  000000018013f4bc f   libmex:libmex.dll
 0001:0013e4c2       mexIsLocked                000000018013f4c2 f   libmex:libmex.dll
 0001:0013e4c8       mexWarnMsgTxt              000000018013f4c8 f   libmex:libmex.dll
 0001:0013e4ce       mexCallMATLABWithObject    000000018013f4ce f   libmex:libmex.dll
 0001:0013e4d4       mexErrMsgTxt               000000018013f4d4 f   libmex:libmex.dll
 0001:0013e4da       mexLock                    000000018013f4da f   libmex:libmex.dll
 0001:0013e4e0       utMalloc                   000000018013f4e0 f   libut:libut.dll
 0001:0013e4e6       utFree                     000000018013f4e6 f   libut:libut.dll
 0001:0013e4ec       muDoubleScalarAbs          000000018013f4ec f   libmwmathutil:libmwmathutil.dll
 0001:0013e4f2       muDoubleScalarPower        000000018013f4f2 f   libmwmathutil:libmwmathutil.dll
 0001:0013e4f8       muDoubleScalarFloor        000000018013f4f8 f   libmwmathutil:libmwmathutil.dll
 0001:0013e4fe       muDoubleScalarSqrt         000000018013f4fe f   libmwmathutil:libmwmathutil.dll
 0001:0013e504       muDoubleScalarIsNaN        000000018013f504 f   libmwmathutil:libmwmathutil.dll
 0001:0013e50c       __GSHandlerCheckCommon     000000018013f50c f   MSVCRT:gshandler.obj
 0001:0013e570       __GSHandlerCheck           000000018013f570 f   MSVCRT:gshandler.obj
 0001:0013e58e       strcmp                     000000018013f58e f   MSVCRT:MSVCR100.dll
 0001:0013e5b0       __security_check_cookie    000000018013f5b0 f   MSVCRT:amdsecgs.obj
 0001:0013e5d0       strlen                     000000018013f5d0 f   MSVCRT:MSVCR100.dll
 0001:0013e5d6       memset                     000000018013f5d6 f   MSVCRT:MSVCR100.dll
 0001:0013e5f0       __chkstk                   000000018013f5f0 f   MSVCRT:chkstk.obj
 0001:0013e5f0       _alloca_probe              000000018013f5f0     MSVCRT:chkstk.obj
 0001:0013e63e       free                       000000018013f63e f   MSVCRT:MSVCR100.dll
 0001:0013e644       sprintf                    000000018013f644 f   MSVCRT:MSVCR100.dll
 0001:0013e64a       malloc                     000000018013f64a f   MSVCRT:MSVCR100.dll
 0001:0013e650       strcat                     000000018013f650 f   MSVCRT:MSVCR100.dll
 0001:0013e656       memcpy                     000000018013f656 f   MSVCRT:MSVCR100.dll
 0001:0013e65c       NtCurrentTeb               000000018013f65c f i MSVCRT:crtdll.obj
 0001:0013e6c8       _CRT_INIT                  000000018013f6c8 f   MSVCRT:crtdll.obj
 0001:0013ea60       _DllMainCRTStartup         000000018013fa60 f   MSVCRT:crtdll.obj
 0001:0013eaa0       __report_gsfailure         000000018013faa0 f   MSVCRT:gs_report.obj
 0001:0013ebec       __clean_type_info_names    000000018013fbec f   MSVCRT:tncleanup.obj
 0001:0013ebf8       _onexit                    000000018013fbf8 f   MSVCRT:atonexit.obj
 0001:0013eca8       atexit                     000000018013fca8 f   MSVCRT:atonexit.obj
 0001:0013ecc0       _RTC_Initialize            000000018013fcc0 f   MSVCRT:_initsect_.obj
 0001:0013ecf8       _RTC_Terminate             000000018013fcf8 f   MSVCRT:_initsect_.obj
 0001:0013ed30       _malloc_crt                000000018013fd30 f   MSVCRT:MSVCR100.dll
 0001:0013ed40       _ValidateImageBase         000000018013fd40 f   MSVCRT:pesect.obj
 0001:0013ed70       _FindPESection             000000018013fd70 f   MSVCRT:pesect.obj
 0001:0013edc0       _IsNonwritableInCurrentImage 000000018013fdc0 f   MSVCRT:pesect.obj
 0001:0013ee02       _initterm                  000000018013fe02 f   MSVCRT:MSVCR100.dll
 0001:0013ee08       _initterm_e                000000018013fe08 f   MSVCRT:MSVCR100.dll
 0001:0013ee0e       _encoded_null              000000018013fe0e f   MSVCRT:MSVCR100.dll
 0001:0013ee14       _amsg_exit                 000000018013fe14 f   MSVCRT:MSVCR100.dll
 0001:0013ee1a       __C_specific_handler       000000018013fe1a f   MSVCRT:MSVCR100.dll
 0001:0013ee20       __CppXcptFilter            000000018013fe20 f   MSVCRT:MSVCR100.dll
 0001:0013ee28       DllMain                    000000018013fe28 f   MSVCRT:dllmain.obj
 0001:0013ee4c       __security_init_cookie     000000018013fe4c f   MSVCRT:gs_support.obj
 0001:0013ef00       __crt_debugger_hook        000000018013ff00 f   MSVCRT:MSVCR100.dll
 0001:0013ef06       __clean_type_info_names_internal 000000018013ff06 f   MSVCRT:MSVCR100.dll
 0001:0013ef0c       _unlock                    000000018013ff0c f   MSVCRT:MSVCR100.dll
 0001:0013ef12       __dllonexit                000000018013ff12 f   MSVCRT:MSVCR100.dll
 0001:0013ef18       _lock                      000000018013ff18 f   MSVCRT:MSVCR100.dll
 0001:0013ef1e       EncodePointer              000000018013ff1e f   kernel32:KERNEL32.dll
 0001:0013ef24       DecodePointer              000000018013ff24 f   kernel32:KERNEL32.dll
 0001:0013ef2a       Sleep                      000000018013ff2a f   kernel32:KERNEL32.dll
 0001:0013ef30       TerminateProcess           000000018013ff30 f   kernel32:KERNEL32.dll
 0001:0013ef36       GetCurrentProcess          000000018013ff36 f   kernel32:KERNEL32.dll
 0001:0013ef3c       UnhandledExceptionFilter   000000018013ff3c f   kernel32:KERNEL32.dll
 0001:0013ef42       SetUnhandledExceptionFilter 000000018013ff42 f   kernel32:KERNEL32.dll
 0001:0013ef48       IsDebuggerPresent          000000018013ff48 f   kernel32:KERNEL32.dll
 0001:0013ef4e       RtlVirtualUnwind           000000018013ff4e f   kernel32:KERNEL32.dll
 0001:0013ef54       RtlLookupFunctionEntry     000000018013ff54 f   kernel32:KERNEL32.dll
 0001:0013ef5a       RtlCaptureContext          000000018013ff5a f   kernel32:KERNEL32.dll
 0001:0013ef60       DisableThreadLibraryCalls  000000018013ff60 f   kernel32:KERNEL32.dll
 0001:0013ef66       QueryPerformanceCounter    000000018013ff66 f   kernel32:KERNEL32.dll
 0001:0013ef6c       GetTickCount               000000018013ff6c f   kernel32:KERNEL32.dll
 0001:0013ef72       GetCurrentThreadId         000000018013ff72 f   kernel32:KERNEL32.dll
 0001:0013ef78       GetCurrentProcessId        000000018013ff78 f   kernel32:KERNEL32.dll
 0001:0013ef7e       GetSystemTimeAsFileTime    000000018013ff7e f   kernel32:KERNEL32.dll
 0002:00000000       __imp_GetCurrentProcessId  0000000180141000     kernel32:KERNEL32.dll
 0002:00000008       __imp_GetCurrentThreadId   0000000180141008     kernel32:KERNEL32.dll
 0002:00000010       __imp_GetTickCount         0000000180141010     kernel32:KERNEL32.dll
 0002:00000018       __imp_QueryPerformanceCounter 0000000180141018     kernel32:KERNEL32.dll
 0002:00000020       __imp_DisableThreadLibraryCalls 0000000180141020     kernel32:KERNEL32.dll
 0002:00000028       __imp_RtlCaptureContext    0000000180141028     kernel32:KERNEL32.dll
 0002:00000030       __imp_RtlLookupFunctionEntry 0000000180141030     kernel32:KERNEL32.dll
 0002:00000038       __imp_RtlVirtualUnwind     0000000180141038     kernel32:KERNEL32.dll
 0002:00000040       __imp_IsDebuggerPresent    0000000180141040     kernel32:KERNEL32.dll
 0002:00000048       __imp_SetUnhandledExceptionFilter 0000000180141048     kernel32:KERNEL32.dll
 0002:00000050       __imp_UnhandledExceptionFilter 0000000180141050     kernel32:KERNEL32.dll
 0002:00000058       __imp_GetCurrentProcess    0000000180141058     kernel32:KERNEL32.dll
 0002:00000060       __imp_TerminateProcess     0000000180141060     kernel32:KERNEL32.dll
 0002:00000068       __imp_Sleep                0000000180141068     kernel32:KERNEL32.dll
 0002:00000070       __imp_DecodePointer        0000000180141070     kernel32:KERNEL32.dll
 0002:00000078       __imp_EncodePointer        0000000180141078     kernel32:KERNEL32.dll
 0002:00000080       __imp_GetSystemTimeAsFileTime 0000000180141080     kernel32:KERNEL32.dll
 0002:00000088       \177KERNEL32_NULL_THUNK_DATA 0000000180141088     kernel32:KERNEL32.dll
 0002:00000090       __imp__onexit              0000000180141090     MSVCRT:MSVCR100.dll
 0002:00000098       __imp__lock                0000000180141098     MSVCRT:MSVCR100.dll
 0002:000000a0       __imp___dllonexit          00000001801410a0     MSVCRT:MSVCR100.dll
 0002:000000a8       __imp__unlock              00000001801410a8     MSVCRT:MSVCR100.dll
 0002:000000b0       __imp___clean_type_info_names_internal 00000001801410b0     MSVCRT:MSVCR100.dll
 0002:000000b8       __imp___crt_debugger_hook  00000001801410b8     MSVCRT:MSVCR100.dll
 0002:000000c0       __imp___CppXcptFilter      00000001801410c0     MSVCRT:MSVCR100.dll
 0002:000000c8       __imp___C_specific_handler 00000001801410c8     MSVCRT:MSVCR100.dll
 0002:000000d0       __imp__amsg_exit           00000001801410d0     MSVCRT:MSVCR100.dll
 0002:000000d8       __imp__encoded_null        00000001801410d8     MSVCRT:MSVCR100.dll
 0002:000000e0       __imp__initterm_e          00000001801410e0     MSVCRT:MSVCR100.dll
 0002:000000e8       __imp__initterm            00000001801410e8     MSVCRT:MSVCR100.dll
 0002:000000f0       __imp__malloc_crt          00000001801410f0     MSVCRT:MSVCR100.dll
 0002:000000f8       __imp_memcpy               00000001801410f8     MSVCRT:MSVCR100.dll
 0002:00000100       __imp_strcat               0000000180141100     MSVCRT:MSVCR100.dll
 0002:00000108       __imp_malloc               0000000180141108     MSVCRT:MSVCR100.dll
 0002:00000110       __imp_sprintf              0000000180141110     MSVCRT:MSVCR100.dll
 0002:00000118       __imp_free                 0000000180141118     MSVCRT:MSVCR100.dll
 0002:00000120       __imp_memset               0000000180141120     MSVCRT:MSVCR100.dll
 0002:00000128       __imp_strlen               0000000180141128     MSVCRT:MSVCR100.dll
 0002:00000130       __imp_strcmp               0000000180141130     MSVCRT:MSVCR100.dll
 0002:00000138       \177MSVCR100_NULL_THUNK_DATA 0000000180141138     MSVCRT:MSVCR100.dll
 0002:00000140       __imp_mexLock              0000000180141140     libmex:libmex.dll
 0002:00000148       __imp_mexUnlock            0000000180141148     libmex:libmex.dll
 0002:00000150       __imp_mexIsLocked          0000000180141150     libmex:libmex.dll
 0002:00000158       __imp_mexWarnMsgTxt        0000000180141158     libmex:libmex.dll
 0002:00000160       __imp_mexCallMATLABWithObject 0000000180141160     libmex:libmex.dll
 0002:00000168       __imp_mexErrMsgTxt         0000000180141168     libmex:libmex.dll
 0002:00000170       __imp_mexMakeArrayPersistent 0000000180141170     libmex:libmex.dll
 0002:00000178       \177libmex_NULL_THUNK_DATA 0000000180141178     libmex:libmex.dll
 0002:00000180       __imp_muDoubleScalarPower  0000000180141180     libmwmathutil:libmwmathutil.dll
 0002:00000188       __imp_muDoubleScalarFloor  0000000180141188     libmwmathutil:libmwmathutil.dll
 0002:00000190       __imp_muDoubleScalarSqrt   0000000180141190     libmwmathutil:libmwmathutil.dll
 0002:00000198       __imp_muDoubleScalarIsNaN  0000000180141198     libmwmathutil:libmwmathutil.dll
 0002:000001a0       __imp_muDoubleScalarAbs    00000001801411a0     libmwmathutil:libmwmathutil.dll
 0002:000001a8       \177libmwmathutil_NULL_THUNK_DATA 00000001801411a8     libmwmathutil:libmwmathutil.dll
 0002:000001b0       __imp_mxCalloc             00000001801411b0     libmx:libmx.dll
 0002:000001b8       __imp_mxGetM               00000001801411b8     libmx:libmx.dll
 0002:000001c0       __imp_mxGetN               00000001801411c0     libmx:libmx.dll
 0002:000001c8       __imp_mxIsComplex          00000001801411c8     libmx:libmx.dll
 0002:000001d0       __imp_mxIsNumeric          00000001801411d0     libmx:libmx.dll
 0002:000001d8       __imp_mxGetClassID         00000001801411d8     libmx:libmx.dll
 0002:000001e0       __imp_mxGetNaN             00000001801411e0     libmx:libmx.dll
 0002:000001e8       __imp_mxCreateStructArray_730 00000001801411e8     libmx:libmx.dll
 0002:000001f0       __imp_mxCreateCellArray_730 00000001801411f0     libmx:libmx.dll
 0002:000001f8       __imp_mxCreateCellMatrix_730 00000001801411f8     libmx:libmx.dll
 0002:00000200       __imp_mxCreateStructMatrix_730 0000000180141200     libmx:libmx.dll
 0002:00000208       __imp_mxCreateString       0000000180141208     libmx:libmx.dll
 0002:00000210       __imp_mxSetField_730       0000000180141210     libmx:libmx.dll
 0002:00000218       __imp_mxDuplicateArray     0000000180141218     libmx:libmx.dll
 0002:00000220       __imp_mxDestroyArray       0000000180141220     libmx:libmx.dll
 0002:00000228       __imp_mxIsChar             0000000180141228     libmx:libmx.dll
 0002:00000230       __imp_mxGetString_730      0000000180141230     libmx:libmx.dll
 0002:00000238       __imp_mxCreateDoubleMatrix_730 0000000180141238     libmx:libmx.dll
 0002:00000240       __imp_mxGetPr              0000000180141240     libmx:libmx.dll
 0002:00000248       __imp_mxGetScalar          0000000180141248     libmx:libmx.dll
 0002:00000250       __imp_mxCreateLogicalScalar 0000000180141250     libmx:libmx.dll
 0002:00000258       __imp_mxCreateDoubleScalar 0000000180141258     libmx:libmx.dll
 0002:00000260       \177libmx_NULL_THUNK_DATA  0000000180141260     libmx:libmx.dll
 0002:00000268       __imp_utMalloc             0000000180141268     libut:libut.dll
 0002:00000270       __imp_utFree               0000000180141270     libut:libut.dll
 0002:00000278       \177libut_NULL_THUNK_DATA  0000000180141278     libut:libut.dll
 0002:00000280       __imp_callMdlMethodAndReportError 0000000180141280     sf_runtime:sf_runtime.dll
 0002:00000288       __imp_sf_debug_api         0000000180141288     sf_runtime:sf_runtime.dll
 0002:00000290       __imp_sf_debug_create_debug_instance_struct 0000000180141290     sf_runtime:sf_runtime.dll
 0002:00000298       __imp_sf_debug_terminate   0000000180141298     sf_runtime:sf_runtime.dll
 0002:000002a0       __imp_sf_debug_symbol_switch 00000001801412a0     sf_runtime:sf_runtime.dll
 0002:000002a8       __imp_sf_debug_eml_data_array_bounds_error_check 00000001801412a8     sf_runtime:sf_runtime.dll
 0002:000002b0       __imp_cv_eml_init_if       00000001801412b0     sf_runtime:sf_runtime.dll
 0002:000002b8       __imp_cv_eml_init_while    00000001801412b8     sf_runtime:sf_runtime.dll
 0002:000002c0       __imp_cv_eml_init_relational 00000001801412c0     sf_runtime:sf_runtime.dll
 0002:000002c8       __imp_sf_is_chart_inlinable 00000001801412c8     sf_runtime:sf_runtime.dll
 0002:000002d0       __imp_sf_clear_rtw_identifier 00000001801412d0     sf_runtime:sf_runtime.dll
 0002:000002d8       __imp_sf_mex_getcell       00000001801412d8     sf_runtime:sf_runtime.dll
 0002:000002e0       __imp_sf_mex_setcell       00000001801412e0     sf_runtime:sf_runtime.dll
 0002:000002e8       __imp_sf_mex_call_debug    00000001801412e8     sf_runtime:sf_runtime.dll
 0002:000002f0       __imp_cv_eval_relational   00000001801412f0     sf_runtime:sf_runtime.dll
 0002:000002f8       __imp_sf_mex_error_direct_call 00000001801412f8     sf_runtime:sf_runtime.dll
 0002:00000300       __imp_sf_mex_listen_for_ctrl_c 0000000180141300     sf_runtime:sf_runtime.dll
 0002:00000308       __imp_sf_debug_symbol_scope_push 0000000180141308     sf_runtime:sf_runtime.dll
 0002:00000310       __imp_sf_debug_call        0000000180141310     sf_runtime:sf_runtime.dll
 0002:00000318       __imp_sf_debug_symbol_scope_push_eml 0000000180141318     sf_runtime:sf_runtime.dll
 0002:00000320       __imp_sf_debug_symbol_scope_add_eml 0000000180141320     sf_runtime:sf_runtime.dll
 0002:00000328       __imp_sf_debug_symbol_scope_add_eml_importable 0000000180141328     sf_runtime:sf_runtime.dll
 0002:00000330       __imp_cv_eml_eval          0000000180141330     sf_runtime:sf_runtime.dll
 0002:00000338       __imp_eml_debug_line_call  0000000180141338     sf_runtime:sf_runtime.dll
 0002:00000340       __imp_cv_script_eval       0000000180141340     sf_runtime:sf_runtime.dll
 0002:00000348       __imp_sf_debug_symbol_scope_pop 0000000180141348     sf_runtime:sf_runtime.dll
 0002:00000350       __imp_sf_debug_check_for_state_inconsistency 0000000180141350     sf_runtime:sf_runtime.dll
 0002:00000358       __imp_sf_debug_data_range_wrapper 0000000180141358     sf_runtime:sf_runtime.dll
 0002:00000360       __imp_sf_get_time          0000000180141360     sf_runtime:sf_runtime.dll
 0002:00000368       __imp_sf_mex_import        0000000180141368     sf_runtime:sf_runtime.dll
 0002:00000370       __imp_sf_mex_dup           0000000180141370     sf_runtime:sf_runtime.dll
 0002:00000378       __imp_sf_debug_get_script_id 0000000180141378     sf_runtime:sf_runtime.dll
 0002:00000380       __imp_sf_clear_error_manager_info 0000000180141380     sf_runtime:sf_runtime.dll
 0002:00000388       __imp_sf_debug_integer_check 0000000180141388     sf_runtime:sf_runtime.dll
 0002:00000390       __imp_call_sf_machine_global_method_dispatcher 0000000180141390     sf_runtime:sf_runtime.dll
 0002:00000398       __imp_sf_debug_set_script_translation 0000000180141398     sf_runtime:sf_runtime.dll
 0002:000003a0       __imp_sf_debug_initialize_chart 00000001801413a0     sf_runtime:sf_runtime.dll
 0002:000003a8       __imp_sf_debug_set_chart_disable_implicit_casting 00000001801413a8     sf_runtime:sf_runtime.dll
 0002:000003b0       __imp_sf_debug_set_chart_event_thresholds 00000001801413b0     sf_runtime:sf_runtime.dll
 0002:000003b8       __imp_sf_debug_set_chart_data_props 00000001801413b8     sf_runtime:sf_runtime.dll
 0002:000003c0       __imp_sf_debug_set_chart_state_info 00000001801413c0     sf_runtime:sf_runtime.dll
 0002:000003c8       __imp_sf_debug_set_chart_substate_count 00000001801413c8     sf_runtime:sf_runtime.dll
 0002:000003d0       __imp_sf_debug_set_chart_decomposition 00000001801413d0     sf_runtime:sf_runtime.dll
 0002:000003d8       __imp_sf_debug_cv_init_chart 00000001801413d8     sf_runtime:sf_runtime.dll
 0002:000003e0       __imp_sf_debug_cv_init_state 00000001801413e0     sf_runtime:sf_runtime.dll
 0002:000003e8       __imp_sf_debug_cv_init_trans 00000001801413e8     sf_runtime:sf_runtime.dll
 0002:000003f0       __imp_cv_eml_init_script   00000001801413f0     sf_runtime:sf_runtime.dll
 0002:000003f8       __imp_cv_eml_init_fcn      00000001801413f8     sf_runtime:sf_runtime.dll
 0002:00000400       __imp_cv_script_init_script 0000000180141400     sf_runtime:sf_runtime.dll
 0002:00000408       __imp_cv_script_init_fcn   0000000180141408     sf_runtime:sf_runtime.dll
 0002:00000410       __imp_cv_script_init_if    0000000180141410     sf_runtime:sf_runtime.dll
 0002:00000418       __imp_cv_script_init_while 0000000180141418     sf_runtime:sf_runtime.dll
 0002:00000420       __imp_cv_script_init_switch 0000000180141420     sf_runtime:sf_runtime.dll
 0002:00000428       __imp_cv_script_init_relational 0000000180141428     sf_runtime:sf_runtime.dll
 0002:00000430       __imp_sf_debug_set_chart_data_compiled_props 0000000180141430     sf_runtime:sf_runtime.dll
 0002:00000438       __imp_sf_debug_set_instance_data_value_ptr 0000000180141438     sf_runtime:sf_runtime.dll
 0002:00000440       __imp_sf_debug_reset_current_state_configuration 0000000180141440     sf_runtime:sf_runtime.dll
 0002:00000448       __imp_sf_mex_decode_encoded_mx_struct_array 0000000180141448     sf_runtime:sf_runtime.dll
 0002:00000450       __imp_ssGetOutputPortSignal_wrapper 0000000180141450     sf_runtime:sf_runtime.dll
 0002:00000458       __imp_ssGetInputPortSignal_wrapper 0000000180141458     sf_runtime:sf_runtime.dll
 0002:00000460       __imp_sim_mode_is_rtw_gen  0000000180141460     sf_runtime:sf_runtime.dll
 0002:00000468       __imp_sim_mode_is_external 0000000180141468     sf_runtime:sf_runtime.dll
 0002:00000470       __imp_sf_rtw_info_uint_prop 0000000180141470     sf_runtime:sf_runtime.dll
 0002:00000478       __imp_sf_update_buildInfo  0000000180141478     sf_runtime:sf_runtime.dll
 0002:00000480       __imp_sf_mark_chart_expressionable_inputs 0000000180141480     sf_runtime:sf_runtime.dll
 0002:00000488       __imp_sf_mark_chart_reusable_outputs 0000000180141488     sf_runtime:sf_runtime.dll
 0002:00000490       __imp_sf_set_rtw_dwork_info 0000000180141490     sf_runtime:sf_runtime.dll
 0002:00000498       __imp_sf_mex_error_message 0000000180141498     sf_runtime:sf_runtime.dll
 0002:000004a0       __imp_sf_mex_create        00000001801414a0     sf_runtime:sf_runtime.dll
 0002:000004a8       __imp_sf_mex_addfield      00000001801414a8     sf_runtime:sf_runtime.dll
 0002:000004b0       __imp_sf_mex_createcellmatrix 00000001801414b0     sf_runtime:sf_runtime.dll
 0002:000004b8       __imp_sf_mex_duplicatearraysafe 00000001801414b8     sf_runtime:sf_runtime.dll
 0002:000004c0       __imp_sf_mex_destroy       00000001801414c0     sf_runtime:sf_runtime.dll
 0002:000004c8       __imp_sf_mex_createstruct  00000001801414c8     sf_runtime:sf_runtime.dll
 0002:000004d0       __imp_sf_mex_assign        00000001801414d0     sf_runtime:sf_runtime.dll
 0002:000004d8       __imp_sf_mex_emlrtNameCapturePostProcessR2012a 00000001801414d8     sf_runtime:sf_runtime.dll
 0002:000004e0       __imp_sf_load_rtw_optimization_info 00000001801414e0     sf_runtime:sf_runtime.dll
 0002:000004e8       __imp_sf_debug_initialize_machine 00000001801414e8     sf_runtime:sf_runtime.dll
 0002:000004f0       __imp_sf_debug_set_machine_event_thresholds 00000001801414f0     sf_runtime:sf_runtime.dll
 0002:000004f8       __imp_sf_debug_set_machine_data_thresholds 00000001801414f8     sf_runtime:sf_runtime.dll
 0002:00000500       \177sf_runtime_NULL_THUNK_DATA 0000000180141500     sf_runtime:sf_runtime.dll
 0002:00000508       __xc_a                     0000000180141508     MSVCRT:cinitexe.obj
 0002:00000510       __xc_z                     0000000180141510     MSVCRT:cinitexe.obj
 0002:00000518       __xi_a                     0000000180141518     MSVCRT:cinitexe.obj
 0002:00000528       __xi_z                     0000000180141528     MSVCRT:cinitexe.obj
 0002:00000530       __real@41e0fcb3bd000000    0000000180141530     GTF_EnginePath_TwoSpool_sfun.obj
 0002:00000538       __real@41ed748c07c00000    0000000180141538     GTF_EnginePath_TwoSpool_sfun.obj
 0002:00000540       __real@41e4a6d75e800000    0000000180141540     GTF_EnginePath_TwoSpool_sfun.obj
 0002:00000548       __real@41ddcd77efc00000    0000000180141548     GTF_EnginePath_TwoSpool_sfun.obj
 0002:00000550       __real@41e1914a24400000    0000000180141550     GTF_EnginePath_TwoSpool_sfun.obj
 0002:00000558       __real@41ead1319ec00000    0000000180141558     GTF_EnginePath_TwoSpool_sfun.obj
 0002:00000560       __real@41ddae3573400000    0000000180141560     GTF_EnginePath_TwoSpool_sfun.obj
 0002:00000568       __real@41e6cf0aa2400000    0000000180141568     GTF_EnginePath_TwoSpool_sfun.obj
 0002:00000570       __real@41e73fcd3e600000    0000000180141570     GTF_EnginePath_TwoSpool_sfun.obj
 0002:00000578       __real@41e499d554600000    0000000180141578     GTF_EnginePath_TwoSpool_sfun.obj
 0002:00000580       __real@41e94cefa0200000    0000000180141580     GTF_EnginePath_TwoSpool_sfun.obj
 0002:00000588       __real@41e185973a000000    0000000180141588     GTF_EnginePath_TwoSpool_sfun.obj
 0002:00000590       __real@41d96675e3c00000    0000000180141590     GTF_EnginePath_TwoSpool_sfun.obj
 0002:00000598       __real@41e565f506a00000    0000000180141598     GTF_EnginePath_TwoSpool_sfun.obj
 0002:000005a0       __real@41edd51e5b600000    00000001801415a0     GTF_EnginePath_TwoSpool_sfun.obj
 0002:000005a8       __real@41d1738ff8c00000    00000001801415a8     GTF_EnginePath_TwoSpool_sfun.obj
 0002:000005b0       __real@41e0a3d271e00000    00000001801415b0     c1_GTF_EnginePath_TwoSpool.obj
 0002:000005b8       __real@41e35a977ea00000    00000001801415b8     c1_GTF_EnginePath_TwoSpool.obj
 0002:000005c0       __real@41e5afd019600000    00000001801415c0     c1_GTF_EnginePath_TwoSpool.obj
 0002:000005c8       __real@41eb709c7c200000    00000001801415c8     c1_GTF_EnginePath_TwoSpool.obj
 0002:000005d0       __real@4024000000000000    00000001801415d0     c1_GTF_EnginePath_TwoSpool.obj
 0002:000005d8       __real@3ff0000000000000    00000001801415d8     c1_GTF_EnginePath_TwoSpool.obj
 0002:000005e0       __real@4010000000000000    00000001801415e0     c1_GTF_EnginePath_TwoSpool.obj
 0002:000005e8       __real@4008000000000000    00000001801415e8     c1_GTF_EnginePath_TwoSpool.obj
 0002:000005f0       __real@3fb2e5a5ae1c54ed    00000001801415f0     c1_GTF_EnginePath_TwoSpool.obj
 0002:000005f8       __real@3f5415a45fa3dd1d    00000001801415f8     c1_GTF_EnginePath_TwoSpool.obj
 0002:00000600       __real@3eb71afc8752da77    0000000180141600     c1_GTF_EnginePath_TwoSpool.obj
 0002:00000608       __real@3e112045826ffe93    0000000180141608     c1_GTF_EnginePath_TwoSpool.obj
 0002:00000610       __real@3d5d9740e23e4002    0000000180141610     c1_GTF_EnginePath_TwoSpool.obj
 0002:00000618       __real@3c9d6fccb8c461b8    0000000180141618     c1_GTF_EnginePath_TwoSpool.obj
 0002:00000620       __real@3bcf7ceaabc527b7    0000000180141620     c1_GTF_EnginePath_TwoSpool.obj
 0002:00000628       __real@3aec1dc03504ea99    0000000180141628     c1_GTF_EnginePath_TwoSpool.obj
 0002:00000630       __real@3fd00348fff91f10    0000000180141630     c1_GTF_EnginePath_TwoSpool.obj
 0002:00000638       __real@3f0b0529adc21e82    0000000180141638     c1_GTF_EnginePath_TwoSpool.obj
 0002:00000640       __real@3e719676fcbc2fef    0000000180141640     c1_GTF_EnginePath_TwoSpool.obj
 0002:00000648       __real@3d9d8b9cdbbe67e5    0000000180141648     c1_GTF_EnginePath_TwoSpool.obj
 0002:00000650       __real@3d11086c7cfbab68    0000000180141650     c1_GTF_EnginePath_TwoSpool.obj
 0002:00000658       __real@3c6192fc1b7b50fa    0000000180141658     c1_GTF_EnginePath_TwoSpool.obj
 0002:00000660       __real@3b9b70b705bf3731    0000000180141660     c1_GTF_EnginePath_TwoSpool.obj
 0002:00000668       __real@3abf4e5b41a4d24c    0000000180141668     c1_GTF_EnginePath_TwoSpool.obj
 0002:00000670       __real@40af400000000000    0000000180141670     c1_GTF_EnginePath_TwoSpool.obj
 0002:00000678       __real@4072c00000000000    0000000180141678     c1_GTF_EnginePath_TwoSpool.obj
 0002:00000680       __real@4014000000000000    0000000180141680     c1_GTF_EnginePath_TwoSpool.obj
 0002:00000688       __real@4022000000000000    0000000180141688     c1_GTF_EnginePath_TwoSpool.obj
 0002:00000690       __real@4000000000000000    0000000180141690     c1_GTF_EnginePath_TwoSpool.obj
 0002:00000698       __real@3e7ad7f29abcaf48    0000000180141698     c1_GTF_EnginePath_TwoSpool.obj
 0002:000006a0       __real@4092c00000000000    00000001801416a0     c1_GTF_EnginePath_TwoSpool.obj
 0002:000006a8       __real@4091300000000000    00000001801416a8     c1_GTF_EnginePath_TwoSpool.obj
 0002:000006b0       __real@0000000000000000    00000001801416b0     c1_GTF_EnginePath_TwoSpool.obj
 0002:000006b8       __real@3fb14fbdad7518b1    00000001801416b8     c1_GTF_EnginePath_TwoSpool.obj
 0002:000006c0       __real@40b059c43fe5c91d    00000001801416c0     c1_GTF_EnginePath_TwoSpool.obj
 0002:000006c8       __real@3fffc83126e978d5    00000001801416c8     c1_GTF_EnginePath_TwoSpool.obj
 0002:000006d0       __real@403cf851eb851eb8    00000001801416d0     c1_GTF_EnginePath_TwoSpool.obj
 0002:000006d8       __real@3fee4727dcbddb98    00000001801416d8     c1_GTF_EnginePath_TwoSpool.obj
 0002:000006e0       __real@403e94df266ba494    00000001801416e0     c1_GTF_EnginePath_TwoSpool.obj
 0002:000006e8       __real@3f4415a45fa3dd1d    00000001801416e8     c1_GTF_EnginePath_TwoSpool.obj
 0002:000006f0       __real@3e9ecea5d5390dba    00000001801416f0     c1_GTF_EnginePath_TwoSpool.obj
 0002:000006f8       __real@3df120457f8e1fea    00000001801416f8     c1_GTF_EnginePath_TwoSpool.obj
 0002:00000700       __real@3d37ac33e831ccce    0000000180141700     c1_GTF_EnginePath_TwoSpool.obj
 0002:00000708       __real@3c739fde10fcc9d0    0000000180141708     c1_GTF_EnginePath_TwoSpool.obj
 0002:00000710       __real@3ba1fe3ca0af4171    0000000180141710     c1_GTF_EnginePath_TwoSpool.obj
 0002:00000718       __real@3abc1dc0379d87c8    0000000180141718     c1_GTF_EnginePath_TwoSpool.obj
 0002:00000720       __real@40029a78e4ee2bc2    0000000180141720     c1_GTF_EnginePath_TwoSpool.obj
 0002:00000728       __real@3ffc181ea506b526    0000000180141728     c1_GTF_EnginePath_TwoSpool.obj
 0002:00000730       __real@3efb0529b68deb43    0000000180141730     c1_GTF_EnginePath_TwoSpool.obj
 0002:00000738       __real@3e57734920f11642    0000000180141738     c1_GTF_EnginePath_TwoSpool.obj
 0002:00000740       __real@3d7d8b9cdbbe67e5    0000000180141740     c1_GTF_EnginePath_TwoSpool.obj
 0002:00000748       __real@3ceb40ad94c5df0d    0000000180141748     c1_GTF_EnginePath_TwoSpool.obj
 0002:00000750       __real@3c376ea5bd07db62    0000000180141750     c1_GTF_EnginePath_TwoSpool.obj
 0002:00000758       __real@3b6f5c3e3b6417f8    0000000180141758     c1_GTF_EnginePath_TwoSpool.obj
 0002:00000760       __real@3a8f4e5b41a4d24c    0000000180141760     c1_GTF_EnginePath_TwoSpool.obj
 0002:00000768       __real@41eb2a269b000000    0000000180141768     c2_GTF_EnginePath_TwoSpool.obj
 0002:00000770       __real@41d14fac08000000    0000000180141770     c2_GTF_EnginePath_TwoSpool.obj
 0002:00000778       __real@41e22dcda1c00000    0000000180141778     c2_GTF_EnginePath_TwoSpool.obj
 0002:00000780       __real@41eca4afbc000000    0000000180141780     c2_GTF_EnginePath_TwoSpool.obj
 0002:00000788       __real@41e4379ff6200000    0000000180141788     c3_GTF_EnginePath_TwoSpool.obj
 0002:00000790       __real@41c39e2a6d000000    0000000180141790     c3_GTF_EnginePath_TwoSpool.obj
 0002:00000798       __real@41bdcd2945000000    0000000180141798     c3_GTF_EnginePath_TwoSpool.obj
 0002:000007a0       __real@41ee444bb9e00000    00000001801417a0     c3_GTF_EnginePath_TwoSpool.obj
 0002:000007a8       __real@41c4ed0b26000000    00000001801417a8     c4_GTF_EnginePath_TwoSpool.obj
 0002:000007b0       __real@41bc7ef658000000    00000001801417b0     c4_GTF_EnginePath_TwoSpool.obj
 0002:000007b8       __real@41e53e6716c00000    00000001801417b8     c4_GTF_EnginePath_TwoSpool.obj
 0002:000007c0       __real@41eae2a0fee00000    00000001801417c0     c4_GTF_EnginePath_TwoSpool.obj
 0002:000007c8       __real@3fe5555555555555    00000001801417c8     c4_GTF_EnginePath_TwoSpool.obj
 0002:000007d0       __real@3fd5555555555555    00000001801417d0     c4_GTF_EnginePath_TwoSpool.obj
 0002:000007d8       __real@3f947ae147ae147b    00000001801417d8     c4_GTF_EnginePath_TwoSpool.obj
 0002:000007e0       __real@3f847ae147ae147b    00000001801417e0     c4_GTF_EnginePath_TwoSpool.obj
 0002:000007e8       __real@3faeb851eb851eb8    00000001801417e8     c4_GTF_EnginePath_TwoSpool.obj
 0002:000007f0       __real@3fa999999999999a    00000001801417f0     c4_GTF_EnginePath_TwoSpool.obj
 0002:000007f8       __real@4018000000000000    00000001801417f8     c4_GTF_EnginePath_TwoSpool.obj
 0002:00000800       __real@41ed9fee09a00000    0000000180141800     c5_GTF_EnginePath_TwoSpool.obj
 0002:00000808       __real@41d4cad11c800000    0000000180141808     c5_GTF_EnginePath_TwoSpool.obj
 0002:00000810       __real@41e5aef8e2000000    0000000180141810     c5_GTF_EnginePath_TwoSpool.obj
 0002:00000818       __real@41d2223848000000    0000000180141818     c5_GTF_EnginePath_TwoSpool.obj
 0002:00000820       __real@3e112e0be826d695    0000000180141820     c5_GTF_EnginePath_TwoSpool.obj
 0002:00000828       __real@40a7700000000000    0000000180141828     c5_GTF_EnginePath_TwoSpool.obj
 0002:00000830       __real@3f50624dd2f1a9fc    0000000180141830     c5_GTF_EnginePath_TwoSpool.obj
 0002:00000838       __real@3fe0000000000000    0000000180141838     c5_GTF_EnginePath_TwoSpool.obj
 0002:00000840       __real@4071f80000000000    0000000180141840     c5_GTF_EnginePath_TwoSpool.obj
 0002:00000848       __real@3ff586903c9c088c    0000000180141848     c5_GTF_EnginePath_TwoSpool.obj
 0002:00000850       __real@3fef333333333333    0000000180141850     c5_GTF_EnginePath_TwoSpool.obj
 0002:00000858       __real@401c000000000000    0000000180141858     c5_GTF_EnginePath_TwoSpool.obj
 0002:00000860       __real@bf700d5e8d5410f9    0000000180141860     c5_GTF_EnginePath_TwoSpool.obj
 0002:00000868       __real@bfb4f5a1016ce78a    0000000180141868     c5_GTF_EnginePath_TwoSpool.obj
 0002:00000870       __real@408f400000000000    0000000180141870     c5_GTF_EnginePath_TwoSpool.obj
 0002:00000878       __real@3f84467381d7dbf5    0000000180141878     c5_GTF_EnginePath_TwoSpool.obj
 0002:00000880       __real@41ebc91e57600000    0000000180141880     c6_GTF_EnginePath_TwoSpool.obj
 0002:00000888       __real@41e6cc97eb800000    0000000180141888     c6_GTF_EnginePath_TwoSpool.obj
 0002:00000890       __real@41e5bb8553800000    0000000180141890     c6_GTF_EnginePath_TwoSpool.obj
 0002:00000898       __real@41ece661ca600000    0000000180141898     c6_GTF_EnginePath_TwoSpool.obj
 0002:000008a0       __real@4072026666666666    00000001801418a0     c6_GTF_EnginePath_TwoSpool.obj
 0002:000008a8       __real@3ee4f8b588e368f1    00000001801418a8     c6_GTF_EnginePath_TwoSpool.obj
 0002:000008b0       __real@3fefffeb074a771d    00000001801418b0     c6_GTF_EnginePath_TwoSpool.obj
 0002:000008b8       __real@3ff014afd6a052bf    00000001801418b8     c6_GTF_EnginePath_TwoSpool.obj
 0002:000008c0       __real@4091e04ccccccccd    00000001801418c0     c6_GTF_EnginePath_TwoSpool.obj
 0002:000008c8       __real@3f2302bc1cfc3a23    00000001801418c8     c6_GTF_EnginePath_TwoSpool.obj
 0002:000008d0       __real@4069000000000000    00000001801418d0     c6_GTF_EnginePath_TwoSpool.obj
 0002:000008d8       __real@4099000000000000    00000001801418d8     c6_GTF_EnginePath_TwoSpool.obj
 0002:000008e0       __real@40a9000000000000    00000001801418e0     c6_GTF_EnginePath_TwoSpool.obj
 0002:000008e8       __real@4079000000000000    00000001801418e8     c6_GTF_EnginePath_TwoSpool.obj
 0002:000008f0       __real@4085e00000000000    00000001801418f0     c6_GTF_EnginePath_TwoSpool.obj
 0002:000008f8       __real@4095e00000000000    00000001801418f8     c6_GTF_EnginePath_TwoSpool.obj
 0002:00000900       __real@4023a5604189374c    0000000180141900     c6_GTF_EnginePath_TwoSpool.obj
 0002:00000908       __real@4033a5604189374c    0000000180141908     c6_GTF_EnginePath_TwoSpool.obj
 0002:00000910       __real@41d582ebe5000000    0000000180141910     c7_GTF_EnginePath_TwoSpool.obj
 0002:00000918       __real@41da2ade16c00000    0000000180141918     c7_GTF_EnginePath_TwoSpool.obj
 0002:00000920       __real@41e00b6b26600000    0000000180141920     c7_GTF_EnginePath_TwoSpool.obj
 0002:00000928       __real@41ccc023a7800000    0000000180141928     c7_GTF_EnginePath_TwoSpool.obj
 0002:00000930       __real@3d719799812dea11    0000000180141930     c7_GTF_EnginePath_TwoSpool.obj
 0002:00000938       __real@409f400000000000    0000000180141938     c7_GTF_EnginePath_TwoSpool.obj
 0002:00000940       __real@41de2cff7bc00000    0000000180141940     c8_GTF_EnginePath_TwoSpool.obj
 0002:00000948       __real@41e86731eca00000    0000000180141948     c8_GTF_EnginePath_TwoSpool.obj
 0002:00000950       __real@41e433081fa00000    0000000180141950     c8_GTF_EnginePath_TwoSpool.obj
 0002:00000958       __real@4191516738000000    0000000180141958     c8_GTF_EnginePath_TwoSpool.obj
 0002:00000960       __real@41ab4ec008000000    0000000180141960     c9_GTF_EnginePath_TwoSpool.obj
 0002:00000968       __real@417b31ab70000000    0000000180141968     c9_GTF_EnginePath_TwoSpool.obj
 0002:00000970       __real@41c370a53f000000    0000000180141970     c9_GTF_EnginePath_TwoSpool.obj
 0002:00000978       __real@41d5caeb20800000    0000000180141978     c9_GTF_EnginePath_TwoSpool.obj
 0002:00000980       __real@40b3880000000000    0000000180141980     c9_GTF_EnginePath_TwoSpool.obj
 0002:00000988       __real@41e83831d6200000    0000000180141988     c15_GTF_EnginePath_TwoSpool.obj
 0002:00000990       __real@41d1d1f70f000000    0000000180141990     c15_GTF_EnginePath_TwoSpool.obj
 0002:00000998       __real@41c973c596000000    0000000180141998     c15_GTF_EnginePath_TwoSpool.obj
 0002:000009a0       __real@41b2e5567a000000    00000001801419a0     c15_GTF_EnginePath_TwoSpool.obj
 0002:000009a8       __real@3fb70110a137f38c    00000001801419a8     c15_GTF_EnginePath_TwoSpool.obj
 0002:000009b0       __real@3fec641b328b6d87    00000001801419b0     c15_GTF_EnginePath_TwoSpool.obj
 0002:000009b8       __real@3fc5fa43fe5c91d1    00000001801419b8     c15_GTF_EnginePath_TwoSpool.obj
 0002:000009c0       __real@3fefae147ae147ae    00000001801419c0     c15_GTF_EnginePath_TwoSpool.obj
 0002:000009c8       __real@4198189814000000    00000001801419c8     c16_GTF_EnginePath_TwoSpool.obj
 0002:000009d0       __real@41e0080727200000    00000001801419d0     c16_GTF_EnginePath_TwoSpool.obj
 0002:000009d8       __real@41e96667e3000000    00000001801419d8     c16_GTF_EnginePath_TwoSpool.obj
 0002:000009e0       __real@41e5cf01e4600000    00000001801419e0     c16_GTF_EnginePath_TwoSpool.obj
 0002:000009e8       __real@41ca10aefa000000    00000001801419e8     c76_GTF_EnginePath_TwoSpool.obj
 0002:000009f0       __real@41aa188b16000000    00000001801419f0     c76_GTF_EnginePath_TwoSpool.obj
 0002:000009f8       __real@41c471dbf7000000    00000001801419f8     c76_GTF_EnginePath_TwoSpool.obj
 0002:00000a00       __real@41bcef9e1f000000    0000000180141a00     c76_GTF_EnginePath_TwoSpool.obj
 0002:00000a08       __real@3fdd1745d1745d17    0000000180141a08     c76_GTF_EnginePath_TwoSpool.obj
 0002:00000a10       __real@41e4d45273600000    0000000180141a10     c77_GTF_EnginePath_TwoSpool.obj
 0002:00000a18       __real@41eb164a68800000    0000000180141a18     c77_GTF_EnginePath_TwoSpool.obj
 0002:00000a20       __real@41e812904dc00000    0000000180141a20     c77_GTF_EnginePath_TwoSpool.obj
 0002:00000a28       __real@41dc4a4c3dc00000    0000000180141a28     c77_GTF_EnginePath_TwoSpool.obj
 0002:00000a30       __real@3fe1745d1745d174    0000000180141a30     c77_GTF_EnginePath_TwoSpool.obj
 0002:00000a38       __real@41e37c4feb800000    0000000180141a38     c78_GTF_EnginePath_TwoSpool.obj
 0002:00000a40       __real@41b95d1ce8000000    0000000180141a40     c78_GTF_EnginePath_TwoSpool.obj
 0002:00000a48       __real@41e2e54a3dc00000    0000000180141a48     c78_GTF_EnginePath_TwoSpool.obj
 0002:00000a50       __real@41ea7db013400000    0000000180141a50     c78_GTF_EnginePath_TwoSpool.obj
 0002:00000a60       DYNAMIC_DIMENSION_DEF      0000000180141a60     GTF_EnginePath_TwoSpool_sfun_registry.obj
 0002:00000a80       _ssBadLevel2InputAccessMsg 0000000180141a80     GTF_EnginePath_TwoSpool_sfun_registry.obj
 0002:00000c10       _ssBadLevel2DirectFeedMsg  0000000180141c10     GTF_EnginePath_TwoSpool_sfun_registry.obj
 0002:00000d50       _ssBadLevel2DirectFeedSolutionMsg 0000000180141d50     GTF_EnginePath_TwoSpool_sfun_registry.obj
 0002:00000dc0       _ssBadLevel2ZeroDirectFeedMsg 0000000180141dc0     GTF_EnginePath_TwoSpool_sfun_registry.obj
 0002:00000f00       _ssBadLevel2ZeroDirectFeedMsg2 0000000180141f00     GTF_EnginePath_TwoSpool_sfun_registry.obj
 0002:00000fe8       __real@bff0000000000000    0000000180141fe8     GTF_EnginePath_TwoSpool_sfun_registry.obj
 0002:00000ff0       __real@41602cbca0000000    0000000180141ff0     GTF_EnginePath_TwoSpool_sfun_registry.obj
 0002:00000ff8       _pRawDllMain               0000000180141ff8     MSVCRT:crtdll.obj
 0002:00000ff8       _pDefaultRawDllMain        0000000180141ff8     MSVCRT:crtdll.obj
 0002:00001010       ?ProcessDetach@NativeDll@<CrtImplementationDetails>@@0IB 0000000180142010     MSVCRT:tncleanup.obj
 0002:00001014       ?ProcessAttach@NativeDll@<CrtImplementationDetails>@@0IB 0000000180142014     MSVCRT:tncleanup.obj
 0002:00001018       ?ThreadAttach@NativeDll@<CrtImplementationDetails>@@0IB 0000000180142018     MSVCRT:tncleanup.obj
 0002:0000101c       ?ThreadDetach@NativeDll@<CrtImplementationDetails>@@0IB 000000018014201c     MSVCRT:tncleanup.obj
 0002:00001020       ?ProcessVerifier@NativeDll@<CrtImplementationDetails>@@0IB 0000000180142020     MSVCRT:tncleanup.obj
 0002:00001028       __rtc_iaa                  0000000180142028     MSVCRT:_initsect_.obj
 0002:00001030       __rtc_izz                  0000000180142030     MSVCRT:_initsect_.obj
 0002:00001038       __rtc_taa                  0000000180142038     MSVCRT:_initsect_.obj
 0002:00001040       __rtc_tzz                  0000000180142040     MSVCRT:_initsect_.obj
 0002:00002ec4       __IMPORT_DESCRIPTOR_sf_runtime 0000000180143ec4     sf_runtime:sf_runtime.dll
 0002:00002ed8       __IMPORT_DESCRIPTOR_libmx  0000000180143ed8     libmx:libmx.dll
 0002:00002eec       __IMPORT_DESCRIPTOR_libmex 0000000180143eec     libmex:libmex.dll
 0002:00002f00       __IMPORT_DESCRIPTOR_libut  0000000180143f00     libut:libut.dll
 0002:00002f14       __IMPORT_DESCRIPTOR_libmwmathutil 0000000180143f14     libmwmathutil:libmwmathutil.dll
 0002:00002f28       __IMPORT_DESCRIPTOR_MSVCR100 0000000180143f28     MSVCRT:MSVCR100.dll
 0002:00002f3c       __IMPORT_DESCRIPTOR_KERNEL32 0000000180143f3c     kernel32:KERNEL32.dll
 0002:00002f50       __NULL_IMPORT_DESCRIPTOR   0000000180143f50     sf_runtime:sf_runtime.dll
 0003:0007e368       DYNAMIC_DIMENSION          00000001801c4368     GTF_EnginePath_TwoSpool_sfun_registry.obj
 0003:0007ef68       __security_cookie          00000001801c4f68     MSVCRT:gs_cookie.obj
 0003:0007ef70       __security_cookie_complement 00000001801c4f70     MSVCRT:gs_cookie.obj
 0003:0007ef78       _fltused                   00000001801c4f78     MSVCRT:dllsupp.obj
 0003:0007ef80       __native_dllmain_reason    00000001801c4f80     MSVCRT:natstart.obj
 0003:0007ef84       __native_vcclrit_reason    00000001801c4f84     MSVCRT:natstart.obj
 0003:0007f2f8       sfGlobalDebugInstanceStruct 00000001801c52f8     GTF_EnginePath_TwoSpool_sfun_registry.obj
 0003:0007f880       ?__type_info_root_node@@3U__type_info_node@@A 00000001801c5880     MSVCRT:tncleanup.obj
 0003:0007f890       _GTF_EnginePath_TwoSpoolMachineNumber_ 00000001801c5890     <common>
 0003:0007f894       __native_startup_state     00000001801c5894     <common>
 0003:0007f898       __native_startup_lock      00000001801c5898     <common>
 0003:0007f8a0       __onexitend                00000001801c58a0     <common>
 0003:0007f8a8       __onexitbegin              00000001801c58a8     <common>
 0003:0007f8b0       __dyn_tls_init_callback    00000001801c58b0     <common>

 entry point at        0001:0013ea60

 Static symbols

 0001:00002440       c1_info_helper             0000000180003440 f   c1_GTF_EnginePath_TwoSpool.obj
 0001:00006d70       c1_emlrt_marshallOut       0000000180007d70 f   c1_GTF_EnginePath_TwoSpool.obj
 0001:00006e00       c1_b_emlrt_marshallOut     0000000180007e00 f   c1_GTF_EnginePath_TwoSpool.obj
 0001:00007ae0       mdlProcessParameters_c1_GTF_EnginePath_TwoSpool 0000000180008ae0 f   c1_GTF_EnginePath_TwoSpool.obj
 0001:00007bc0       initialize_params_c1_GTF_EnginePath_TwoSpool 0000000180008bc0 f   c1_GTF_EnginePath_TwoSpool.obj
 0001:00007bd0       mdlSetWorkWidths_c1_GTF_EnginePath_TwoSpool 0000000180008bd0 f   c1_GTF_EnginePath_TwoSpool.obj
 0001:00008100       sf_get_instance_specialization 0000000180009100 f   c1_GTF_EnginePath_TwoSpool.obj
 0001:00008110       mdlStart_c1_GTF_EnginePath_TwoSpool 0000000180009110 f   c1_GTF_EnginePath_TwoSpool.obj
 0001:00008390       init_dsm_address_info      0000000180009390 f   c1_GTF_EnginePath_TwoSpool.obj
 0001:000083a0       init_simulink_io_address   00000001800093a0 f   c1_GTF_EnginePath_TwoSpool.obj
 0001:00008470       sf_get_sim_state_info_c1_GTF_EnginePath_TwoSpool 0000000180009470 f   c1_GTF_EnginePath_TwoSpool.obj
 0001:00008530       chart_debug_initialization 0000000180009530 f   c1_GTF_EnginePath_TwoSpool.obj
 0001:00009ce0       init_script_number_translation 000000018000ace0 f   c1_GTF_EnginePath_TwoSpool.obj
 0001:00009da0       c1_sf_marshallOut          000000018000ada0 f   c1_GTF_EnginePath_TwoSpool.obj
 0001:00009e50       c1_sf_marshallIn           000000018000ae50 f   c1_GTF_EnginePath_TwoSpool.obj
 0001:00009ef0       c1_b_emlrt_marshallIn      000000018000aef0 f   c1_GTF_EnginePath_TwoSpool.obj
 0001:00009f80       sf_opaque_initialize_c1_GTF_EnginePath_TwoSpool 000000018000af80 f   c1_GTF_EnginePath_TwoSpool.obj
 0001:00009fc0       initialize_c1_GTF_EnginePath_TwoSpool 000000018000afc0 f   c1_GTF_EnginePath_TwoSpool.obj
 0001:0000a010       sf_opaque_enable_c1_GTF_EnginePath_TwoSpool 000000018000b010 f   c1_GTF_EnginePath_TwoSpool.obj
 0001:0000a030       enable_c1_GTF_EnginePath_TwoSpool 000000018000b030 f   c1_GTF_EnginePath_TwoSpool.obj
 0001:0000a060       sf_opaque_disable_c1_GTF_EnginePath_TwoSpool 000000018000b060 f   c1_GTF_EnginePath_TwoSpool.obj
 0001:0000a080       disable_c1_GTF_EnginePath_TwoSpool 000000018000b080 f   c1_GTF_EnginePath_TwoSpool.obj
 0001:0000a0b0       sf_opaque_gateway_c1_GTF_EnginePath_TwoSpool 000000018000b0b0 f   c1_GTF_EnginePath_TwoSpool.obj
[...]
 0001:000f8560       init_script_number_translation 00000001800f9560 f   c76_GTF_EnginePath_TwoSpool.obj
 0001:000f8650       c76_sf_marshallOut         00000001800f9650 f   c76_GTF_EnginePath_TwoSpool.obj
 0001:000f8700       c76_sf_marshallIn          00000001800f9700 f   c76_GTF_EnginePath_TwoSpool.obj
 0001:000f87a0       c76_b_emlrt_marshallIn     00000001800f97a0 f   c76_GTF_EnginePath_TwoSpool.obj
 0001:000f8830       sf_opaque_initialize_c76_GTF_EnginePath_TwoSpool 00000001800f9830 f   c76_GTF_EnginePath_TwoSpool.obj
 0001:000f8870       initialize_c76_GTF_EnginePath_TwoSpool 00000001800f9870 f   c76_GTF_EnginePath_TwoSpool.obj
 0001:000f88c0       sf_opaque_enable_c76_GTF_EnginePath_TwoSpool 00000001800f98c0 f   c76_GTF_EnginePath_TwoSpool.obj
 0001:000f88e0       enable_c76_GTF_EnginePath_TwoSpool 00000001800f98e0 f   c76_GTF_EnginePath_TwoSpool.obj
 0001:000f8910       sf_opaque_disable_c76_GTF_EnginePath_TwoSpool 00000001800f9910 f   c76_GTF_EnginePath_TwoSpool.obj
 0001:000f8930       disable_c76_GTF_EnginePath_TwoSpool 00000001800f9930 f   c76_GTF_EnginePath_TwoSpool.obj
 0001:000f8960       sf_opaque_gateway_c76_GTF_EnginePath_TwoSpool 00000001800f9960 f   c76_GTF_EnginePath_TwoSpool.obj
 0001:000f8980       sf_gateway_c76_GTF_EnginePath_TwoSpool 00000001800f9980 f   c76_GTF_EnginePath_TwoSpool.obj
 0001:000f9330       c76_CoolingCal_NGV         00000001800fa330 f   c76_GTF_EnginePath_TwoSpool.obj
 0001:000fa8d0       c76_gashi                  00000001800fb8d0 f   c76_GTF_EnginePath_TwoSpool.obj
 0001:000fbd70       c76_Sfcn_Ts                00000001800fcd70 f   c76_GTF_EnginePath_TwoSpool.obj
 0001:000fc6c0       c76_b_sf_marshallOut       00000001800fd6c0 f   c76_GTF_EnginePath_TwoSpool.obj
 0001:000fc840       c76_c_sf_marshallOut       00000001800fd840 f   c76_GTF_EnginePath_TwoSpool.obj
 0001:000fc9e0       c76_interp1                00000001800fd9e0 f   c76_GTF_EnginePath_TwoSpool.obj
 0001:000fca10       c76_interp1_work           00000001800fda10 f   c76_GTF_EnginePath_TwoSpool.obj
 0001:000fd4d0       c76_eml_scalar_eg          00000001800fe4d0 f   c76_GTF_EnginePath_TwoSpool.obj
 0001:000fd4e0       c76_StringToMethodID       00000001800fe4e0 f   c76_GTF_EnginePath_TwoSpool.obj
 0001:000fd4f0       c76_intmin                 00000001800fe4f0 f   c76_GTF_EnginePath_TwoSpool.obj
 0001:000fd510       c76_eml_error              00000001800fe510 f   c76_GTF_EnginePath_TwoSpool.obj
 0001:000fd650       c76_b_eml_error            00000001800fe650 f   c76_GTF_EnginePath_TwoSpool.obj
 0001:000fd7a0       c76_b_interp1              00000001800fe7a0 f   c76_GTF_EnginePath_TwoSpool.obj
 0001:000fe640       c76_b_flip                 00000001800ff640 f   c76_GTF_EnginePath_TwoSpool.obj
 0001:000fe9c0       sf_opaque_get_sim_state_c76_GTF_EnginePath_TwoSpool 00000001800ff9c0 f   c76_GTF_EnginePath_TwoSpool.obj
 0001:000fea10       get_sim_state_c76_GTF_EnginePath_TwoSpool 00000001800ffa10 f   c76_GTF_EnginePath_TwoSpool.obj
 0001:000fec50       sf_opaque_set_sim_state_c76_GTF_EnginePath_TwoSpool 00000001800ffc50 f   c76_GTF_EnginePath_TwoSpool.obj
 0001:000feca0       set_sim_state_c76_GTF_EnginePath_TwoSpool 00000001800ffca0 f   c76_GTF_EnginePath_TwoSpool.obj
 0001:000feda0       c76_update_debugger_state_c76_GTF_EnginePath_TwoSpool 00000001800ffda0 f   c76_GTF_EnginePath_TwoSpool.obj
 0001:000fedb0       c76_emlrt_marshallIn       00000001800ffdb0 f   c76_GTF_EnginePath_TwoSpool.obj
 0001:000fee20       c76_d_emlrt_marshallIn     00000001800ffe20 f   c76_GTF_EnginePath_TwoSpool.obj
 0001:000fee80       c76_e_emlrt_marshallIn     00000001800ffe80 f   c76_GTF_EnginePath_TwoSpool.obj
 0001:000fef10       sf_opaque_terminate_c76_GTF_EnginePath_TwoSpool 00000001800fff10 f   c76_GTF_EnginePath_TwoSpool.obj
 0001:000fefb0       finalize_c76_GTF_EnginePath_TwoSpool 00000001800fffb0 f   c76_GTF_EnginePath_TwoSpool.obj
 0001:000fefc0       sf_opaque_init_subchart_simstructs 00000001800fffc0 f   c76_GTF_EnginePath_TwoSpool.obj
 0001:000fefe0       initSimStructsc76_GTF_EnginePath_TwoSpool 00000001800fffe0 f   c76_GTF_EnginePath_TwoSpool.obj
 0001:000feff0       mdlRTW_c76_GTF_EnginePath_TwoSpool 00000001800ffff0 f   c76_GTF_EnginePath_TwoSpool.obj
 0001:000ff0b0       c77_info_helper            00000001801000b0 f   c77_GTF_EnginePath_TwoSpool.obj
 0001:00108d30       c77_emlrt_marshallOut      0000000180109d30 f   c77_GTF_EnginePath_TwoSpool.obj
 0001:00108dc0       c77_b_emlrt_marshallOut    0000000180109dc0 f   c77_GTF_EnginePath_TwoSpool.obj
 0001:00108e30       c77_b_info_helper          0000000180109e30 f   c77_GTF_EnginePath_TwoSpool.obj
 0001:001119d0       mdlProcessParameters_c77_GTF_EnginePath_TwoSpool 00000001801129d0 f   c77_GTF_EnginePath_TwoSpool.obj
 0001:00111ab0       initialize_params_c77_GTF_EnginePath_TwoSpool 0000000180112ab0 f   c77_GTF_EnginePath_TwoSpool.obj
 0001:00111ac0       mdlSetWorkWidths_c77_GTF_EnginePath_TwoSpool 0000000180112ac0 f   c77_GTF_EnginePath_TwoSpool.obj
 0001:00112050       sf_get_instance_specialization 0000000180113050 f   c77_GTF_EnginePath_TwoSpool.obj
 0001:00112060       mdlStart_c77_GTF_EnginePath_TwoSpool 0000000180113060 f   c77_GTF_EnginePath_TwoSpool.obj
 0001:001122e0       init_dsm_address_info      00000001801132e0 f   c77_GTF_EnginePath_TwoSpool.obj
 0001:001122f0       init_simulink_io_address   00000001801132f0 f   c77_GTF_EnginePath_TwoSpool.obj
 0001:00112400       sf_get_sim_state_info_c77_GTF_EnginePath_TwoSpool 0000000180113400 f   c77_GTF_EnginePath_TwoSpool.obj
 0001:001124c0       chart_debug_initialization 00000001801134c0 f   c77_GTF_EnginePath_TwoSpool.obj
 0001:00113c70       init_script_number_translation 0000000180114c70 f   c77_GTF_EnginePath_TwoSpool.obj
 0001:00113d60       c77_sf_marshallOut         0000000180114d60 f   c77_GTF_EnginePath_TwoSpool.obj
 0001:00113e10       c77_sf_marshallIn          0000000180114e10 f   c77_GTF_EnginePath_TwoSpool.obj
 0001:00113eb0       c77_b_emlrt_marshallIn     0000000180114eb0 f   c77_GTF_EnginePath_TwoSpool.obj
 0001:00113f40       sf_opaque_initialize_c77_GTF_EnginePath_TwoSpool 0000000180114f40 f   c77_GTF_EnginePath_TwoSpool.obj
 0001:00113f80       initialize_c77_GTF_EnginePath_TwoSpool 0000000180114f80 f   c77_GTF_EnginePath_TwoSpool.obj
 0001:00113fd0       sf_opaque_enable_c77_GTF_EnginePath_TwoSpool 0000000180114fd0 f   c77_GTF_EnginePath_TwoSpool.obj
 0001:00113ff0       enable_c77_GTF_EnginePath_TwoSpool 0000000180114ff0 f   c77_GTF_EnginePath_TwoSpool.obj
 0001:00114020       sf_opaque_disable_c77_GTF_EnginePath_TwoSpool 0000000180115020 f   c77_GTF_EnginePath_TwoSpool.obj
 0001:00114040       disable_c77_GTF_EnginePath_TwoSpool 0000000180115040 f   c77_GTF_EnginePath_TwoSpool.obj
 0001:00114070       sf_opaque_gateway_c77_GTF_EnginePath_TwoSpool 0000000180115070 f   c77_GTF_EnginePath_TwoSpool.obj
 0001:00114090       sf_gateway_c77_GTF_EnginePath_TwoSpool 0000000180115090 f   c77_GTF_EnginePath_TwoSpool.obj
 0001:00114af0       c77_CoolingCal_PT          0000000180115af0 f   c77_GTF_EnginePath_TwoSpool.obj
 0001:00116150       c77_gashi                  0000000180117150 f   c77_GTF_EnginePath_TwoSpool.obj
 0001:001175e0       c77_Sfcn_Ts                00000001801185e0 f   c77_GTF_EnginePath_TwoSpool.obj
 0001:00117f20       c77_b_sf_marshallOut       0000000180118f20 f   c77_GTF_EnginePath_TwoSpool.obj
 0001:00118070       c77_c_sf_marshallOut       0000000180119070 f   c77_GTF_EnginePath_TwoSpool.obj
 0001:001181e0       c77_interp1                00000001801191e0 f   c77_GTF_EnginePath_TwoSpool.obj
 0001:00118210       c77_interp1_work           0000000180119210 f   c77_GTF_EnginePath_TwoSpool.obj
 0001:00118cc0       c77_eml_scalar_eg          0000000180119cc0 f   c77_GTF_EnginePath_TwoSpool.obj
 0001:00118cd0       c77_StringToMethodID       0000000180119cd0 f   c77_GTF_EnginePath_TwoSpool.obj
 0001:00118ce0       c77_intmin                 0000000180119ce0 f   c77_GTF_EnginePath_TwoSpool.obj
 0001:00118d00       c77_eml_error              0000000180119d00 f   c77_GTF_EnginePath_TwoSpool.obj
 0001:00118e40       c77_b_eml_error            0000000180119e40 f   c77_GTF_EnginePath_TwoSpool.obj
 0001:00118f80       c77_b_interp1              0000000180119f80 f   c77_GTF_EnginePath_TwoSpool.obj
 0001:00119e40       c77_b_flip                 000000018011ae40 f   c77_GTF_EnginePath_TwoSpool.obj
 0001:0011a1c0       sf_opaque_get_sim_state_c77_GTF_EnginePath_TwoSpool 000000018011b1c0 f   c77_GTF_EnginePath_TwoSpool.obj
 0001:0011a210       get_sim_state_c77_GTF_EnginePath_TwoSpool 000000018011b210 f   c77_GTF_EnginePath_TwoSpool.obj
 0001:0011a4e0       sf_opaque_set_sim_state_c77_GTF_EnginePath_TwoSpool 000000018011b4e0 f   c77_GTF_EnginePath_TwoSpool.obj
 0001:0011a530       set_sim_state_c77_GTF_EnginePath_TwoSpool 000000018011b530 f   c77_GTF_EnginePath_TwoSpool.obj
 0001:0011a670       c77_update_debugger_state_c77_GTF_EnginePath_TwoSpool 000000018011b670 f   c77_GTF_EnginePath_TwoSpool.obj
 0001:0011a680       c77_emlrt_marshallIn       000000018011b680 f   c77_GTF_EnginePath_TwoSpool.obj
 0001:0011a6f0       c77_d_emlrt_marshallIn     000000018011b6f0 f   c77_GTF_EnginePath_TwoSpool.obj
 0001:0011a750       c77_e_emlrt_marshallIn     000000018011b750 f   c77_GTF_EnginePath_TwoSpool.obj
 0001:0011a7e0       sf_opaque_terminate_c77_GTF_EnginePath_TwoSpool 000000018011b7e0 f   c77_GTF_EnginePath_TwoSpool.obj
 0001:0011a880       finalize_c77_GTF_EnginePath_TwoSpool 000000018011b880 f   c77_GTF_EnginePath_TwoSpool.obj
 0001:0011a890       sf_opaque_init_subchart_simstructs 000000018011b890 f   c77_GTF_EnginePath_TwoSpool.obj
 0001:0011a8b0       initSimStructsc77_GTF_EnginePath_TwoSpool 000000018011b8b0 f   c77_GTF_EnginePath_TwoSpool.obj
 0001:0011a8c0       mdlRTW_c77_GTF_EnginePath_TwoSpool 000000018011b8c0 f   c77_GTF_EnginePath_TwoSpool.obj
 0001:0011a980       c78_info_helper            000000018011b980 f   c78_GTF_EnginePath_TwoSpool.obj
 0001:001245f0       c78_emlrt_marshallOut      00000001801255f0 f   c78_GTF_EnginePath_TwoSpool.obj
 0001:00124680       c78_b_emlrt_marshallOut    0000000180125680 f   c78_GTF_EnginePath_TwoSpool.obj
 0001:001246f0       c78_b_info_helper          00000001801256f0 f   c78_GTF_EnginePath_TwoSpool.obj
 0001:0012e010       mdlProcessParameters_c78_GTF_EnginePath_TwoSpool 000000018012f010 f   c78_GTF_EnginePath_TwoSpool.obj
 0001:0012e0f0       initialize_params_c78_GTF_EnginePath_TwoSpool 000000018012f0f0 f   c78_GTF_EnginePath_TwoSpool.obj
 0001:0012e100       mdlSetWorkWidths_c78_GTF_EnginePath_TwoSpool 000000018012f100 f   c78_GTF_EnginePath_TwoSpool.obj
 0001:0012e690       sf_get_instance_specialization 000000018012f690 f   c78_GTF_EnginePath_TwoSpool.obj
 0001:0012e6a0       mdlStart_c78_GTF_EnginePath_TwoSpool 000000018012f6a0 f   c78_GTF_EnginePath_TwoSpool.obj
 0001:0012e920       init_dsm_address_info      000000018012f920 f   c78_GTF_EnginePath_TwoSpool.obj
 0001:0012e930       init_simulink_io_address   000000018012f930 f   c78_GTF_EnginePath_TwoSpool.obj
 0001:0012ea50       sf_get_sim_state_info_c78_GTF_EnginePath_TwoSpool 000000018012fa50 f   c78_GTF_EnginePath_TwoSpool.obj
 0001:0012eb10       chart_debug_initialization 000000018012fb10 f   c78_GTF_EnginePath_TwoSpool.obj
 0001:00130460       init_script_number_translation 0000000180131460 f   c78_GTF_EnginePath_TwoSpool.obj
 0001:001304f0       c78_sf_marshallOut         00000001801314f0 f   c78_GTF_EnginePath_TwoSpool.obj
 0001:001305a0       c78_sf_marshallIn          00000001801315a0 f   c78_GTF_EnginePath_TwoSpool.obj
 0001:00130640       c78_b_emlrt_marshallIn     0000000180131640 f   c78_GTF_EnginePath_TwoSpool.obj
 0001:001306d0       sf_opaque_initialize_c78_GTF_EnginePath_TwoSpool 00000001801316d0 f   c78_GTF_EnginePath_TwoSpool.obj
 0001:00130710       initialize_c78_GTF_EnginePath_TwoSpool 0000000180131710 f   c78_GTF_EnginePath_TwoSpool.obj
 0001:00130760       sf_opaque_enable_c78_GTF_EnginePath_TwoSpool 0000000180131760 f   c78_GTF_EnginePath_TwoSpool.obj
 0001:00130780       enable_c78_GTF_EnginePath_TwoSpool 0000000180131780 f   c78_GTF_EnginePath_TwoSpool.obj
 0001:001307b0       sf_opaque_disable_c78_GTF_EnginePath_TwoSpool 00000001801317b0 f   c78_GTF_EnginePath_TwoSpool.obj
 0001:001307d0       disable_c78_GTF_EnginePath_TwoSpool 00000001801317d0 f   c78_GTF_EnginePath_TwoSpool.obj
 0001:00130800       sf_opaque_gateway_c78_GTF_EnginePath_TwoSpool 0000000180131800 f   c78_GTF_EnginePath_TwoSpool.obj
 0001:00130820       sf_gateway_c78_GTF_EnginePath_TwoSpool 0000000180131820 f   c78_GTF_EnginePath_TwoSpool.obj
 0001:00130c20       c78_chartstep_c78_GTF_EnginePath_TwoSpool 0000000180131c20 f   c78_GTF_EnginePath_TwoSpool.obj
 0001:00132f20       c78_gashi                  0000000180133f20 f   c78_GTF_EnginePath_TwoSpool.obj
 0001:001343c0       c78_Sfcn_Ts                00000001801353c0 f   c78_GTF_EnginePath_TwoSpool.obj
 0001:00134cf0       c78_b_sf_marshallOut       0000000180135cf0 f   c78_GTF_EnginePath_TwoSpool.obj
 0001:00134e80       c78_c_sf_marshallOut       0000000180135e80 f   c78_GTF_EnginePath_TwoSpool.obj
 0001:00135020       c78_abs                    0000000180136020 f   c78_GTF_EnginePath_TwoSpool.obj
 0001:00135060       c78_b_eml_scalar_eg        0000000180136060 f   c78_GTF_EnginePath_TwoSpool.obj
 0001:00135070       c78_interp1                0000000180136070 f   c78_GTF_EnginePath_TwoSpool.obj
 0001:001350a0       c78_interp1_work           00000001801360a0 f   c78_GTF_EnginePath_TwoSpool.obj
 0001:00135b60       c78_eml_scalar_eg          0000000180136b60 f   c78_GTF_EnginePath_TwoSpool.obj
 0001:00135b70       c78_StringToMethodID       0000000180136b70 f   c78_GTF_EnginePath_TwoSpool.obj
 0001:00135b80       c78_intmin                 0000000180136b80 f   c78_GTF_EnginePath_TwoSpool.obj
 0001:00135ba0       c78_eml_error              0000000180136ba0 f   c78_GTF_EnginePath_TwoSpool.obj
 0001:00135ce0       c78_b_eml_error            0000000180136ce0 f   c78_GTF_EnginePath_TwoSpool.obj
 0001:00135e30       c78_b_interp1              0000000180136e30 f   c78_GTF_EnginePath_TwoSpool.obj
 0001:00136ce0       c78_b_flip                 0000000180137ce0 f   c78_GTF_EnginePath_TwoSpool.obj
 0001:00137060       sf_opaque_get_sim_state_c78_GTF_EnginePath_TwoSpool 0000000180138060 f   c78_GTF_EnginePath_TwoSpool.obj
 0001:001370b0       get_sim_state_c78_GTF_EnginePath_TwoSpool 00000001801380b0 f   c78_GTF_EnginePath_TwoSpool.obj
 0001:00137430       sf_opaque_set_sim_state_c78_GTF_EnginePath_TwoSpool 0000000180138430 f   c78_GTF_EnginePath_TwoSpool.obj
 0001:00137480       set_sim_state_c78_GTF_EnginePath_TwoSpool 0000000180138480 f   c78_GTF_EnginePath_TwoSpool.obj
 0001:00137600       c78_update_debugger_state_c78_GTF_EnginePath_TwoSpool 0000000180138600 f   c78_GTF_EnginePath_TwoSpool.obj
 0001:00137610       c78_emlrt_marshallIn       0000000180138610 f   c78_GTF_EnginePath_TwoSpool.obj
 0001:00137680       c78_d_emlrt_marshallIn     0000000180138680 f   c78_GTF_EnginePath_TwoSpool.obj
 0001:001376e0       c78_e_emlrt_marshallIn     00000001801386e0 f   c78_GTF_EnginePath_TwoSpool.obj
 0001:00137770       sf_opaque_terminate_c78_GTF_EnginePath_TwoSpool 0000000180138770 f   c78_GTF_EnginePath_TwoSpool.obj
 0001:00137810       finalize_c78_GTF_EnginePath_TwoSpool 0000000180138810 f   c78_GTF_EnginePath_TwoSpool.obj
 0001:00137820       sf_opaque_init_subchart_simstructs 0000000180138820 f   c78_GTF_EnginePath_TwoSpool.obj
 0001:00137840       initSimStructsc78_GTF_EnginePath_TwoSpool 0000000180138840 f   c78_GTF_EnginePath_TwoSpool.obj
 0001:00137850       mdlRTW_c78_GTF_EnginePath_TwoSpool 0000000180138850 f   c78_GTF_EnginePath_TwoSpool.obj
 0001:00138600       getChartInfoFromSimStruct  0000000180139600 f   GTF_EnginePath_TwoSpool_sfun_registry.obj
 0001:00139ca0       _ssFatalError              000000018013aca0 f   GTF_EnginePath_TwoSpool_sfun_registry.obj
 0001:0013cd50       ProcessMexSfunctionCmdLineCall 000000018013dd50 f   GTF_EnginePath_TwoSpool_sfun_registry.obj
 0001:0013cef0       sf_debug_api_wrapper       000000018013def0 f   GTF_EnginePath_TwoSpool_sfun_registry.obj
 0001:0013cf40       mdlStart                   000000018013df40 f   GTF_EnginePath_TwoSpool_sfun_registry.obj
 0001:0013cf70       mdl_start_processing       000000018013df70 f   GTF_EnginePath_TwoSpool_sfun_registry.obj
 0001:0013d030       mdlTerminate               000000018013e030 f   GTF_EnginePath_TwoSpool_sfun_registry.obj
 0001:0013d060       mdl_terminate_processing   000000018013e060 f   GTF_EnginePath_TwoSpool_sfun_registry.obj
 0001:0013d0e0       mdlInitializeSampleTimes   000000018013e0e0 f   GTF_EnginePath_TwoSpool_sfun_registry.obj
 0001:0013d110       mdlZeroCrossings           000000018013e110 f   GTF_EnginePath_TwoSpool_sfun_registry.obj
 0001:0013d140       mdl_zeroCrossings_processing 000000018013e140 f   GTF_EnginePath_TwoSpool_sfun_registry.obj
 0001:0013d180       mdlDerivatives             000000018013e180 f   GTF_EnginePath_TwoSpool_sfun_registry.obj
 0001:0013d1b0       mdl_derivatives_processing 000000018013e1b0 f   GTF_EnginePath_TwoSpool_sfun_registry.obj
 0001:0013d200       mdlInitializeConditions    000000018013e200 f   GTF_EnginePath_TwoSpool_sfun_registry.obj
 0001:0013d230       mdl_initialize_conditions_processing 000000018013e230 f   GTF_EnginePath_TwoSpool_sfun_registry.obj
 0001:0013d280       mdlEnable                  000000018013e280 f   GTF_EnginePath_TwoSpool_sfun_registry.obj
 0001:0013d2b0       mdl_enable_processing      000000018013e2b0 f   GTF_EnginePath_TwoSpool_sfun_registry.obj
 0001:0013d2f0       mdlDisable                 000000018013e2f0 f   GTF_EnginePath_TwoSpool_sfun_registry.obj
 0001:0013d320       mdl_disable_processing     000000018013e320 f   GTF_EnginePath_TwoSpool_sfun_registry.obj
 0001:0013d360       mdlOutputs                 000000018013e360 f   GTF_EnginePath_TwoSpool_sfun_registry.obj
 0001:0013d390       mdl_outputs_processing     000000018013e390 f   GTF_EnginePath_TwoSpool_sfun_registry.obj
 0001:0013d470       mdl_outputs_continuous_legacy 000000018013e470 f   GTF_EnginePath_TwoSpool_sfun_registry.obj
 0001:0013d560       mdlGetTimeOfNextVarHit     000000018013e560 f   GTF_EnginePath_TwoSpool_sfun_registry.obj
 0001:0013d5b0       _ProcessMexSfunctionCmdLineCall 000000018013e5b0 f   GTF_EnginePath_TwoSpool_sfun_registry.obj
 0001:0013dd00       mdlSetWorkWidths           000000018013ed00 f   GTF_EnginePath_TwoSpool_sfun_registry.obj
 0001:0013dd30       mdlProcessParameters       000000018013ed30 f   GTF_EnginePath_TwoSpool_sfun_registry.obj
 0001:0013dd60       mdlInitializeSizes         000000018013ed60 f   GTF_EnginePath_TwoSpool_sfun_registry.obj
 0001:0013dd90       mdlExtModeExec             000000018013ed90 f   GTF_EnginePath_TwoSpool_sfun_registry.obj
 0001:0013ddc0       mdl_ext_mode_exec_processing 000000018013edc0 f   GTF_EnginePath_TwoSpool_sfun_registry.obj
 0001:0013de00       mdlRTW                     000000018013ee00 f   GTF_EnginePath_TwoSpool_sfun_registry.obj
 0001:0013de40       _CreateSimStruct           000000018013ee40 f   GTF_EnginePath_TwoSpool_sfun_registry.obj
 0001:0013dfd0       _RegNumInputPortsCB        000000018013efd0 f   GTF_EnginePath_TwoSpool_sfun_registry.obj
 0001:0013e050       _RegNumOutputPortsCB       000000018013f050 f   GTF_EnginePath_TwoSpool_sfun_registry.obj
 0001:0013e668       pre_c_init                 000000018013f668 f   MSVCRT:crtdll.obj
 0001:0013e924       __DllMainCRTStartup        000000018013f924 f   MSVCRT:crtdll.obj
 0001:0013ef90       __DllMainCRTStartup$filt$0 000000018013ff90 f   MSVCRT:crtdll.obj
 0001:0013efc0       __DllMainCRTStartup$fin$1  000000018013ffc0 f   MSVCRT:crtdll.obj
 0001:0013efda       _onexit$fin$0              000000018013ffda f   MSVCRT:atonexit.obj
 0001:0013f000       _IsNonwritableInCurrentImage$filt$0 0000000180140000 f   MSVCRT:pesect.obj
