 TSE_Path_sfun

 Timestamp is 57274079 (Mon May 02 19:56:41 2016)

 Preferred load address is 0000000180000000

 Start         Length     Name                   Class
 0001:00000000 000f4844H .text                   CODE
 0001:000f4850 00000092H .text$x                 CODE
 0002:00000000 00000500H .idata$5                DATA
 0002:00000500 00000008H .CRT$XCA                DATA
 0002:00000508 00000008H .CRT$XCZ                DATA
 0002:00000510 00000008H .CRT$XIA                DATA
 0002:00000518 00000008H .CRT$XIAA               DATA
 0002:00000520 00000008H .CRT$XIZ                DATA
 0002:00000530 00000974H .rdata                  DATA
 0002:00000ea8 00000008H .rtc$IAA                DATA
 0002:00000eb0 00000008H .rtc$IZZ                DATA
 0002:00000eb8 00000008H .rtc$TAA                DATA
 0002:00000ec0 00000008H .rtc$TZZ                DATA
 0002:00000ec8 000018a4H .xdata                  DATA
 0002:0000276c 0000008cH .idata$2                DATA
 0002:000027f8 00000014H .idata$3                DATA
 0002:00002810 00000500H .idata$4                DATA
 0002:00002d10 00000e0cH .idata$6                DATA
 0002:00003b20 00000053H .edata                  DATA
 0003:00000000 00069628H .data                   DATA
 0003:00069630 000008e8H .bss                    DATA
 0004:00000000 00001f38H .pdata                  DATA

  Address         Publics by Value              Rva+Base               Lib:Object

 0000:00000000       ___safe_se_handler_table   0000000000000000     <absolute>
 0000:00000000       ___safe_se_handler_count   0000000000000000     <absolute>
 0000:00000000       __ImageBase                0000000180000000     <linker-defined>
 0001:00000000       TSE_Path_initializer       0000000180001000 f   TSE_Path_sfun.obj
 0001:00000010       TSE_Path_terminator        0000000180001010 f   TSE_Path_sfun.obj
 0001:00000020       sf_TSE_Path_method_dispatcher 0000000180001020 f   TSE_Path_sfun.obj
 0001:000001d0       sf_TSE_Path_uses_exported_functions 00000001800011d0 f   TSE_Path_sfun.obj
 0001:00000210       sf_TSE_Path_process_check_sum_call 0000000180001210 f   TSE_Path_sfun.obj
 0001:00000760       sf_TSE_Path_autoinheritance_info 0000000180001760 f   TSE_Path_sfun.obj
 0001:00000c40       sf_TSE_Path_get_eml_resolved_functions_info 0000000180001c40 f   TSE_Path_sfun.obj
 0001:00001040       sf_TSE_Path_third_party_uses_info 0000000180002040 f   TSE_Path_sfun.obj
 0001:000013f0       sf_TSE_Path_jit_fallback_info 00000001800023f0 f   TSE_Path_sfun.obj
 0001:000017a0       sf_TSE_Path_updateBuildInfo_args_info 00000001800027a0 f   TSE_Path_sfun.obj
 0001:00001b50       sf_TSE_Path_get_post_codegen_info 0000000180002b50 f   TSE_Path_sfun.obj
 0001:00001ea0       TSE_Path_debug_initialize  0000000180002ea0 f   TSE_Path_sfun.obj
 0001:00001f20       TSE_Path_register_exported_symbols 0000000180002f20 f   TSE_Path_sfun.obj
 0001:00001f30       load_TSE_Path_optimization_info 0000000180002f30 f   TSE_Path_sfun.obj
 0001:00001f80       unload_TSE_Path_optimization_info 0000000180002f80 f   TSE_Path_sfun.obj
 0001:00001fb0       sf_c1_TSE_Path_get_eml_resolved_functions_info 0000000180002fb0 f   c1_TSE_Path.obj
 0001:00014410       sf_c1_TSE_Path_get_check_sum 0000000180015410 f   c1_TSE_Path.obj
 0001:00014490       sf_c1_TSE_Path_get_autoinheritance_info 0000000180015490 f   c1_TSE_Path.obj
 0001:000151f0       sf_c1_TSE_Path_third_party_uses_info 00000001800161f0 f   c1_TSE_Path.obj
 0001:00015220       sf_c1_TSE_Path_jit_fallback_info 0000000180016220 f   c1_TSE_Path.obj
 0001:000152f0       sf_c1_TSE_Path_updateBuildInfo_args_info 00000001800162f0 f   c1_TSE_Path.obj
 0001:00015320       sf_c1_TSE_Path_get_post_codegen_info 0000000180016320 f   c1_TSE_Path.obj
 0001:000153f0       c1_TSE_Path_method_dispatcher 00000001800163f0 f   c1_TSE_Path.obj
 0001:0001f0b0       sf_c6_TSE_Path_get_eml_resolved_functions_info 00000001800200b0 f   c6_TSE_Path.obj
 0001:000406f0       sf_c6_TSE_Path_get_check_sum 00000001800416f0 f   c6_TSE_Path.obj
 0001:00040770       sf_c6_TSE_Path_get_autoinheritance_info 0000000180041770 f   c6_TSE_Path.obj
 0001:00041380       sf_c6_TSE_Path_third_party_uses_info 0000000180042380 f   c6_TSE_Path.obj
 0001:000413b0       sf_c6_TSE_Path_jit_fallback_info 00000001800423b0 f   c6_TSE_Path.obj
 0001:00041480       sf_c6_TSE_Path_updateBuildInfo_args_info 0000000180042480 f   c6_TSE_Path.obj
 0001:000414b0       sf_c6_TSE_Path_get_post_codegen_info 00000001800424b0 f   c6_TSE_Path.obj
 0001:00041580       c6_TSE_Path_method_dispatcher 0000000180042580 f   c6_TSE_Path.obj
 0001:0004ccf0       sf_c7_TSE_Path_get_eml_resolved_functions_info 000000018004dcf0 f   c7_TSE_Path.obj
 0001:0005d650       sf_c7_TSE_Path_get_check_sum 000000018005e650 f   c7_TSE_Path.obj
 0001:0005d6d0       sf_c7_TSE_Path_get_autoinheritance_info 000000018005e6d0 f   c7_TSE_Path.obj
 0001:0005ddc0       sf_c7_TSE_Path_third_party_uses_info 000000018005edc0 f   c7_TSE_Path.obj
 0001:0005ddf0       sf_c7_TSE_Path_jit_fallback_info 000000018005edf0 f   c7_TSE_Path.obj
 0001:0005dec0       sf_c7_TSE_Path_updateBuildInfo_args_info 000000018005eec0 f   c7_TSE_Path.obj
 0001:0005def0       sf_c7_TSE_Path_get_post_codegen_info 000000018005eef0 f   c7_TSE_Path.obj
 0001:0005dfc0       c7_TSE_Path_method_dispatcher 000000018005efc0 f   c7_TSE_Path.obj
 0001:00064ba0       sf_c8_TSE_Path_get_eml_resolved_functions_info 0000000180065ba0 f   c8_TSE_Path.obj
 0001:00075c60       sf_c8_TSE_Path_get_check_sum 0000000180076c60 f   c8_TSE_Path.obj
 0001:00075ce0       sf_c8_TSE_Path_get_autoinheritance_info 0000000180076ce0 f   c8_TSE_Path.obj
 0001:000763d0       sf_c8_TSE_Path_third_party_uses_info 00000001800773d0 f   c8_TSE_Path.obj
 0001:00076400       sf_c8_TSE_Path_jit_fallback_info 0000000180077400 f   c8_TSE_Path.obj
 0001:000764d0       sf_c8_TSE_Path_updateBuildInfo_args_info 00000001800774d0 f   c8_TSE_Path.obj
 0001:00076500       sf_c8_TSE_Path_get_post_codegen_info 0000000180077500 f   c8_TSE_Path.obj
 0001:000765d0       c8_TSE_Path_method_dispatcher 00000001800775d0 f   c8_TSE_Path.obj
 0001:0007e280       sf_c9_TSE_Path_get_eml_resolved_functions_info 000000018007f280 f   c9_TSE_Path.obj
 0001:00080100       sf_c9_TSE_Path_get_check_sum 0000000180081100 f   c9_TSE_Path.obj
 0001:00080180       sf_c9_TSE_Path_get_autoinheritance_info 0000000180081180 f   c9_TSE_Path.obj
 0001:00080d90       sf_c9_TSE_Path_third_party_uses_info 0000000180081d90 f   c9_TSE_Path.obj
 0001:00080dc0       sf_c9_TSE_Path_jit_fallback_info 0000000180081dc0 f   c9_TSE_Path.obj
 0001:00080e90       sf_c9_TSE_Path_updateBuildInfo_args_info 0000000180081e90 f   c9_TSE_Path.obj
 0001:00080ec0       sf_c9_TSE_Path_get_post_codegen_info 0000000180081ec0 f   c9_TSE_Path.obj
 0001:00080f90       c9_TSE_Path_method_dispatcher 0000000180081f90 f   c9_TSE_Path.obj
 0001:000864f0       sf_c15_TSE_Path_get_eml_resolved_functions_info 00000001800874f0 f   c15_TSE_Path.obj
 0001:00088850       sf_c15_TSE_Path_get_check_sum 0000000180089850 f   c15_TSE_Path.obj
 0001:000888d0       sf_c15_TSE_Path_get_autoinheritance_info 00000001800898d0 f   c15_TSE_Path.obj
 0001:00088d30       sf_c15_TSE_Path_third_party_uses_info 0000000180089d30 f   c15_TSE_Path.obj
 0001:00088d60       sf_c15_TSE_Path_jit_fallback_info 0000000180089d60 f   c15_TSE_Path.obj
 0001:00088e30       sf_c15_TSE_Path_updateBuildInfo_args_info 0000000180089e30 f   c15_TSE_Path.obj
 0001:00088e60       sf_c15_TSE_Path_get_post_codegen_info 0000000180089e60 f   c15_TSE_Path.obj
 0001:00088f30       c15_TSE_Path_method_dispatcher 0000000180089f30 f   c15_TSE_Path.obj
 0001:0008b380       sf_c61_TSE_Path_get_eml_resolved_functions_info 000000018008c380 f   c61_TSE_Path.obj
 0001:0008d200       sf_c61_TSE_Path_get_check_sum 000000018008e200 f   c61_TSE_Path.obj
 0001:0008d280       sf_c61_TSE_Path_get_autoinheritance_info 000000018008e280 f   c61_TSE_Path.obj
 0001:0008de90       sf_c61_TSE_Path_third_party_uses_info 000000018008ee90 f   c61_TSE_Path.obj
 0001:0008dec0       sf_c61_TSE_Path_jit_fallback_info 000000018008eec0 f   c61_TSE_Path.obj
 0001:0008df90       sf_c61_TSE_Path_updateBuildInfo_args_info 000000018008ef90 f   c61_TSE_Path.obj
 0001:0008dfc0       sf_c61_TSE_Path_get_post_codegen_info 000000018008efc0 f   c61_TSE_Path.obj
 0001:0008e090       c61_TSE_Path_method_dispatcher 000000018008f090 f   c61_TSE_Path.obj
 0001:00093950       sf_c62_TSE_Path_get_eml_resolved_functions_info 0000000180094950 f   c62_TSE_Path.obj
 0001:000a47a0       sf_c62_TSE_Path_get_check_sum 00000001800a57a0 f   c62_TSE_Path.obj
 0001:000a4820       sf_c62_TSE_Path_get_autoinheritance_info 00000001800a5820 f   c62_TSE_Path.obj
 0001:000a52e0       sf_c62_TSE_Path_third_party_uses_info 00000001800a62e0 f   c62_TSE_Path.obj
 0001:000a5310       sf_c62_TSE_Path_jit_fallback_info 00000001800a6310 f   c62_TSE_Path.obj
 0001:000a53e0       sf_c62_TSE_Path_updateBuildInfo_args_info 00000001800a63e0 f   c62_TSE_Path.obj
 0001:000a5410       sf_c62_TSE_Path_get_post_codegen_info 00000001800a6410 f   c62_TSE_Path.obj
 0001:000a54e0       c62_TSE_Path_method_dispatcher 00000001800a64e0 f   c62_TSE_Path.obj
 0001:000ad820       sf_c63_TSE_Path_get_eml_resolved_functions_info 00000001800ae820 f   c63_TSE_Path.obj
 0001:000bfc80       sf_c63_TSE_Path_get_check_sum 00000001800c0c80 f   c63_TSE_Path.obj
 0001:000bfd00       sf_c63_TSE_Path_get_autoinheritance_info 00000001800c0d00 f   c63_TSE_Path.obj
 0001:000c0a60       sf_c63_TSE_Path_third_party_uses_info 00000001800c1a60 f   c63_TSE_Path.obj
 0001:000c0a90       sf_c63_TSE_Path_jit_fallback_info 00000001800c1a90 f   c63_TSE_Path.obj
 0001:000c0b60       sf_c63_TSE_Path_updateBuildInfo_args_info 00000001800c1b60 f   c63_TSE_Path.obj
 0001:000c0b90       sf_c63_TSE_Path_get_post_codegen_info 00000001800c1b90 f   c63_TSE_Path.obj
 0001:000c0c60       c63_TSE_Path_method_dispatcher 00000001800c1c60 f   c63_TSE_Path.obj
 0001:000ca8e0       sf_c82_TSE_Path_get_eml_resolved_functions_info 00000001800cb8e0 f   c82_TSE_Path.obj
 0001:000db730       sf_c82_TSE_Path_get_check_sum 00000001800dc730 f   c82_TSE_Path.obj
 0001:000db7b0       sf_c82_TSE_Path_get_autoinheritance_info 00000001800dc7b0 f   c82_TSE_Path.obj
 0001:000dc270       sf_c82_TSE_Path_third_party_uses_info 00000001800dd270 f   c82_TSE_Path.obj
 0001:000dc2a0       sf_c82_TSE_Path_jit_fallback_info 00000001800dd2a0 f   c82_TSE_Path.obj
 0001:000dc370       sf_c82_TSE_Path_updateBuildInfo_args_info 00000001800dd370 f   c82_TSE_Path.obj
 0001:000dc3a0       sf_c82_TSE_Path_get_post_codegen_info 00000001800dd3a0 f   c82_TSE_Path.obj
 0001:000dc470       c82_TSE_Path_method_dispatcher 00000001800dd470 f   c82_TSE_Path.obj
 0001:000e4760       sf_c83_TSE_Path_get_eml_resolved_functions_info 00000001800e5760 f   c83_TSE_Path.obj
 0001:000e65e0       sf_c83_TSE_Path_get_check_sum 00000001800e75e0 f   c83_TSE_Path.obj
 0001:000e6660       sf_c83_TSE_Path_get_autoinheritance_info 00000001800e7660 f   c83_TSE_Path.obj
 0001:000e73c0       sf_c83_TSE_Path_third_party_uses_info 00000001800e83c0 f   c83_TSE_Path.obj
 0001:000e73f0       sf_c83_TSE_Path_jit_fallback_info 00000001800e83f0 f   c83_TSE_Path.obj
 0001:000e74c0       sf_c83_TSE_Path_updateBuildInfo_args_info 00000001800e84c0 f   c83_TSE_Path.obj
 0001:000e74f0       sf_c83_TSE_Path_get_post_codegen_info 00000001800e84f0 f   c83_TSE_Path.obj
 0001:000e75c0       c83_TSE_Path_method_dispatcher 00000001800e85c0 f   c83_TSE_Path.obj
 0001:000ed160       sf_process_check_sum_call  00000001800ee160 f   TSE_Path_sfun_registry.obj
 0001:000ed1b0       sf_process_machine_uses_exported_functions_call 00000001800ee1b0 f   TSE_Path_sfun_registry.obj
 0001:000ed300       sf_process_autoinheritance_call 00000001800ee300 f   TSE_Path_sfun_registry.obj
 0001:000ed4a0       sf_process_get_third_party_uses_info_call 00000001800ee4a0 f   TSE_Path_sfun_registry.obj
 0001:000ed640       sf_process_get_jit_fallback_info_call 00000001800ee640 f   TSE_Path_sfun_registry.obj
 0001:000ed7e0       sf_process_get_updateBuildInfo_args_info_call 00000001800ee7e0 f   TSE_Path_sfun_registry.obj
 0001:000ed980       sf_process_get_eml_resolved_functions_info_call 00000001800ee980 f   TSE_Path_sfun_registry.obj
 0001:000edb00       sf_process_get_post_codegen_info 00000001800eeb00 f   TSE_Path_sfun_registry.obj
 0001:000edc50       sf_mex_unlock_call         00000001800eec50 f   TSE_Path_sfun_registry.obj
 0001:000edd00       sf_machine_global_initializer_called 00000001800eed00 f   TSE_Path_sfun_registry.obj
 0001:000edd30       sf_machine_global_method_dispatcher 00000001800eed30 f   TSE_Path_sfun_registry.obj
 0001:000edd90       sf_machine_global_terminator 00000001800eed90 f   TSE_Path_sfun_registry.obj
 0001:000edde0       sf_register_machine_exported_symbols 00000001800eede0 f   TSE_Path_sfun_registry.obj
 0001:000ede00       callCustomFcn              00000001800eee00 f   TSE_Path_sfun_registry.obj
 0001:000ede10       sf_machine_global_initializer 00000001800eee10 f   TSE_Path_sfun_registry.obj
 0001:000ede90       mdlGetSimState             00000001800eee90 f   TSE_Path_sfun_registry.obj
 0001:000edf10       mdlSetSimState             00000001800eef10 f   TSE_Path_sfun_registry.obj
 0001:000edf50       _ssSetStateAbsTol          00000001800eef50 f   TSE_Path_sfun_registry.obj
 0001:000ee030       _ssGetAbsTol               00000001800ef030 f   TSE_Path_sfun_registry.obj
 0001:000ee0a0       _ssSetInputPortMatrixDimensions 00000001800ef0a0 f   TSE_Path_sfun_registry.obj
 0001:000ee1b0       _ssSetOutputPortMatrixDimensions 00000001800ef1b0 f   TSE_Path_sfun_registry.obj
 0001:000ee2c0       _ssSetInputPortVectorDimension 00000001800ef2c0 f   TSE_Path_sfun_registry.obj
 0001:000ee390       _ssSetOutputPortVectorDimension 00000001800ef390 f   TSE_Path_sfun_registry.obj
 0001:000ee460       ssIsRunTimeParamTunable    00000001800ef460 f   TSE_Path_sfun_registry.obj
 0001:000ee4d0       ssGetSFuncBlockHandle      00000001800ef4d0 f   TSE_Path_sfun_registry.obj
 0001:000ee540       _ssGetCurrentInputPortWidth 00000001800ef540 f   TSE_Path_sfun_registry.obj
 0001:000ee660       _ssGetCurrentOutputPortWidth 00000001800ef660 f   TSE_Path_sfun_registry.obj
 0001:000ee780       _ssGetCallSystemNumFcnCallDestinations 00000001800ef780 f   TSE_Path_sfun_registry.obj
 0001:000ee7f0       ssWarning                  00000001800ef7f0 f   TSE_Path_sfun_registry.obj
 0001:000ee900       ssGetIsZeroCrossControlDisabled 00000001800ef900 f   TSE_Path_sfun_registry.obj
 0001:000ee970       ssSetIsInputPortUsedForContZcSignal 00000001800ef970 f   TSE_Path_sfun_registry.obj
 0001:000ee9e0       ssSetZcSignalIsZcElementDisc 00000001800ef9e0 f   TSE_Path_sfun_registry.obj
 0001:000eea90       ssSetZcSignalName          00000001800efa90 f   TSE_Path_sfun_registry.obj
 0001:000eeb00       ssSetZcSignalWidth         00000001800efb00 f   TSE_Path_sfun_registry.obj
 0001:000eeb70       ssSetZcSignalZcEventType   00000001800efb70 f   TSE_Path_sfun_registry.obj
 0001:000eebe0       ssSetZcSignalType          00000001800efbe0 f   TSE_Path_sfun_registry.obj
 0001:000eec50       ssSetZcSignalZcTol         00000001800efc50 f   TSE_Path_sfun_registry.obj
 0001:000eecc0       ssSetZcSignalNeedsEventNotification 00000001800efcc0 f   TSE_Path_sfun_registry.obj
 0001:000eed30       ssCreateAndAddZcSignalInfo 00000001800efd30 f   TSE_Path_sfun_registry.obj
 0001:000eeda0       ssCloneAndAddZcSignalInfo  00000001800efda0 f   TSE_Path_sfun_registry.obj
 0001:000eee10       ssGetNumZcSignals          00000001800efe10 f   TSE_Path_sfun_registry.obj
 0001:000eee80       ssGetZcSignalVector        00000001800efe80 f   TSE_Path_sfun_registry.obj
 0001:000eeef0       ssGetZcSignalZcEvents      00000001800efef0 f   TSE_Path_sfun_registry.obj
 0001:000eef60       ssGetZcSignalName          00000001800eff60 f   TSE_Path_sfun_registry.obj
 0001:000eefd0       ssGetZcSignalWidth         00000001800effd0 f   TSE_Path_sfun_registry.obj
 0001:000ef040       ssGetZcSignalZcEventType   00000001800f0040 f   TSE_Path_sfun_registry.obj
 0001:000ef0b0       ssGetZcSignalType          00000001800f00b0 f   TSE_Path_sfun_registry.obj
 0001:000ef120       ssGetZcSignalZcTol         00000001800f0120 f   TSE_Path_sfun_registry.obj
 0001:000ef1a0       ssGetZcSignalNeedsEventNotification 00000001800f01a0 f   TSE_Path_sfun_registry.obj
 0001:000ef210       ssGetZcSignalIsZcElementDisc 00000001800f0210 f   TSE_Path_sfun_registry.obj
 0001:000ef2b0       ssGetIsInputPortElementContinuous 00000001800f02b0 f   TSE_Path_sfun_registry.obj
 0001:000ef350       _ssGetInputPortSignalPtrsFcn 00000001800f0350 f   TSE_Path_sfun_registry.obj
 0001:000ef610       _ssGetInputPortSignalFcn   00000001800f0610 f   TSE_Path_sfun_registry.obj
 0001:000ef830       _ssSetInputPortDirectFeedThroughFcn 00000001800f0830 f   TSE_Path_sfun_registry.obj
 0001:000ef990       _ssSetInputPortReusableFcn 00000001800f0990 f   TSE_Path_sfun_registry.obj
 0001:000efa80       _ssSetOutputPortReusableFcn 00000001800f0a80 f   TSE_Path_sfun_registry.obj
 0001:000efb60       ssGetDTypeIdFromMxArray    00000001800f0b60 f   TSE_Path_sfun_registry.obj
 0001:000efc80       ssWriteRTWStr              00000001800f0c80 f   TSE_Path_sfun_registry.obj
 0001:000efce0       ssWriteRTWMxVectParam      00000001800f0ce0 f   TSE_Path_sfun_registry.obj
 0001:000efd40       ssWriteRTWMx2dMatParam     00000001800f0d40 f   TSE_Path_sfun_registry.obj
 0001:000efdc0       ssWriteRTWNameValuePair    00000001800f0dc0 f   TSE_Path_sfun_registry.obj
 0001:000f02b0       ssWriteRTWParameters       00000001800f12b0 f   TSE_Path_sfun_registry.obj
 0001:000f08b0       ssWriteRTWParamSettings    00000001800f18b0 f   TSE_Path_sfun_registry.obj
 0001:000f0f80       ssWriteRTWWorkVect         00000001800f1f80 f   TSE_Path_sfun_registry.obj
 0001:000f1480       mexFunction                00000001800f2480 f   TSE_Path_sfun_registry.obj
 0001:000f39a0       ProcessMexSfunctionEveryCall 00000001800f49a0 f   TSE_Path_sfun_registry.obj
 0001:000f3b22       sf_debug_set_machine_data_thresholds 00000001800f4b22 f   sf_runtime:sf_runtime.dll
 0001:000f3b28       sf_debug_set_machine_event_thresholds 00000001800f4b28 f   sf_runtime:sf_runtime.dll
 0001:000f3b2e       sf_debug_initialize_machine 00000001800f4b2e f   sf_runtime:sf_runtime.dll
 0001:000f3b34       sf_load_rtw_optimization_info 00000001800f4b34 f   sf_runtime:sf_runtime.dll
 0001:000f3b3a       sf_mex_emlrtNameCapturePostProcessR2012a 00000001800f4b3a f   sf_runtime:sf_runtime.dll
 0001:000f3b40       sf_mex_assign              00000001800f4b40 f   sf_runtime:sf_runtime.dll
 0001:000f3b46       sf_mex_createstruct        00000001800f4b46 f   sf_runtime:sf_runtime.dll
 0001:000f3b4c       sf_mex_destroy             00000001800f4b4c f   sf_runtime:sf_runtime.dll
 0001:000f3b52       sf_mex_duplicatearraysafe  00000001800f4b52 f   sf_runtime:sf_runtime.dll
 0001:000f3b58       sf_mex_createcellmatrix    00000001800f4b58 f   sf_runtime:sf_runtime.dll
 0001:000f3b5e       sf_mex_addfield            00000001800f4b5e f   sf_runtime:sf_runtime.dll
 0001:000f3b64       sf_mex_create              00000001800f4b64 f   sf_runtime:sf_runtime.dll
 0001:000f3b6a       sf_mex_error_message       00000001800f4b6a f   sf_runtime:sf_runtime.dll
 0001:000f3b70       sf_set_rtw_dwork_info      00000001800f4b70 f   sf_runtime:sf_runtime.dll
 0001:000f3b76       sf_mark_chart_reusable_outputs 00000001800f4b76 f   sf_runtime:sf_runtime.dll
 0001:000f3b7c       sf_mark_chart_expressionable_inputs 00000001800f4b7c f   sf_runtime:sf_runtime.dll
 0001:000f3b82       sf_update_buildInfo        00000001800f4b82 f   sf_runtime:sf_runtime.dll
 0001:000f3b88       sf_rtw_info_uint_prop      00000001800f4b88 f   sf_runtime:sf_runtime.dll
 0001:000f3b8e       sf_is_chart_inlinable      00000001800f4b8e f   sf_runtime:sf_runtime.dll
 0001:000f3b94       sim_mode_is_external       00000001800f4b94 f   sf_runtime:sf_runtime.dll
 0001:000f3b9a       sim_mode_is_rtw_gen        00000001800f4b9a f   sf_runtime:sf_runtime.dll
 0001:000f3ba0       ssGetOutputPortSignal_wrapper 00000001800f4ba0 f   sf_runtime:sf_runtime.dll
 0001:000f3ba6       ssGetInputPortSignal_wrapper 00000001800f4ba6 f   sf_runtime:sf_runtime.dll
 0001:000f3bac       sf_mex_decode_encoded_mx_struct_array 00000001800f4bac f   sf_runtime:sf_runtime.dll
 0001:000f3bb2       sf_debug_reset_current_state_configuration 00000001800f4bb2 f   sf_runtime:sf_runtime.dll
 0001:000f3bb8       sf_debug_set_instance_data_value_ptr 00000001800f4bb8 f   sf_runtime:sf_runtime.dll
 0001:000f3bbe       sf_debug_set_chart_data_compiled_props 00000001800f4bbe f   sf_runtime:sf_runtime.dll
 0001:000f3bc4       cv_script_init_switch      00000001800f4bc4 f   sf_runtime:sf_runtime.dll
 0001:000f3bca       cv_script_init_relational  00000001800f4bca f   sf_runtime:sf_runtime.dll
 0001:000f3bd0       cv_script_init_while       00000001800f4bd0 f   sf_runtime:sf_runtime.dll
 0001:000f3bd6       cv_script_init_if          00000001800f4bd6 f   sf_runtime:sf_runtime.dll
 0001:000f3bdc       cv_script_init_fcn         00000001800f4bdc f   sf_runtime:sf_runtime.dll
 0001:000f3be2       cv_script_init_script      00000001800f4be2 f   sf_runtime:sf_runtime.dll
 0001:000f3be8       cv_eml_init_relational     00000001800f4be8 f   sf_runtime:sf_runtime.dll
 0001:000f3bee       cv_eml_init_while          00000001800f4bee f   sf_runtime:sf_runtime.dll
 0001:000f3bf4       cv_eml_init_if             00000001800f4bf4 f   sf_runtime:sf_runtime.dll
 0001:000f3bfa       cv_eml_init_fcn            00000001800f4bfa f   sf_runtime:sf_runtime.dll
 0001:000f3c00       cv_eml_init_script         00000001800f4c00 f   sf_runtime:sf_runtime.dll
 0001:000f3c06       sf_debug_cv_init_trans     00000001800f4c06 f   sf_runtime:sf_runtime.dll
 0001:000f3c0c       sf_debug_cv_init_state     00000001800f4c0c f   sf_runtime:sf_runtime.dll
 0001:000f3c12       sf_debug_cv_init_chart     00000001800f4c12 f   sf_runtime:sf_runtime.dll
 0001:000f3c18       sf_debug_set_chart_decomposition 00000001800f4c18 f   sf_runtime:sf_runtime.dll
 0001:000f3c1e       sf_debug_set_chart_substate_count 00000001800f4c1e f   sf_runtime:sf_runtime.dll
 0001:000f3c24       sf_debug_set_chart_state_info 00000001800f4c24 f   sf_runtime:sf_runtime.dll
 0001:000f3c2a       sf_debug_set_chart_data_props 00000001800f4c2a f   sf_runtime:sf_runtime.dll
 0001:000f3c30       sf_debug_set_chart_event_thresholds 00000001800f4c30 f   sf_runtime:sf_runtime.dll
 0001:000f3c36       sf_debug_set_chart_disable_implicit_casting 00000001800f4c36 f   sf_runtime:sf_runtime.dll
 0001:000f3c3c       sf_debug_initialize_chart  00000001800f4c3c f   sf_runtime:sf_runtime.dll
 0001:000f3c42       sf_debug_set_script_translation 00000001800f4c42 f   sf_runtime:sf_runtime.dll
 0001:000f3c48       sf_debug_get_script_id     00000001800f4c48 f   sf_runtime:sf_runtime.dll
 0001:000f3c4e       sf_mex_dup                 00000001800f4c4e f   sf_runtime:sf_runtime.dll
 0001:000f3c54       sf_mex_import              00000001800f4c54 f   sf_runtime:sf_runtime.dll
 0001:000f3c5a       sf_get_time                00000001800f4c5a f   sf_runtime:sf_runtime.dll
 0001:000f3c60       sf_debug_check_for_state_inconsistency 00000001800f4c60 f   sf_runtime:sf_runtime.dll
 0001:000f3c66       sf_debug_symbol_scope_pop  00000001800f4c66 f   sf_runtime:sf_runtime.dll
 0001:000f3c6c       sf_debug_data_range_wrapper 00000001800f4c6c f   sf_runtime:sf_runtime.dll
 0001:000f3c72       sf_debug_call              00000001800f4c72 f   sf_runtime:sf_runtime.dll
 0001:000f3c78       sf_debug_symbol_scope_push 00000001800f4c78 f   sf_runtime:sf_runtime.dll
 0001:000f3c7e       sf_mex_listen_for_ctrl_c   00000001800f4c7e f   sf_runtime:sf_runtime.dll
 0001:000f3c84       cv_eval_relational         00000001800f4c84 f   sf_runtime:sf_runtime.dll
 0001:000f3c8a       eml_debug_line_call        00000001800f4c8a f   sf_runtime:sf_runtime.dll
 0001:000f3c90       cv_eml_eval                00000001800f4c90 f   sf_runtime:sf_runtime.dll
 0001:000f3c96       sf_debug_symbol_scope_add_eml 00000001800f4c96 f   sf_runtime:sf_runtime.dll
 0001:000f3c9c       sf_debug_symbol_scope_add_eml_importable 00000001800f4c9c f   sf_runtime:sf_runtime.dll
 0001:000f3ca2       sf_debug_symbol_scope_push_eml 00000001800f4ca2 f   sf_runtime:sf_runtime.dll
 0001:000f3ca8       cv_script_eval             00000001800f4ca8 f   sf_runtime:sf_runtime.dll
 0001:000f3cae       sf_debug_symbol_switch     00000001800f4cae f   sf_runtime:sf_runtime.dll
 0001:000f3cb4       sf_debug_integer_check     00000001800f4cb4 f   sf_runtime:sf_runtime.dll
 0001:000f3cba       sf_mex_call_debug          00000001800f4cba f   sf_runtime:sf_runtime.dll
 0001:000f3cc0       sf_debug_eml_data_array_bounds_error_check 00000001800f4cc0 f   sf_runtime:sf_runtime.dll
 0001:000f3cc6       sf_mex_setcell             00000001800f4cc6 f   sf_runtime:sf_runtime.dll
 0001:000f3ccc       sf_mex_getcell             00000001800f4ccc f   sf_runtime:sf_runtime.dll
 0001:000f3cd2       sf_clear_rtw_identifier    00000001800f4cd2 f   sf_runtime:sf_runtime.dll
 0001:000f3cd8       sf_debug_terminate         00000001800f4cd8 f   sf_runtime:sf_runtime.dll
 0001:000f3cde       sf_debug_create_debug_instance_struct 00000001800f4cde f   sf_runtime:sf_runtime.dll
 0001:000f3ce4       sf_debug_api               00000001800f4ce4 f   sf_runtime:sf_runtime.dll
 0001:000f3cea       callMdlMethodAndReportError 00000001800f4cea f   sf_runtime:sf_runtime.dll
 0001:000f3cf0       call_sf_machine_global_method_dispatcher 00000001800f4cf0 f   sf_runtime:sf_runtime.dll
 0001:000f3cf6       sf_clear_error_manager_info 00000001800f4cf6 f   sf_runtime:sf_runtime.dll
 0001:000f3cfc       sf_mex_error_direct_call   00000001800f4cfc f   sf_runtime:sf_runtime.dll
 0001:000f3d02       mxCreateLogicalScalar      00000001800f4d02 f   libmx:libmx.dll
 0001:000f3d08       mxGetScalar                00000001800f4d08 f   libmx:libmx.dll
 0001:000f3d0e       mxGetPr                    00000001800f4d0e f   libmx:libmx.dll
 0001:000f3d14       mxCreateDoubleMatrix_730   00000001800f4d14 f   libmx:libmx.dll
 0001:000f3d1a       mxGetString_730            00000001800f4d1a f   libmx:libmx.dll
 0001:000f3d20       mxIsChar                   00000001800f4d20 f   libmx:libmx.dll
 0001:000f3d26       mxDestroyArray             00000001800f4d26 f   libmx:libmx.dll
 0001:000f3d2c       mxDuplicateArray           00000001800f4d2c f   libmx:libmx.dll
 0001:000f3d32       mxCreateDoubleScalar       00000001800f4d32 f   libmx:libmx.dll
 0001:000f3d38       mxSetField_730             00000001800f4d38 f   libmx:libmx.dll
 0001:000f3d3e       mxCreateString             00000001800f4d3e f   libmx:libmx.dll
 0001:000f3d44       mxCreateStructMatrix_730   00000001800f4d44 f   libmx:libmx.dll
 0001:000f3d4a       mxCreateCellMatrix_730     00000001800f4d4a f   libmx:libmx.dll
 0001:000f3d50       mxCreateCellArray_730      00000001800f4d50 f   libmx:libmx.dll
 0001:000f3d56       mxCreateStructArray_730    00000001800f4d56 f   libmx:libmx.dll
 0001:000f3d5c       mxGetNaN                   00000001800f4d5c f   libmx:libmx.dll
 0001:000f3d62       mxGetClassID               00000001800f4d62 f   libmx:libmx.dll
 0001:000f3d68       mxIsNumeric                00000001800f4d68 f   libmx:libmx.dll
 0001:000f3d6e       mxIsComplex                00000001800f4d6e f   libmx:libmx.dll
 0001:000f3d74       mxGetN                     00000001800f4d74 f   libmx:libmx.dll
 0001:000f3d7a       mxGetM                     00000001800f4d7a f   libmx:libmx.dll
 0001:000f3d80       mxCalloc                   00000001800f4d80 f   libmx:libmx.dll
 0001:000f3d86       mexMakeArrayPersistent     00000001800f4d86 f   libmex:libmex.dll
 0001:000f3d8c       mexUnlock                  00000001800f4d8c f   libmex:libmex.dll
 0001:000f3d92       mexIsLocked                00000001800f4d92 f   libmex:libmex.dll
 0001:000f3d98       mexWarnMsgTxt              00000001800f4d98 f   libmex:libmex.dll
 0001:000f3d9e       mexCallMATLABWithObject    00000001800f4d9e f   libmex:libmex.dll
 0001:000f3da4       mexErrMsgTxt               00000001800f4da4 f   libmex:libmex.dll
 0001:000f3daa       mexLock                    00000001800f4daa f   libmex:libmex.dll
 0001:000f3db0       utMalloc                   00000001800f4db0 f   libut:libut.dll
 0001:000f3db6       utFree                     00000001800f4db6 f   libut:libut.dll
 0001:000f3dbc       muDoubleScalarAbs          00000001800f4dbc f   libmwmathutil:libmwmathutil.dll
 0001:000f3dc2       muDoubleScalarLog10        00000001800f4dc2 f   libmwmathutil:libmwmathutil.dll
 0001:000f3dc8       muDoubleScalarIsNaN        00000001800f4dc8 f   libmwmathutil:libmwmathutil.dll
 0001:000f3dce       muDoubleScalarPower        00000001800f4dce f   libmwmathutil:libmwmathutil.dll
 0001:000f3dd4       __GSHandlerCheckCommon     00000001800f4dd4 f   MSVCRT:gshandler.obj
 0001:000f3e38       __GSHandlerCheck           00000001800f4e38 f   MSVCRT:gshandler.obj
 0001:000f3e56       strcmp                     00000001800f4e56 f   MSVCRT:MSVCR100.dll
 0001:000f3e70       __security_check_cookie    00000001800f4e70 f   MSVCRT:amdsecgs.obj
 0001:000f3e90       strlen                     00000001800f4e90 f   MSVCRT:MSVCR100.dll
 0001:000f3e96       memset                     00000001800f4e96 f   MSVCRT:MSVCR100.dll
 0001:000f3eb0       __chkstk                   00000001800f4eb0 f   MSVCRT:chkstk.obj
 0001:000f3eb0       _alloca_probe              00000001800f4eb0     MSVCRT:chkstk.obj
 0001:000f3efe       free                       00000001800f4efe f   MSVCRT:MSVCR100.dll
 0001:000f3f04       sprintf                    00000001800f4f04 f   MSVCRT:MSVCR100.dll
 0001:000f3f0a       malloc                     00000001800f4f0a f   MSVCRT:MSVCR100.dll
 0001:000f3f10       strcat                     00000001800f4f10 f   MSVCRT:MSVCR100.dll
 0001:000f3f16       memcpy                     00000001800f4f16 f   MSVCRT:MSVCR100.dll
 0001:000f3f1c       NtCurrentTeb               00000001800f4f1c f i MSVCRT:crtdll.obj
 0001:000f3f88       _CRT_INIT                  00000001800f4f88 f   MSVCRT:crtdll.obj
 0001:000f4320       _DllMainCRTStartup         00000001800f5320 f   MSVCRT:crtdll.obj
 0001:000f4360       __report_gsfailure         00000001800f5360 f   MSVCRT:gs_report.obj
 0001:000f44ac       __clean_type_info_names    00000001800f54ac f   MSVCRT:tncleanup.obj
 0001:000f44b8       _onexit                    00000001800f54b8 f   MSVCRT:atonexit.obj
 0001:000f4568       atexit                     00000001800f5568 f   MSVCRT:atonexit.obj
 0001:000f4580       _RTC_Initialize            00000001800f5580 f   MSVCRT:_initsect_.obj
 0001:000f45b8       _RTC_Terminate             00000001800f55b8 f   MSVCRT:_initsect_.obj
 0001:000f45f0       _malloc_crt                00000001800f55f0 f   MSVCRT:MSVCR100.dll
 0001:000f4600       _ValidateImageBase         00000001800f5600 f   MSVCRT:pesect.obj
 0001:000f4630       _FindPESection             00000001800f5630 f   MSVCRT:pesect.obj
 0001:000f4680       _IsNonwritableInCurrentImage 00000001800f5680 f   MSVCRT:pesect.obj
 0001:000f46c2       _initterm                  00000001800f56c2 f   MSVCRT:MSVCR100.dll
 0001:000f46c8       _initterm_e                00000001800f56c8 f   MSVCRT:MSVCR100.dll
 0001:000f46ce       _encoded_null              00000001800f56ce f   MSVCRT:MSVCR100.dll
 0001:000f46d4       _amsg_exit                 00000001800f56d4 f   MSVCRT:MSVCR100.dll
 0001:000f46da       __C_specific_handler       00000001800f56da f   MSVCRT:MSVCR100.dll
 0001:000f46e0       __CppXcptFilter            00000001800f56e0 f   MSVCRT:MSVCR100.dll
 0001:000f46e8       DllMain                    00000001800f56e8 f   MSVCRT:dllmain.obj
 0001:000f470c       __security_init_cookie     00000001800f570c f   MSVCRT:gs_support.obj
 0001:000f47c0       __crt_debugger_hook        00000001800f57c0 f   MSVCRT:MSVCR100.dll
 0001:000f47c6       __clean_type_info_names_internal 00000001800f57c6 f   MSVCRT:MSVCR100.dll
 0001:000f47cc       _unlock                    00000001800f57cc f   MSVCRT:MSVCR100.dll
 0001:000f47d2       __dllonexit                00000001800f57d2 f   MSVCRT:MSVCR100.dll
 0001:000f47d8       _lock                      00000001800f57d8 f   MSVCRT:MSVCR100.dll
 0001:000f47de       EncodePointer              00000001800f57de f   kernel32:KERNEL32.dll
 0001:000f47e4       DecodePointer              00000001800f57e4 f   kernel32:KERNEL32.dll
 0001:000f47ea       Sleep                      00000001800f57ea f   kernel32:KERNEL32.dll
 0001:000f47f0       TerminateProcess           00000001800f57f0 f   kernel32:KERNEL32.dll
 0001:000f47f6       GetCurrentProcess          00000001800f57f6 f   kernel32:KERNEL32.dll
 0001:000f47fc       UnhandledExceptionFilter   00000001800f57fc f   kernel32:KERNEL32.dll
 0001:000f4802       SetUnhandledExceptionFilter 00000001800f5802 f   kernel32:KERNEL32.dll
 0001:000f4808       IsDebuggerPresent          00000001800f5808 f   kernel32:KERNEL32.dll
 0001:000f480e       RtlVirtualUnwind           00000001800f580e f   kernel32:KERNEL32.dll
 0001:000f4814       RtlLookupFunctionEntry     00000001800f5814 f   kernel32:KERNEL32.dll
 0001:000f481a       RtlCaptureContext          00000001800f581a f   kernel32:KERNEL32.dll
 0001:000f4820       DisableThreadLibraryCalls  00000001800f5820 f   kernel32:KERNEL32.dll
 0001:000f4826       QueryPerformanceCounter    00000001800f5826 f   kernel32:KERNEL32.dll
 0001:000f482c       GetTickCount               00000001800f582c f   kernel32:KERNEL32.dll
 0001:000f4832       GetCurrentThreadId         00000001800f5832 f   kernel32:KERNEL32.dll
 0001:000f4838       GetCurrentProcessId        00000001800f5838 f   kernel32:KERNEL32.dll
 0001:000f483e       GetSystemTimeAsFileTime    00000001800f583e f   kernel32:KERNEL32.dll
 0002:00000000       __imp_GetCurrentProcessId  00000001800f6000     kernel32:KERNEL32.dll
 0002:00000008       __imp_GetCurrentThreadId   00000001800f6008     kernel32:KERNEL32.dll
 0002:00000010       __imp_GetTickCount         00000001800f6010     kernel32:KERNEL32.dll
 0002:00000018       __imp_QueryPerformanceCounter 00000001800f6018     kernel32:KERNEL32.dll
 0002:00000020       __imp_DisableThreadLibraryCalls 00000001800f6020     kernel32:KERNEL32.dll
 0002:00000028       __imp_RtlCaptureContext    00000001800f6028     kernel32:KERNEL32.dll
 0002:00000030       __imp_RtlLookupFunctionEntry 00000001800f6030     kernel32:KERNEL32.dll
 0002:00000038       __imp_RtlVirtualUnwind     00000001800f6038     kernel32:KERNEL32.dll
 0002:00000040       __imp_IsDebuggerPresent    00000001800f6040     kernel32:KERNEL32.dll
 0002:00000048       __imp_SetUnhandledExceptionFilter 00000001800f6048     kernel32:KERNEL32.dll
 0002:00000050       __imp_UnhandledExceptionFilter 00000001800f6050     kernel32:KERNEL32.dll
 0002:00000058       __imp_GetCurrentProcess    00000001800f6058     kernel32:KERNEL32.dll
 0002:00000060       __imp_TerminateProcess     00000001800f6060     kernel32:KERNEL32.dll
 0002:00000068       __imp_Sleep                00000001800f6068     kernel32:KERNEL32.dll
 0002:00000070       __imp_DecodePointer        00000001800f6070     kernel32:KERNEL32.dll
 0002:00000078       __imp_EncodePointer        00000001800f6078     kernel32:KERNEL32.dll
 0002:00000080       __imp_GetSystemTimeAsFileTime 00000001800f6080     kernel32:KERNEL32.dll
 0002:00000088       \177KERNEL32_NULL_THUNK_DATA 00000001800f6088     kernel32:KERNEL32.dll
 0002:00000090       __imp__onexit              00000001800f6090     MSVCRT:MSVCR100.dll
 0002:00000098       __imp__lock                00000001800f6098     MSVCRT:MSVCR100.dll
 0002:000000a0       __imp___dllonexit          00000001800f60a0     MSVCRT:MSVCR100.dll
 0002:000000a8       __imp__unlock              00000001800f60a8     MSVCRT:MSVCR100.dll
 0002:000000b0       __imp___clean_type_info_names_internal 00000001800f60b0     MSVCRT:MSVCR100.dll
 0002:000000b8       __imp___crt_debugger_hook  00000001800f60b8     MSVCRT:MSVCR100.dll
 0002:000000c0       __imp___CppXcptFilter      00000001800f60c0     MSVCRT:MSVCR100.dll
 0002:000000c8       __imp___C_specific_handler 00000001800f60c8     MSVCRT:MSVCR100.dll
 0002:000000d0       __imp__amsg_exit           00000001800f60d0     MSVCRT:MSVCR100.dll
 0002:000000d8       __imp__encoded_null        00000001800f60d8     MSVCRT:MSVCR100.dll
 0002:000000e0       __imp__initterm_e          00000001800f60e0     MSVCRT:MSVCR100.dll
 0002:000000e8       __imp__initterm            00000001800f60e8     MSVCRT:MSVCR100.dll
 0002:000000f0       __imp__malloc_crt          00000001800f60f0     MSVCRT:MSVCR100.dll
 0002:000000f8       __imp_memcpy               00000001800f60f8     MSVCRT:MSVCR100.dll
 0002:00000100       __imp_strcat               00000001800f6100     MSVCRT:MSVCR100.dll
 0002:00000108       __imp_malloc               00000001800f6108     MSVCRT:MSVCR100.dll
 0002:00000110       __imp_sprintf              00000001800f6110     MSVCRT:MSVCR100.dll
 0002:00000118       __imp_free                 00000001800f6118     MSVCRT:MSVCR100.dll
 0002:00000120       __imp_memset               00000001800f6120     MSVCRT:MSVCR100.dll
 0002:00000128       __imp_strlen               00000001800f6128     MSVCRT:MSVCR100.dll
 0002:00000130       __imp_strcmp               00000001800f6130     MSVCRT:MSVCR100.dll
 0002:00000138       \177MSVCR100_NULL_THUNK_DATA 00000001800f6138     MSVCRT:MSVCR100.dll
 0002:00000140       __imp_mexLock              00000001800f6140     libmex:libmex.dll
 0002:00000148       __imp_mexUnlock            00000001800f6148     libmex:libmex.dll
 0002:00000150       __imp_mexIsLocked          00000001800f6150     libmex:libmex.dll
 0002:00000158       __imp_mexWarnMsgTxt        00000001800f6158     libmex:libmex.dll
 0002:00000160       __imp_mexCallMATLABWithObject 00000001800f6160     libmex:libmex.dll
 0002:00000168       __imp_mexMakeArrayPersistent 00000001800f6168     libmex:libmex.dll
 0002:00000170       __imp_mexErrMsgTxt         00000001800f6170     libmex:libmex.dll
 0002:00000178       \177libmex_NULL_THUNK_DATA 00000001800f6178     libmex:libmex.dll
 0002:00000180       __imp_muDoubleScalarLog10  00000001800f6180     libmwmathutil:libmwmathutil.dll
 0002:00000188       __imp_muDoubleScalarIsNaN  00000001800f6188     libmwmathutil:libmwmathutil.dll
 0002:00000190       __imp_muDoubleScalarPower  00000001800f6190     libmwmathutil:libmwmathutil.dll
 0002:00000198       __imp_muDoubleScalarAbs    00000001800f6198     libmwmathutil:libmwmathutil.dll
 0002:000001a0       \177libmwmathutil_NULL_THUNK_DATA 00000001800f61a0     libmwmathutil:libmwmathutil.dll
 0002:000001a8       __imp_mxCalloc             00000001800f61a8     libmx:libmx.dll
 0002:000001b0       __imp_mxGetM               00000001800f61b0     libmx:libmx.dll
 0002:000001b8       __imp_mxGetN               00000001800f61b8     libmx:libmx.dll
 0002:000001c0       __imp_mxIsComplex          00000001800f61c0     libmx:libmx.dll
 0002:000001c8       __imp_mxIsNumeric          00000001800f61c8     libmx:libmx.dll
 0002:000001d0       __imp_mxGetClassID         00000001800f61d0     libmx:libmx.dll
 0002:000001d8       __imp_mxGetNaN             00000001800f61d8     libmx:libmx.dll
 0002:000001e0       __imp_mxCreateStructArray_730 00000001800f61e0     libmx:libmx.dll
 0002:000001e8       __imp_mxCreateCellArray_730 00000001800f61e8     libmx:libmx.dll
 0002:000001f0       __imp_mxCreateCellMatrix_730 00000001800f61f0     libmx:libmx.dll
 0002:000001f8       __imp_mxCreateStructMatrix_730 00000001800f61f8     libmx:libmx.dll
 0002:00000200       __imp_mxCreateString       00000001800f6200     libmx:libmx.dll
 0002:00000208       __imp_mxSetField_730       00000001800f6208     libmx:libmx.dll
 0002:00000210       __imp_mxCreateDoubleScalar 00000001800f6210     libmx:libmx.dll
 0002:00000218       __imp_mxDestroyArray       00000001800f6218     libmx:libmx.dll
 0002:00000220       __imp_mxIsChar             00000001800f6220     libmx:libmx.dll
 0002:00000228       __imp_mxGetString_730      00000001800f6228     libmx:libmx.dll
 0002:00000230       __imp_mxCreateDoubleMatrix_730 00000001800f6230     libmx:libmx.dll
 0002:00000238       __imp_mxGetPr              00000001800f6238     libmx:libmx.dll
 0002:00000240       __imp_mxGetScalar          00000001800f6240     libmx:libmx.dll
 0002:00000248       __imp_mxCreateLogicalScalar 00000001800f6248     libmx:libmx.dll
 0002:00000250       __imp_mxDuplicateArray     00000001800f6250     libmx:libmx.dll
 0002:00000258       \177libmx_NULL_THUNK_DATA  00000001800f6258     libmx:libmx.dll
 0002:00000260       __imp_utMalloc             00000001800f6260     libut:libut.dll
 0002:00000268       __imp_utFree               00000001800f6268     libut:libut.dll
 0002:00000270       \177libut_NULL_THUNK_DATA  00000001800f6270     libut:libut.dll
 0002:00000278       __imp_sf_rtw_info_uint_prop 00000001800f6278     sf_runtime:sf_runtime.dll
 0002:00000280       __imp_sf_debug_api         00000001800f6280     sf_runtime:sf_runtime.dll
 0002:00000288       __imp_sf_debug_create_debug_instance_struct 00000001800f6288     sf_runtime:sf_runtime.dll
 0002:00000290       __imp_sf_debug_terminate   00000001800f6290     sf_runtime:sf_runtime.dll
 0002:00000298       __imp_sf_clear_rtw_identifier 00000001800f6298     sf_runtime:sf_runtime.dll
 0002:000002a0       __imp_sf_mex_getcell       00000001800f62a0     sf_runtime:sf_runtime.dll
 0002:000002a8       __imp_sf_mex_setcell       00000001800f62a8     sf_runtime:sf_runtime.dll
 0002:000002b0       __imp_sf_debug_eml_data_array_bounds_error_check 00000001800f62b0     sf_runtime:sf_runtime.dll
 0002:000002b8       __imp_sf_mex_call_debug    00000001800f62b8     sf_runtime:sf_runtime.dll
 0002:000002c0       __imp_sf_is_chart_inlinable 00000001800f62c0     sf_runtime:sf_runtime.dll
 0002:000002c8       __imp_sf_debug_integer_check 00000001800f62c8     sf_runtime:sf_runtime.dll
 0002:000002d0       __imp_sf_debug_symbol_switch 00000001800f62d0     sf_runtime:sf_runtime.dll
 0002:000002d8       __imp_cv_script_eval       00000001800f62d8     sf_runtime:sf_runtime.dll
 0002:000002e0       __imp_sf_debug_symbol_scope_push_eml 00000001800f62e0     sf_runtime:sf_runtime.dll
 0002:000002e8       __imp_sf_debug_symbol_scope_add_eml_importable 00000001800f62e8     sf_runtime:sf_runtime.dll
 0002:000002f0       __imp_sf_debug_symbol_scope_add_eml 00000001800f62f0     sf_runtime:sf_runtime.dll
 0002:000002f8       __imp_sf_clear_error_manager_info 00000001800f62f8     sf_runtime:sf_runtime.dll
 0002:00000300       __imp_eml_debug_line_call  00000001800f6300     sf_runtime:sf_runtime.dll
 0002:00000308       __imp_cv_eval_relational   00000001800f6308     sf_runtime:sf_runtime.dll
 0002:00000310       __imp_sf_mex_listen_for_ctrl_c 00000001800f6310     sf_runtime:sf_runtime.dll
 0002:00000318       __imp_sf_debug_symbol_scope_push 00000001800f6318     sf_runtime:sf_runtime.dll
 0002:00000320       __imp_sf_debug_call        00000001800f6320     sf_runtime:sf_runtime.dll
 0002:00000328       __imp_sf_debug_data_range_wrapper 00000001800f6328     sf_runtime:sf_runtime.dll
 0002:00000330       __imp_sf_debug_symbol_scope_pop 00000001800f6330     sf_runtime:sf_runtime.dll
 0002:00000338       __imp_sf_debug_check_for_state_inconsistency 00000001800f6338     sf_runtime:sf_runtime.dll
 0002:00000340       __imp_sf_get_time          00000001800f6340     sf_runtime:sf_runtime.dll
 0002:00000348       __imp_sf_mex_import        00000001800f6348     sf_runtime:sf_runtime.dll
 0002:00000350       __imp_sf_mex_dup           00000001800f6350     sf_runtime:sf_runtime.dll
 0002:00000358       __imp_sf_debug_get_script_id 00000001800f6358     sf_runtime:sf_runtime.dll
 0002:00000360       __imp_sf_debug_set_script_translation 00000001800f6360     sf_runtime:sf_runtime.dll
 0002:00000368       __imp_sf_debug_initialize_chart 00000001800f6368     sf_runtime:sf_runtime.dll
 0002:00000370       __imp_sf_debug_set_chart_disable_implicit_casting 00000001800f6370     sf_runtime:sf_runtime.dll
 0002:00000378       __imp_sf_debug_set_chart_event_thresholds 00000001800f6378     sf_runtime:sf_runtime.dll
 0002:00000380       __imp_call_sf_machine_global_method_dispatcher 00000001800f6380     sf_runtime:sf_runtime.dll
 0002:00000388       __imp_cv_eml_eval          00000001800f6388     sf_runtime:sf_runtime.dll
 0002:00000390       __imp_callMdlMethodAndReportError 00000001800f6390     sf_runtime:sf_runtime.dll
 0002:00000398       __imp_sf_debug_set_chart_data_props 00000001800f6398     sf_runtime:sf_runtime.dll
 0002:000003a0       __imp_sf_debug_set_chart_state_info 00000001800f63a0     sf_runtime:sf_runtime.dll
 0002:000003a8       __imp_sf_debug_set_chart_substate_count 00000001800f63a8     sf_runtime:sf_runtime.dll
 0002:000003b0       __imp_sf_debug_set_chart_decomposition 00000001800f63b0     sf_runtime:sf_runtime.dll
 0002:000003b8       __imp_sf_debug_cv_init_chart 00000001800f63b8     sf_runtime:sf_runtime.dll
 0002:000003c0       __imp_sf_debug_cv_init_state 00000001800f63c0     sf_runtime:sf_runtime.dll
 0002:000003c8       __imp_sf_debug_cv_init_trans 00000001800f63c8     sf_runtime:sf_runtime.dll
 0002:000003d0       __imp_cv_eml_init_script   00000001800f63d0     sf_runtime:sf_runtime.dll
 0002:000003d8       __imp_cv_eml_init_fcn      00000001800f63d8     sf_runtime:sf_runtime.dll
 0002:000003e0       __imp_cv_eml_init_if       00000001800f63e0     sf_runtime:sf_runtime.dll
 0002:000003e8       __imp_cv_eml_init_while    00000001800f63e8     sf_runtime:sf_runtime.dll
 0002:000003f0       __imp_cv_eml_init_relational 00000001800f63f0     sf_runtime:sf_runtime.dll
 0002:000003f8       __imp_cv_script_init_script 00000001800f63f8     sf_runtime:sf_runtime.dll
 0002:00000400       __imp_cv_script_init_fcn   00000001800f6400     sf_runtime:sf_runtime.dll
 0002:00000408       __imp_cv_script_init_if    00000001800f6408     sf_runtime:sf_runtime.dll
 0002:00000410       __imp_cv_script_init_while 00000001800f6410     sf_runtime:sf_runtime.dll
 0002:00000418       __imp_cv_script_init_relational 00000001800f6418     sf_runtime:sf_runtime.dll
 0002:00000420       __imp_cv_script_init_switch 00000001800f6420     sf_runtime:sf_runtime.dll
 0002:00000428       __imp_sf_debug_set_chart_data_compiled_props 00000001800f6428     sf_runtime:sf_runtime.dll
 0002:00000430       __imp_sf_debug_set_instance_data_value_ptr 00000001800f6430     sf_runtime:sf_runtime.dll
 0002:00000438       __imp_sf_debug_reset_current_state_configuration 00000001800f6438     sf_runtime:sf_runtime.dll
 0002:00000440       __imp_sf_mex_decode_encoded_mx_struct_array 00000001800f6440     sf_runtime:sf_runtime.dll
 0002:00000448       __imp_ssGetInputPortSignal_wrapper 00000001800f6448     sf_runtime:sf_runtime.dll
 0002:00000450       __imp_ssGetOutputPortSignal_wrapper 00000001800f6450     sf_runtime:sf_runtime.dll
 0002:00000458       __imp_sim_mode_is_rtw_gen  00000001800f6458     sf_runtime:sf_runtime.dll
 0002:00000460       __imp_sim_mode_is_external 00000001800f6460     sf_runtime:sf_runtime.dll
 0002:00000468       __imp_sf_update_buildInfo  00000001800f6468     sf_runtime:sf_runtime.dll
 0002:00000470       __imp_sf_mark_chart_expressionable_inputs 00000001800f6470     sf_runtime:sf_runtime.dll
 0002:00000478       __imp_sf_mark_chart_reusable_outputs 00000001800f6478     sf_runtime:sf_runtime.dll
 0002:00000480       __imp_sf_set_rtw_dwork_info 00000001800f6480     sf_runtime:sf_runtime.dll
 0002:00000488       __imp_sf_mex_error_message 00000001800f6488     sf_runtime:sf_runtime.dll
 0002:00000490       __imp_sf_mex_create        00000001800f6490     sf_runtime:sf_runtime.dll
 0002:00000498       __imp_sf_mex_addfield      00000001800f6498     sf_runtime:sf_runtime.dll
 0002:000004a0       __imp_sf_mex_createcellmatrix 00000001800f64a0     sf_runtime:sf_runtime.dll
 0002:000004a8       __imp_sf_mex_duplicatearraysafe 00000001800f64a8     sf_runtime:sf_runtime.dll
 0002:000004b0       __imp_sf_mex_destroy       00000001800f64b0     sf_runtime:sf_runtime.dll
 0002:000004b8       __imp_sf_mex_createstruct  00000001800f64b8     sf_runtime:sf_runtime.dll
 0002:000004c0       __imp_sf_mex_assign        00000001800f64c0     sf_runtime:sf_runtime.dll
 0002:000004c8       __imp_sf_mex_emlrtNameCapturePostProcessR2012a 00000001800f64c8     sf_runtime:sf_runtime.dll
 0002:000004d0       __imp_sf_load_rtw_optimization_info 00000001800f64d0     sf_runtime:sf_runtime.dll
 0002:000004d8       __imp_sf_debug_initialize_machine 00000001800f64d8     sf_runtime:sf_runtime.dll
 0002:000004e0       __imp_sf_debug_set_machine_event_thresholds 00000001800f64e0     sf_runtime:sf_runtime.dll
 0002:000004e8       __imp_sf_mex_error_direct_call 00000001800f64e8     sf_runtime:sf_runtime.dll
 0002:000004f0       __imp_sf_debug_set_machine_data_thresholds 00000001800f64f0     sf_runtime:sf_runtime.dll
 0002:000004f8       \177sf_runtime_NULL_THUNK_DATA 00000001800f64f8     sf_runtime:sf_runtime.dll
 0002:00000500       __xc_a                     00000001800f6500     MSVCRT:cinitexe.obj
 0002:00000508       __xc_z                     00000001800f6508     MSVCRT:cinitexe.obj
 0002:00000510       __xi_a                     00000001800f6510     MSVCRT:cinitexe.obj
 0002:00000520       __xi_z                     00000001800f6520     MSVCRT:cinitexe.obj
 0002:00000530       __real@41d7a471d8800000    00000001800f6530     TSE_Path_sfun.obj
 0002:00000538       __real@41d573dfccc00000    00000001800f6538     TSE_Path_sfun.obj
 0002:00000540       __real@41edd1213e200000    00000001800f6540     TSE_Path_sfun.obj
 0002:00000548       __real@41dd45969b400000    00000001800f6548     TSE_Path_sfun.obj
 0002:00000550       __real@41e1914a24400000    00000001800f6550     TSE_Path_sfun.obj
 0002:00000558       __real@41ead1319ec00000    00000001800f6558     TSE_Path_sfun.obj
 0002:00000560       __real@41ddae3573400000    00000001800f6560     TSE_Path_sfun.obj
 0002:00000568       __real@41e6cf0aa2400000    00000001800f6568     TSE_Path_sfun.obj
 0002:00000570       __real@41bb393db7000000    00000001800f6570     TSE_Path_sfun.obj
 0002:00000578       __real@41b3ed421d000000    00000001800f6578     TSE_Path_sfun.obj
 0002:00000580       __real@41e77a288f400000    00000001800f6580     TSE_Path_sfun.obj
 0002:00000588       __real@41e4a00ea7400000    00000001800f6588     TSE_Path_sfun.obj
 0002:00000590       __real@41ef4ab910c00000    00000001800f6590     TSE_Path_sfun.obj
 0002:00000598       __real@419ff32d98000000    00000001800f6598     TSE_Path_sfun.obj
 0002:000005a0       __real@41dbf3de03000000    00000001800f65a0     TSE_Path_sfun.obj
 0002:000005a8       __real@41edf1da34000000    00000001800f65a8     TSE_Path_sfun.obj
 0002:000005b0       __real@41c2f77a8a800000    00000001800f65b0     c1_TSE_Path.obj
 0002:000005b8       __real@41ea5369cd600000    00000001800f65b8     c1_TSE_Path.obj
 0002:000005c0       __real@41e8990721800000    00000001800f65c0     c1_TSE_Path.obj
 0002:000005c8       __real@41e88a807de00000    00000001800f65c8     c1_TSE_Path.obj
 0002:000005d0       __real@4024000000000000    00000001800f65d0     c1_TSE_Path.obj
 0002:000005d8       __real@3ff0000000000000    00000001800f65d8     c1_TSE_Path.obj
 0002:000005e0       __real@0000000000000000    00000001800f65e0     c1_TSE_Path.obj
 0002:000005e8       __real@4000000000000000    00000001800f65e8     c1_TSE_Path.obj
 0002:000005f0       __real@3e112e0be826d695    00000001800f65f0     c1_TSE_Path.obj
 0002:000005f8       __real@40b3880000000000    00000001800f65f8     c1_TSE_Path.obj
 0002:00000600       __real@4010000000000000    00000001800f6600     c1_TSE_Path.obj
 0002:00000608       __real@4014000000000000    00000001800f6608     c1_TSE_Path.obj
 0002:00000610       __real@40a7700000000000    00000001800f6610     c1_TSE_Path.obj
 0002:00000618       __real@4069000000000000    00000001800f6618     c1_TSE_Path.obj
 0002:00000620       __real@403e94df266ba494    00000001800f6620     c1_TSE_Path.obj
 0002:00000628       __real@3fb2e5a5ae1c54ed    00000001800f6628     c1_TSE_Path.obj
 0002:00000630       __real@3f4415a45fa3dd1d    00000001800f6630     c1_TSE_Path.obj
 0002:00000638       __real@3e9ecea5d5390dba    00000001800f6638     c1_TSE_Path.obj
 0002:00000640       __real@3df120457f8e1fea    00000001800f6640     c1_TSE_Path.obj
 0002:00000648       __real@3d37ac33e831ccce    00000001800f6648     c1_TSE_Path.obj
 0002:00000650       __real@3c739fde10fcc9d0    00000001800f6650     c1_TSE_Path.obj
 0002:00000658       __real@3ba1fe3ca0af4171    00000001800f6658     c1_TSE_Path.obj
 0002:00000660       __real@3abc1dc0379d87c8    00000001800f6660     c1_TSE_Path.obj
 0002:00000668       __real@40029a78e4ee2bc2    00000001800f6668     c1_TSE_Path.obj
 0002:00000670       __real@3ffc181ea506b526    00000001800f6670     c1_TSE_Path.obj
 0002:00000678       __real@3fd00348fff91f10    00000001800f6678     c1_TSE_Path.obj
 0002:00000680       __real@3efb0529b68deb43    00000001800f6680     c1_TSE_Path.obj
 0002:00000688       __real@3e57734920f11642    00000001800f6688     c1_TSE_Path.obj
 0002:00000690       __real@3d7d8b9cdbbe67e5    00000001800f6690     c1_TSE_Path.obj
 0002:00000698       __real@3ceb40ad94c5df0d    00000001800f6698     c1_TSE_Path.obj
 0002:000006a0       __real@3c376ea5bd07db62    00000001800f66a0     c1_TSE_Path.obj
 0002:000006a8       __real@3b6f5c3e3b6417f8    00000001800f66a8     c1_TSE_Path.obj
 0002:000006b0       __real@3a8f4e5b41a4d24c    00000001800f66b0     c1_TSE_Path.obj
 0002:000006b8       __real@40af400000000000    00000001800f66b8     c1_TSE_Path.obj
 0002:000006c0       __real@4072c00000000000    00000001800f66c0     c1_TSE_Path.obj
 0002:000006c8       __real@4022000000000000    00000001800f66c8     c1_TSE_Path.obj
 0002:000006d0       __real@3fb14fbdad7518b1    00000001800f66d0     c1_TSE_Path.obj
 0002:000006d8       __real@409f400000000000    00000001800f66d8     c1_TSE_Path.obj
 0002:000006e0       __real@41e8ef2a94c00000    00000001800f66e0     c6_TSE_Path.obj
 0002:000006e8       __real@41e528e72d800000    00000001800f66e8     c6_TSE_Path.obj
 0002:000006f0       __real@41eba10088200000    00000001800f66f0     c6_TSE_Path.obj
 0002:000006f8       __real@41cc886a60800000    00000001800f66f8     c6_TSE_Path.obj
 0002:00000700       __real@4072026666666666    00000001800f6700     c6_TSE_Path.obj
 0002:00000708       __real@3ee4f8b588e368f1    00000001800f6708     c6_TSE_Path.obj
 0002:00000710       __real@3fefffeb074a771d    00000001800f6710     c6_TSE_Path.obj
 0002:00000718       __real@3ff014afd6a052bf    00000001800f6718     c6_TSE_Path.obj
 0002:00000720       __real@4091e04ccccccccd    00000001800f6720     c6_TSE_Path.obj
 0002:00000728       __real@4008000000000000    00000001800f6728     c6_TSE_Path.obj
 0002:00000730       __real@3f2302bc1cfc3a23    00000001800f6730     c6_TSE_Path.obj
 0002:00000738       __real@4099000000000000    00000001800f6738     c6_TSE_Path.obj
 0002:00000740       __real@40a9000000000000    00000001800f6740     c6_TSE_Path.obj
 0002:00000748       __real@4079000000000000    00000001800f6748     c6_TSE_Path.obj
 0002:00000750       __real@4085e00000000000    00000001800f6750     c6_TSE_Path.obj
 0002:00000758       __real@4095e00000000000    00000001800f6758     c6_TSE_Path.obj
 0002:00000760       __real@4023a5604189374c    00000001800f6760     c6_TSE_Path.obj
 0002:00000768       __real@4033a5604189374c    00000001800f6768     c6_TSE_Path.obj
 0002:00000770       __real@41e0b4f904800000    00000001800f6770     c7_TSE_Path.obj
 0002:00000778       __real@41ddb67af7c00000    00000001800f6778     c7_TSE_Path.obj
 0002:00000780       __real@41ac4054d4000000    00000001800f6780     c7_TSE_Path.obj
 0002:00000788       __real@41cdc39f34000000    00000001800f6788     c7_TSE_Path.obj
 0002:00000790       __real@41ea30ec9ba00000    00000001800f6790     c8_TSE_Path.obj
 0002:00000798       __real@41ea350567e00000    00000001800f6798     c8_TSE_Path.obj
 0002:000007a0       __real@41edb9555d200000    00000001800f67a0     c8_TSE_Path.obj
 0002:000007a8       __real@41e14368ffa00000    00000001800f67a8     c8_TSE_Path.obj
 0002:000007b0       __real@41d530a33f400000    00000001800f67b0     c9_TSE_Path.obj
 0002:000007b8       __real@41b7f334ed000000    00000001800f67b8     c9_TSE_Path.obj
 0002:000007c0       __real@41c34ad19e000000    00000001800f67c0     c9_TSE_Path.obj
 0002:000007c8       __real@41a3af8b9a000000    00000001800f67c8     c9_TSE_Path.obj
 0002:000007d0       __real@4072000000000000    00000001800f67d0     c9_TSE_Path.obj
 0002:000007d8       __real@4059000000000000    00000001800f67d8     c9_TSE_Path.obj
 0002:000007e0       __real@41d75f5b1a800000    00000001800f67e0     c15_TSE_Path.obj
 0002:000007e8       __real@41d476505dc00000    00000001800f67e8     c15_TSE_Path.obj
 0002:000007f0       __real@41ed55ebe6c00000    00000001800f67f0     c15_TSE_Path.obj
 0002:000007f8       __real@41dca228fd800000    00000001800f67f8     c15_TSE_Path.obj
 0002:00000800       __real@3fb3333333333333    00000001800f6800     c15_TSE_Path.obj
 0002:00000808       __real@3ff599999999999a    00000001800f6808     c15_TSE_Path.obj
 0002:00000810       __real@3fefd70a3d70a3d7    00000001800f6810     c15_TSE_Path.obj
 0002:00000818       __real@41e94a0ded000000    00000001800f6818     c61_TSE_Path.obj
 0002:00000820       __real@41e6a48f31a00000    00000001800f6820     c61_TSE_Path.obj
 0002:00000828       __real@41e2c8914b000000    00000001800f6828     c61_TSE_Path.obj
 0002:00000830       __real@41d16924f3800000    00000001800f6830     c61_TSE_Path.obj
 0002:00000838       __real@3fc5c28f5c28f5c3    00000001800f6838     c61_TSE_Path.obj
 0002:00000840       __real@41d089350b000000    00000001800f6840     c62_TSE_Path.obj
 0002:00000848       __real@41e1575694400000    00000001800f6848     c62_TSE_Path.obj
 0002:00000850       __real@41de39f21d400000    00000001800f6850     c62_TSE_Path.obj
 0002:00000858       __real@41b7483fa6000000    00000001800f6858     c62_TSE_Path.obj
 0002:00000860       __real@3fea8f5c28f5c28f    00000001800f6860     c62_TSE_Path.obj
 0002:00000868       __real@41df0f1d18c00000    00000001800f6868     c63_TSE_Path.obj
 0002:00000870       __real@41db1b02adc00000    00000001800f6870     c63_TSE_Path.obj
 0002:00000878       __real@41ceaf4c88800000    00000001800f6878     c63_TSE_Path.obj
 0002:00000880       __real@41edc70564800000    00000001800f6880     c63_TSE_Path.obj
 0002:00000888       __real@41ecfbbb9ec00000    00000001800f6888     c82_TSE_Path.obj
 0002:00000890       __real@41dfc98eaf800000    00000001800f6890     c82_TSE_Path.obj
 0002:00000898       __real@41ed6a2470c00000    00000001800f6898     c82_TSE_Path.obj
 0002:000008a0       __real@41c375536d800000    00000001800f68a0     c82_TSE_Path.obj
 0002:000008a8       __real@3fe23d70a3d70a3d    00000001800f68a8     c82_TSE_Path.obj
 0002:000008b0       __real@41c0a9fe36800000    00000001800f68b0     c83_TSE_Path.obj
 0002:000008b8       __real@41e6626314e00000    00000001800f68b8     c83_TSE_Path.obj
 0002:000008c0       __real@41bc846240000000    00000001800f68c0     c83_TSE_Path.obj
 0002:000008c8       __real@41e19bf5d0e00000    00000001800f68c8     c83_TSE_Path.obj
 0002:000008d0       __real@3fdb851eb851eb85    00000001800f68d0     c83_TSE_Path.obj
 0002:000008e0       DYNAMIC_DIMENSION_DEF      00000001800f68e0     TSE_Path_sfun_registry.obj
 0002:00000900       _ssBadLevel2InputAccessMsg 00000001800f6900     TSE_Path_sfun_registry.obj
 0002:00000a90       _ssBadLevel2DirectFeedMsg  00000001800f6a90     TSE_Path_sfun_registry.obj
 0002:00000bd0       _ssBadLevel2DirectFeedSolutionMsg 00000001800f6bd0     TSE_Path_sfun_registry.obj
 0002:00000c40       _ssBadLevel2ZeroDirectFeedMsg 00000001800f6c40     TSE_Path_sfun_registry.obj
 0002:00000d80       _ssBadLevel2ZeroDirectFeedMsg2 00000001800f6d80     TSE_Path_sfun_registry.obj
 0002:00000e68       __real@bff0000000000000    00000001800f6e68     TSE_Path_sfun_registry.obj
 0002:00000e70       __real@41602cbca0000000    00000001800f6e70     TSE_Path_sfun_registry.obj
 0002:00000e78       _pRawDllMain               00000001800f6e78     MSVCRT:crtdll.obj
 0002:00000e78       _pDefaultRawDllMain        00000001800f6e78     MSVCRT:crtdll.obj
 0002:00000e90       ?ProcessDetach@NativeDll@<CrtImplementationDetails>@@0IB 00000001800f6e90     MSVCRT:tncleanup.obj
 0002:00000e94       ?ProcessAttach@NativeDll@<CrtImplementationDetails>@@0IB 00000001800f6e94     MSVCRT:tncleanup.obj
 0002:00000e98       ?ThreadAttach@NativeDll@<CrtImplementationDetails>@@0IB 00000001800f6e98     MSVCRT:tncleanup.obj
 0002:00000e9c       ?ThreadDetach@NativeDll@<CrtImplementationDetails>@@0IB 00000001800f6e9c     MSVCRT:tncleanup.obj
 0002:00000ea0       ?ProcessVerifier@NativeDll@<CrtImplementationDetails>@@0IB 00000001800f6ea0     MSVCRT:tncleanup.obj
 0002:00000ea8       __rtc_iaa                  00000001800f6ea8     MSVCRT:_initsect_.obj
 0002:00000eb0       __rtc_izz                  00000001800f6eb0     MSVCRT:_initsect_.obj
 0002:00000eb8       __rtc_taa                  00000001800f6eb8     MSVCRT:_initsect_.obj
 0002:00000ec0       __rtc_tzz                  00000001800f6ec0     MSVCRT:_initsect_.obj
 0002:0000276c       __IMPORT_DESCRIPTOR_sf_runtime 00000001800f876c     sf_runtime:sf_runtime.dll
 0002:00002780       __IMPORT_DESCRIPTOR_libmx  00000001800f8780     libmx:libmx.dll
 0002:00002794       __IMPORT_DESCRIPTOR_libmex 00000001800f8794     libmex:libmex.dll
 0002:000027a8       __IMPORT_DESCRIPTOR_libut  00000001800f87a8     libut:libut.dll
 0002:000027bc       __IMPORT_DESCRIPTOR_libmwmathutil 00000001800f87bc     libmwmathutil:libmwmathutil.dll
 0002:000027d0       __IMPORT_DESCRIPTOR_MSVCR100 00000001800f87d0     MSVCRT:MSVCR100.dll
 0002:000027e4       __IMPORT_DESCRIPTOR_KERNEL32 00000001800f87e4     kernel32:KERNEL32.dll
 0002:000027f8       __NULL_IMPORT_DESCRIPTOR   00000001800f87f8     sf_runtime:sf_runtime.dll
 0003:00068a00       DYNAMIC_DIMENSION          0000000180162a00     TSE_Path_sfun_registry.obj
 0003:00069608       __security_cookie          0000000180163608     MSVCRT:gs_cookie.obj
 0003:00069610       __security_cookie_complement 0000000180163610     MSVCRT:gs_cookie.obj
 0003:00069618       _fltused                   0000000180163618     MSVCRT:dllsupp.obj
 0003:00069620       __native_dllmain_reason    0000000180163620     MSVCRT:natstart.obj
 0003:00069624       __native_vcclrit_reason    0000000180163624     MSVCRT:natstart.obj
 0003:00069958       sfGlobalDebugInstanceStruct 0000000180163958     TSE_Path_sfun_registry.obj
 0003:00069ee0       ?__type_info_root_node@@3U__type_info_node@@A 0000000180163ee0     MSVCRT:tncleanup.obj
 0003:00069ef0       _TSE_PathMachineNumber_    0000000180163ef0     <common>
 0003:00069ef4       __native_startup_state     0000000180163ef4     <common>
 0003:00069ef8       __native_startup_lock      0000000180163ef8     <common>
 0003:00069f00       __onexitend                0000000180163f00     <common>
 0003:00069f08       __onexitbegin              0000000180163f08     <common>
 0003:00069f10       __dyn_tls_init_callback    0000000180163f10     <common>

 entry point at        0001:000f4320

 Static symbols

 0001:00002030       c1_info_helper             0000000180003030 f   c1_TSE_Path.obj
 0001:0000bca0       c1_emlrt_marshallOut       000000018000cca0 f   c1_TSE_Path.obj
 0001:0000bd30       c1_b_emlrt_marshallOut     000000018000cd30 f   c1_TSE_Path.obj
 0001:0000bda0       c1_b_info_helper           000000018000cda0 f   c1_TSE_Path.obj
 0001:00015460       mdlProcessParameters_c1_TSE_Path 0000000180016460 f   c1_TSE_Path.obj
 0001:00015540       initialize_params_c1_TSE_Path 0000000180016540 f   c1_TSE_Path.obj
 0001:00015550       mdlSetWorkWidths_c1_TSE_Path 0000000180016550 f   c1_TSE_Path.obj
 0001:00015ae0       sf_get_instance_specialization 0000000180016ae0 f   c1_TSE_Path.obj
 0001:00015af0       mdlStart_c1_TSE_Path       0000000180016af0 f   c1_TSE_Path.obj
 0001:00015d70       init_dsm_address_info      0000000180016d70 f   c1_TSE_Path.obj
 0001:00015d80       init_simulink_io_address   0000000180016d80 f   c1_TSE_Path.obj
 0001:00015ea0       sf_get_sim_state_info_c1_TSE_Path 0000000180016ea0 f   c1_TSE_Path.obj
 0001:00015f60       chart_debug_initialization 0000000180016f60 f   c1_TSE_Path.obj
 0001:00017980       init_script_number_translation 0000000180018980 f   c1_TSE_Path.obj
 0001:00017a40       c1_sf_marshallOut          0000000180018a40 f   c1_TSE_Path.obj
 0001:00017af0       c1_sf_marshallIn           0000000180018af0 f   c1_TSE_Path.obj
 0001:00017b90       c1_b_emlrt_marshallIn      0000000180018b90 f   c1_TSE_Path.obj
 0001:00017c20       sf_opaque_initialize_c1_TSE_Path 0000000180018c20 f   c1_TSE_Path.obj
 0001:00017c60       initialize_c1_TSE_Path     0000000180018c60 f   c1_TSE_Path.obj
 0001:00017cb0       sf_opaque_enable_c1_TSE_Path 0000000180018cb0 f   c1_TSE_Path.obj
 0001:00017cd0       enable_c1_TSE_Path         0000000180018cd0 f   c1_TSE_Path.obj
 0001:00017d00       sf_opaque_disable_c1_TSE_Path 0000000180018d00 f   c1_TSE_Path.obj
 0001:00017d20       disable_c1_TSE_Path        0000000180018d20 f   c1_TSE_Path.obj
 0001:00017d50       sf_opaque_gateway_c1_TSE_Path 0000000180018d50 f   c1_TSE_Path.obj
 0001:00017d70       sf_gateway_c1_TSE_Path     0000000180018d70 f   c1_TSE_Path.obj
 0001:00018170       c1_chartstep_c1_TSE_Path   0000000180019170 f   c1_TSE_Path.obj
 0001:000198e0       c1_Ts_Sfcn_f               000000018001a8e0 f   c1_TSE_Path.obj
 0001:0001a5d0       c1_Sfcn_Ts                 000000018001b5d0 f   c1_TSE_Path.obj
 0001:0001af00       c1_gashi                   000000018001bf00 f   c1_TSE_Path.obj
 0001:0001c390       c1_b_sf_marshallOut        000000018001d390 f   c1_TSE_Path.obj
 0001:0001c510       c1_c_sf_marshallOut        000000018001d510 f   c1_TSE_Path.obj
 0001:0001c6a0       c1_eml_error               000000018001d6a0 f   c1_TSE_Path.obj
 0001:0001c890       c1_realmax                 000000018001d890 f   c1_TSE_Path.obj
 0001:0001c8a0       c1_interp1                 000000018001d8a0 f   c1_TSE_Path.obj
 0001:0001c8d0       c1_interp1_work            000000018001d8d0 f   c1_TSE_Path.obj
 0001:0001d380       c1_eml_scalar_eg           000000018001e380 f   c1_TSE_Path.obj
 0001:0001d390       c1_StringToMethodID        000000018001e390 f   c1_TSE_Path.obj
 0001:0001d3a0       c1_intmin                  000000018001e3a0 f   c1_TSE_Path.obj
 0001:0001d3c0       c1_b_eml_error             000000018001e3c0 f   c1_TSE_Path.obj
 0001:0001d500       c1_c_eml_error             000000018001e500 f   c1_TSE_Path.obj
 0001:0001d640       c1_b_interp1               000000018001e640 f   c1_TSE_Path.obj
 0001:0001e4f0       c1_b_flip                  000000018001f4f0 f   c1_TSE_Path.obj
 0001:0001e870       sf_opaque_get_sim_state_c1_TSE_Path 000000018001f870 f   c1_TSE_Path.obj
 0001:0001e8c0       get_sim_state_c1_TSE_Path  000000018001f8c0 f   c1_TSE_Path.obj
 0001:0001ec50       sf_opaque_set_sim_state_c1_TSE_Path 000000018001fc50 f   c1_TSE_Path.obj
 0001:0001eca0       set_sim_state_c1_TSE_Path  000000018001fca0 f   c1_TSE_Path.obj
 0001:0001ee20       c1_update_debugger_state_c1_TSE_Path 000000018001fe20 f   c1_TSE_Path.obj
 0001:0001ee30       c1_emlrt_marshallIn        000000018001fe30 f   c1_TSE_Path.obj
 0001:0001eea0       c1_d_emlrt_marshallIn      000000018001fea0 f   c1_TSE_Path.obj
 0001:0001ef00       c1_e_emlrt_marshallIn      000000018001ff00 f   c1_TSE_Path.obj
 0001:0001ef90       sf_opaque_terminate_c1_TSE_Path 000000018001ff90 f   c1_TSE_Path.obj
 0001:0001f030       finalize_c1_TSE_Path       0000000180020030 f   c1_TSE_Path.obj
 0001:0001f040       sf_opaque_init_subchart_simstructs 0000000180020040 f   c1_TSE_Path.obj
 0001:0001f060       initSimStructsc1_TSE_Path  0000000180020060 f   c1_TSE_Path.obj
 0001:0001f070       mdlRTW_c1_TSE_Path         0000000180020070 f   c1_TSE_Path.obj
 0001:0001f140       c6_info_helper             0000000180020140 f   c6_TSE_Path.obj
 0001:00028db0       c6_emlrt_marshallOut       0000000180029db0 f   c6_TSE_Path.obj
 0001:00028e40       c6_b_emlrt_marshallOut     0000000180029e40 f   c6_TSE_Path.obj
 0001:00028eb0       c6_b_info_helper           0000000180029eb0 f   c6_TSE_Path.obj
 0001:00032b20       c6_c_info_helper           0000000180033b20 f   c6_TSE_Path.obj
 0001:0003c790       c6_d_info_helper           000000018003d790 f   c6_TSE_Path.obj
 0001:000415f0       mdlProcessParameters_c6_TSE_Path 00000001800425f0 f   c6_TSE_Path.obj
 0001:000416d0       initialize_params_c6_TSE_Path 00000001800426d0 f   c6_TSE_Path.obj
 0001:000416e0       mdlSetWorkWidths_c6_TSE_Path 00000001800426e0 f   c6_TSE_Path.obj
 0001:00041c70       sf_get_instance_specialization 0000000180042c70 f   c6_TSE_Path.obj
 0001:00041c80       mdlStart_c6_TSE_Path       0000000180042c80 f   c6_TSE_Path.obj
 0001:00041f00       init_dsm_address_info      0000000180042f00 f   c6_TSE_Path.obj
 0001:00041f10       init_simulink_io_address   0000000180042f10 f   c6_TSE_Path.obj
 0001:00042020       sf_get_sim_state_info_c6_TSE_Path 0000000180043020 f   c6_TSE_Path.obj
 0001:000420e0       chart_debug_initialization 00000001800430e0 f   c6_TSE_Path.obj
 0001:000437c0       init_script_number_translation 00000001800447c0 f   c6_TSE_Path.obj
 0001:00043880       c6_sf_marshallOut          0000000180044880 f   c6_TSE_Path.obj
 0001:00043930       c6_sf_marshallIn           0000000180044930 f   c6_TSE_Path.obj
 0001:000439d0       c6_b_emlrt_marshallIn      00000001800449d0 f   c6_TSE_Path.obj
 0001:00043a60       sf_opaque_initialize_c6_TSE_Path 0000000180044a60 f   c6_TSE_Path.obj
 0001:00043aa0       initialize_c6_TSE_Path     0000000180044aa0 f   c6_TSE_Path.obj
 0001:00043af0       sf_opaque_enable_c6_TSE_Path 0000000180044af0 f   c6_TSE_Path.obj
 0001:00043b10       enable_c6_TSE_Path         0000000180044b10 f   c6_TSE_Path.obj
 0001:00043b40       sf_opaque_disable_c6_TSE_Path 0000000180044b40 f   c6_TSE_Path.obj
 0001:00043b60       disable_c6_TSE_Path        0000000180044b60 f   c6_TSE_Path.obj
 0001:00043b90       sf_opaque_gateway_c6_TSE_Path 0000000180044b90 f   c6_TSE_Path.obj
 0001:00043bb0       sf_gateway_c6_TSE_Path     0000000180044bb0 f   c6_TSE_Path.obj
 0001:00043f60       c6_chartstep_c6_TSE_Path   0000000180044f60 f   c6_TSE_Path.obj
 0001:00045730       c6_gashi                   0000000180046730 f   c6_TSE_Path.obj
 0001:00046b90       c6_LookupEffb              0000000180047b90 f   c6_TSE_Path.obj
 0001:00047380       c6_Sfcn_Ts                 0000000180048380 f   c6_TSE_Path.obj
 0001:00047d80       c6_b_sf_marshallOut        0000000180048d80 f   c6_TSE_Path.obj
 0001:00047fa0       c6_c_sf_marshallOut        0000000180048fa0 f   c6_TSE_Path.obj
 0001:00048120       c6_d_sf_marshallOut        0000000180049120 f   c6_TSE_Path.obj
 0001:00048290       c6_e_sf_marshallOut        0000000180049290 f   c6_TSE_Path.obj
 0001:00048410       c6_interp2                 0000000180049410 f   c6_TSE_Path.obj
 0001:00048480       c6_narginchk               0000000180049480 f   c6_TSE_Path.obj
 0001:00048490       c6_StringToMethodID        0000000180049490 f   c6_TSE_Path.obj
 0001:000484a0       c6_interp2_validate        00000001800494a0 f   c6_TSE_Path.obj
 0001:000484b0       c6_interp2_dispatch        00000001800494b0 f   c6_TSE_Path.obj
 0001:000484f0       c6_interp2_spline          00000001800494f0 f   c6_TSE_Path.obj
 0001:00048530       c6_TensorInterp23          0000000180049530 f   c6_TSE_Path.obj
 0001:000485a0       c6_eml_scalar_eg           00000001800495a0 f   c6_TSE_Path.obj
 0001:000485b0       c6_TensorGriddedInterp     00000001800495b0 f   c6_TSE_Path.obj
 0001:00048870       c6_scalarEg                0000000180049870 f   c6_TSE_Path.obj
 0001:00048880       c6_spline                  0000000180049880 f   c6_TSE_Path.obj
 0001:00048940       c6_assert                  0000000180049940 f   c6_TSE_Path.obj
 0001:00048950       c6_splinepp                0000000180049950 f   c6_TSE_Path.obj
 0001:00049b80       c6_eml_switch_helper       000000018004ab80 f   c6_TSE_Path.obj
 0001:00049b90       c6_chckxy                  000000018004ab90 f   c6_TSE_Path.obj
 0001:00049bb0       c6_b_eml_scalar_eg         000000018004abb0 f   c6_TSE_Path.obj
 0001:00049bc0       c6_pwchcore                000000018004abc0 f   c6_TSE_Path.obj
 0001:0004a010       c6_ppval                   000000018004b010 f   c6_TSE_Path.obj
 0001:0004a330       c6_bsearch                 000000018004b330 f   c6_TSE_Path.obj
 0001:0004a3e0       c6_b_narginchk             000000018004b3e0 f   c6_TSE_Path.obj
 0001:0004a3f0       c6_b_spline                000000018004b3f0 f   c6_TSE_Path.obj
 0001:0004a4a0       c6_b_splinepp              000000018004b4a0 f   c6_TSE_Path.obj
 0001:0004b280       c6_b_chckxy                000000018004c280 f   c6_TSE_Path.obj
 0001:0004b470       c6_c_eml_scalar_eg         000000018004c470 f   c6_TSE_Path.obj
 0001:0004b480       c6_b_pwchcore              000000018004c480 f   c6_TSE_Path.obj
 0001:0004b820       c6_b_ppval                 000000018004c820 f   c6_TSE_Path.obj
 0001:0004ba60       c6_interp1                 000000018004ca60 f   c6_TSE_Path.obj
 0001:0004c260       c6_isnan                   000000018004d260 f   c6_TSE_Path.obj
 0001:0004c290       c6_b_assert                000000018004d290 f   c6_TSE_Path.obj
 0001:0004c2a0       c6_d_eml_scalar_eg         000000018004d2a0 f   c6_TSE_Path.obj
 0001:0004c2b0       c6_c_assert                000000018004d2b0 f   c6_TSE_Path.obj
 0001:0004c2c0       c6_d_assert                000000018004d2c0 f   c6_TSE_Path.obj
 0001:0004c2d0       c6_b_StringToMethodID      000000018004d2d0 f   c6_TSE_Path.obj
 0001:0004c2e0       c6_e_assert                000000018004d2e0 f   c6_TSE_Path.obj
 0001:0004c2f0       c6_f_assert                000000018004d2f0 f   c6_TSE_Path.obj
 0001:0004c300       c6_g_assert                000000018004d300 f   c6_TSE_Path.obj
 0001:0004c310       c6_h_assert                000000018004d310 f   c6_TSE_Path.obj
 0001:0004c320       c6_eml_error               000000018004d320 f   c6_TSE_Path.obj
 0001:0004c460       c6_b_eml_error             000000018004d460 f   c6_TSE_Path.obj
 0001:0004c5a0       sf_opaque_get_sim_state_c6_TSE_Path 000000018004d5a0 f   c6_TSE_Path.obj
 0001:0004c5f0       get_sim_state_c6_TSE_Path  000000018004d5f0 f   c6_TSE_Path.obj
 0001:0004c8d0       sf_opaque_set_sim_state_c6_TSE_Path 000000018004d8d0 f   c6_TSE_Path.obj
 0001:0004c920       set_sim_state_c6_TSE_Path  000000018004d920 f   c6_TSE_Path.obj
 0001:0004ca60       c6_update_debugger_state_c6_TSE_Path 000000018004da60 f   c6_TSE_Path.obj
 0001:0004ca70       c6_emlrt_marshallIn        000000018004da70 f   c6_TSE_Path.obj
 0001:0004cae0       c6_d_emlrt_marshallIn      000000018004dae0 f   c6_TSE_Path.obj
 0001:0004cb40       c6_e_emlrt_marshallIn      000000018004db40 f   c6_TSE_Path.obj
 0001:0004cbd0       sf_opaque_terminate_c6_TSE_Path 000000018004dbd0 f   c6_TSE_Path.obj
 0001:0004cc70       finalize_c6_TSE_Path       000000018004dc70 f   c6_TSE_Path.obj
 0001:0004cc80       sf_opaque_init_subchart_simstructs 000000018004dc80 f   c6_TSE_Path.obj
 0001:0004cca0       initSimStructsc6_TSE_Path  000000018004dca0 f   c6_TSE_Path.obj
 0001:0004ccb0       mdlRTW_c6_TSE_Path         000000018004dcb0 f   c6_TSE_Path.obj
 0001:0004cd70       c7_info_helper             000000018004dd70 f   c7_TSE_Path.obj
 0001:000569e0       c7_emlrt_marshallOut       00000001800579e0 f   c7_TSE_Path.obj
 0001:00056a70       c7_b_emlrt_marshallOut     0000000180057a70 f   c7_TSE_Path.obj
 0001:00056ae0       c7_b_info_helper           0000000180057ae0 f   c7_TSE_Path.obj
 0001:0005e030       mdlProcessParameters_c7_TSE_Path 000000018005f030 f   c7_TSE_Path.obj
 0001:0005e110       initialize_params_c7_TSE_Path 000000018005f110 f   c7_TSE_Path.obj
 0001:0005e120       mdlSetWorkWidths_c7_TSE_Path 000000018005f120 f   c7_TSE_Path.obj
 0001:0005e620       sf_get_instance_specialization 000000018005f620 f   c7_TSE_Path.obj
 0001:0005e630       mdlStart_c7_TSE_Path       000000018005f630 f   c7_TSE_Path.obj
 0001:0005e8b0       init_dsm_address_info      000000018005f8b0 f   c7_TSE_Path.obj
 0001:0005e8c0       init_simulink_io_address   000000018005f8c0 f   c7_TSE_Path.obj
 0001:0005e950       sf_get_sim_state_info_c7_TSE_Path 000000018005f950 f   c7_TSE_Path.obj
 0001:0005ea10       chart_debug_initialization 000000018005fa10 f   c7_TSE_Path.obj
 0001:0005f9c0       init_script_number_translation 00000001800609c0 f   c7_TSE_Path.obj
 0001:0005fa50       c7_sf_marshallOut          0000000180060a50 f   c7_TSE_Path.obj
 0001:0005fb00       c7_sf_marshallIn           0000000180060b00 f   c7_TSE_Path.obj
 0001:0005fba0       c7_b_emlrt_marshallIn      0000000180060ba0 f   c7_TSE_Path.obj
 0001:0005fc30       sf_opaque_initialize_c7_TSE_Path 0000000180060c30 f   c7_TSE_Path.obj
 0001:0005fc70       initialize_c7_TSE_Path     0000000180060c70 f   c7_TSE_Path.obj
 0001:0005fcc0       sf_opaque_enable_c7_TSE_Path 0000000180060cc0 f   c7_TSE_Path.obj
 0001:0005fce0       enable_c7_TSE_Path         0000000180060ce0 f   c7_TSE_Path.obj
 0001:0005fd10       sf_opaque_disable_c7_TSE_Path 0000000180060d10 f   c7_TSE_Path.obj
 0001:0005fd30       disable_c7_TSE_Path        0000000180060d30 f   c7_TSE_Path.obj
 0001:0005fd60       sf_opaque_gateway_c7_TSE_Path 0000000180060d60 f   c7_TSE_Path.obj
 0001:0005fd80       sf_gateway_c7_TSE_Path     0000000180060d80 f   c7_TSE_Path.obj
 0001:00061930       c7_Sfcn_Ts                 0000000180062930 f   c7_TSE_Path.obj
 0001:00062260       c7_b_sf_marshallOut        0000000180063260 f   c7_TSE_Path.obj
 0001:000623e0       c7_c_sf_marshallOut        00000001800633e0 f   c7_TSE_Path.obj
 0001:00062570       c7_interp1                 0000000180063570 f   c7_TSE_Path.obj
 0001:000625a0       c7_interp1_work            00000001800635a0 f   c7_TSE_Path.obj
 0001:00063050       c7_eml_scalar_eg           0000000180064050 f   c7_TSE_Path.obj
 0001:00063060       c7_StringToMethodID        0000000180064060 f   c7_TSE_Path.obj
 0001:00063070       c7_intmin                  0000000180064070 f   c7_TSE_Path.obj
 0001:00063090       c7_eml_error               0000000180064090 f   c7_TSE_Path.obj
 0001:000631d0       c7_b_eml_error             00000001800641d0 f   c7_TSE_Path.obj
 0001:00063320       c7_b_interp1               0000000180064320 f   c7_TSE_Path.obj
 0001:000641c0       c7_b_flip                  00000001800651c0 f   c7_TSE_Path.obj
 0001:00064540       sf_opaque_get_sim_state_c7_TSE_Path 0000000180065540 f   c7_TSE_Path.obj
 0001:00064590       get_sim_state_c7_TSE_Path  0000000180065590 f   c7_TSE_Path.obj
 0001:000647c0       sf_opaque_set_sim_state_c7_TSE_Path 00000001800657c0 f   c7_TSE_Path.obj
 0001:00064810       set_sim_state_c7_TSE_Path  0000000180065810 f   c7_TSE_Path.obj
 0001:00064910       c7_update_debugger_state_c7_TSE_Path 0000000180065910 f   c7_TSE_Path.obj
 0001:00064920       c7_emlrt_marshallIn        0000000180065920 f   c7_TSE_Path.obj
 0001:00064990       c7_d_emlrt_marshallIn      0000000180065990 f   c7_TSE_Path.obj
 0001:000649f0       c7_e_emlrt_marshallIn      00000001800659f0 f   c7_TSE_Path.obj
 0001:00064a80       sf_opaque_terminate_c7_TSE_Path 0000000180065a80 f   c7_TSE_Path.obj
 0001:00064b20       finalize_c7_TSE_Path       0000000180065b20 f   c7_TSE_Path.obj
 0001:00064b30       sf_opaque_init_subchart_simstructs 0000000180065b30 f   c7_TSE_Path.obj
[...]
 0001:000a74d0       init_script_number_translation 00000001800a84d0 f   c62_TSE_Path.obj
 0001:000a7560       c62_sf_marshallOut         00000001800a8560 f   c62_TSE_Path.obj
 0001:000a7610       c62_sf_marshallIn          00000001800a8610 f   c62_TSE_Path.obj
 0001:000a76b0       c62_b_emlrt_marshallIn     00000001800a86b0 f   c62_TSE_Path.obj
 0001:000a7740       sf_opaque_initialize_c62_TSE_Path 00000001800a8740 f   c62_TSE_Path.obj
 0001:000a7780       initialize_c62_TSE_Path    00000001800a8780 f   c62_TSE_Path.obj
 0001:000a77d0       sf_opaque_enable_c62_TSE_Path 00000001800a87d0 f   c62_TSE_Path.obj
 0001:000a77f0       enable_c62_TSE_Path        00000001800a87f0 f   c62_TSE_Path.obj
 0001:000a7820       sf_opaque_disable_c62_TSE_Path 00000001800a8820 f   c62_TSE_Path.obj
 0001:000a7840       disable_c62_TSE_Path       00000001800a8840 f   c62_TSE_Path.obj
 0001:000a7870       sf_opaque_gateway_c62_TSE_Path 00000001800a8870 f   c62_TSE_Path.obj
 0001:000a7890       sf_gateway_c62_TSE_Path    00000001800a8890 f   c62_TSE_Path.obj
 0001:000a7bf0       c62_chartstep_c62_TSE_Path 00000001800a8bf0 f   c62_TSE_Path.obj
 0001:000a9120       c62_gashi                  00000001800aa120 f   c62_TSE_Path.obj
 0001:000aa580       c62_Sfcn_Ts                00000001800ab580 f   c62_TSE_Path.obj
 0001:000aaee0       c62_b_sf_marshallOut       00000001800abee0 f   c62_TSE_Path.obj
 0001:000ab050       c62_c_sf_marshallOut       00000001800ac050 f   c62_TSE_Path.obj
 0001:000ab1e0       c62_interp1                00000001800ac1e0 f   c62_TSE_Path.obj
 0001:000ab210       c62_interp1_work           00000001800ac210 f   c62_TSE_Path.obj
 0001:000abcc0       c62_eml_scalar_eg          00000001800accc0 f   c62_TSE_Path.obj
 0001:000abcd0       c62_StringToMethodID       00000001800accd0 f   c62_TSE_Path.obj
 0001:000abce0       c62_intmin                 00000001800acce0 f   c62_TSE_Path.obj
 0001:000abd00       c62_eml_error              00000001800acd00 f   c62_TSE_Path.obj
 0001:000abe40       c62_b_eml_error            00000001800ace40 f   c62_TSE_Path.obj
 0001:000abf90       c62_b_interp1              00000001800acf90 f   c62_TSE_Path.obj
 0001:000ace40       c62_b_flip                 00000001800ade40 f   c62_TSE_Path.obj
 0001:000ad1c0       sf_opaque_get_sim_state_c62_TSE_Path 00000001800ae1c0 f   c62_TSE_Path.obj
 0001:000ad210       get_sim_state_c62_TSE_Path 00000001800ae210 f   c62_TSE_Path.obj
 0001:000ad440       sf_opaque_set_sim_state_c62_TSE_Path 00000001800ae440 f   c62_TSE_Path.obj
 0001:000ad490       set_sim_state_c62_TSE_Path 00000001800ae490 f   c62_TSE_Path.obj
 0001:000ad590       c62_update_debugger_state_c62_TSE_Path 00000001800ae590 f   c62_TSE_Path.obj
 0001:000ad5a0       c62_emlrt_marshallIn       00000001800ae5a0 f   c62_TSE_Path.obj
 0001:000ad610       c62_d_emlrt_marshallIn     00000001800ae610 f   c62_TSE_Path.obj
 0001:000ad670       c62_e_emlrt_marshallIn     00000001800ae670 f   c62_TSE_Path.obj
 0001:000ad700       sf_opaque_terminate_c62_TSE_Path 00000001800ae700 f   c62_TSE_Path.obj
 0001:000ad7a0       finalize_c62_TSE_Path      00000001800ae7a0 f   c62_TSE_Path.obj
 0001:000ad7b0       sf_opaque_init_subchart_simstructs 00000001800ae7b0 f   c62_TSE_Path.obj
 0001:000ad7d0       initSimStructsc62_TSE_Path 00000001800ae7d0 f   c62_TSE_Path.obj
 0001:000ad7e0       mdlRTW_c62_TSE_Path        00000001800ae7e0 f   c62_TSE_Path.obj
 0001:000ad8a0       c63_info_helper            00000001800ae8a0 f   c63_TSE_Path.obj
 0001:000b7510       c63_emlrt_marshallOut      00000001800b8510 f   c63_TSE_Path.obj
 0001:000b75a0       c63_b_emlrt_marshallOut    00000001800b85a0 f   c63_TSE_Path.obj
 0001:000b7610       c63_b_info_helper          00000001800b8610 f   c63_TSE_Path.obj
 0001:000c0cd0       mdlProcessParameters_c63_TSE_Path 00000001800c1cd0 f   c63_TSE_Path.obj
 0001:000c0db0       initialize_params_c63_TSE_Path 00000001800c1db0 f   c63_TSE_Path.obj
 0001:000c0dc0       mdlSetWorkWidths_c63_TSE_Path 00000001800c1dc0 f   c63_TSE_Path.obj
 0001:000c1350       sf_get_instance_specialization 00000001800c2350 f   c63_TSE_Path.obj
 0001:000c1360       mdlStart_c63_TSE_Path      00000001800c2360 f   c63_TSE_Path.obj
 0001:000c15e0       init_dsm_address_info      00000001800c25e0 f   c63_TSE_Path.obj
 0001:000c15f0       init_simulink_io_address   00000001800c25f0 f   c63_TSE_Path.obj
 0001:000c1710       sf_get_sim_state_info_c63_TSE_Path 00000001800c2710 f   c63_TSE_Path.obj
 0001:000c17d0       chart_debug_initialization 00000001800c27d0 f   c63_TSE_Path.obj
 0001:000c31f0       init_script_number_translation 00000001800c41f0 f   c63_TSE_Path.obj
 0001:000c32b0       c63_sf_marshallOut         00000001800c42b0 f   c63_TSE_Path.obj
 0001:000c3360       c63_sf_marshallIn          00000001800c4360 f   c63_TSE_Path.obj
 0001:000c3400       c63_b_emlrt_marshallIn     00000001800c4400 f   c63_TSE_Path.obj
 0001:000c3490       sf_opaque_initialize_c63_TSE_Path 00000001800c4490 f   c63_TSE_Path.obj
 0001:000c34d0       initialize_c63_TSE_Path    00000001800c44d0 f   c63_TSE_Path.obj
 0001:000c3520       sf_opaque_enable_c63_TSE_Path 00000001800c4520 f   c63_TSE_Path.obj
 0001:000c3540       enable_c63_TSE_Path        00000001800c4540 f   c63_TSE_Path.obj
 0001:000c3570       sf_opaque_disable_c63_TSE_Path 00000001800c4570 f   c63_TSE_Path.obj
 0001:000c3590       disable_c63_TSE_Path       00000001800c4590 f   c63_TSE_Path.obj
 0001:000c35c0       sf_opaque_gateway_c63_TSE_Path 00000001800c45c0 f   c63_TSE_Path.obj
 0001:000c35e0       sf_gateway_c63_TSE_Path    00000001800c45e0 f   c63_TSE_Path.obj
 0001:000c39e0       c63_chartstep_c63_TSE_Path 00000001800c49e0 f   c63_TSE_Path.obj
 0001:000c5150       c63_Ts_Sfcn_f              00000001800c6150 f   c63_TSE_Path.obj
 0001:000c5e40       c63_Sfcn_Ts                00000001800c6e40 f   c63_TSE_Path.obj
 0001:000c6790       c63_gashi                  00000001800c7790 f   c63_TSE_Path.obj
 0001:000c7c30       c63_b_sf_marshallOut       00000001800c8c30 f   c63_TSE_Path.obj
 0001:000c7d90       c63_c_sf_marshallOut       00000001800c8d90 f   c63_TSE_Path.obj
 0001:000c7ef0       c63_eml_error              00000001800c8ef0 f   c63_TSE_Path.obj
 0001:000c80e0       c63_realmax                00000001800c90e0 f   c63_TSE_Path.obj
 0001:000c80f0       c63_interp1                00000001800c90f0 f   c63_TSE_Path.obj
 0001:000c8120       c63_interp1_work           00000001800c9120 f   c63_TSE_Path.obj
 0001:000c8be0       c63_eml_scalar_eg          00000001800c9be0 f   c63_TSE_Path.obj
 0001:000c8bf0       c63_StringToMethodID       00000001800c9bf0 f   c63_TSE_Path.obj
 0001:000c8c00       c63_intmin                 00000001800c9c00 f   c63_TSE_Path.obj
 0001:000c8c20       c63_b_eml_error            00000001800c9c20 f   c63_TSE_Path.obj
 0001:000c8d60       c63_c_eml_error            00000001800c9d60 f   c63_TSE_Path.obj
 0001:000c8ea0       c63_b_interp1              00000001800c9ea0 f   c63_TSE_Path.obj
 0001:000c9d40       c63_b_flip                 00000001800cad40 f   c63_TSE_Path.obj
 0001:000ca0c0       sf_opaque_get_sim_state_c63_TSE_Path 00000001800cb0c0 f   c63_TSE_Path.obj
 0001:000ca110       get_sim_state_c63_TSE_Path 00000001800cb110 f   c63_TSE_Path.obj
 0001:000ca480       sf_opaque_set_sim_state_c63_TSE_Path 00000001800cb480 f   c63_TSE_Path.obj
 0001:000ca4d0       set_sim_state_c63_TSE_Path 00000001800cb4d0 f   c63_TSE_Path.obj
 0001:000ca650       c63_update_debugger_state_c63_TSE_Path 00000001800cb650 f   c63_TSE_Path.obj
 0001:000ca660       c63_emlrt_marshallIn       00000001800cb660 f   c63_TSE_Path.obj
 0001:000ca6d0       c63_d_emlrt_marshallIn     00000001800cb6d0 f   c63_TSE_Path.obj
 0001:000ca730       c63_e_emlrt_marshallIn     00000001800cb730 f   c63_TSE_Path.obj
 0001:000ca7c0       sf_opaque_terminate_c63_TSE_Path 00000001800cb7c0 f   c63_TSE_Path.obj
 0001:000ca860       finalize_c63_TSE_Path      00000001800cb860 f   c63_TSE_Path.obj
 0001:000ca870       sf_opaque_init_subchart_simstructs 00000001800cb870 f   c63_TSE_Path.obj
 0001:000ca890       initSimStructsc63_TSE_Path 00000001800cb890 f   c63_TSE_Path.obj
 0001:000ca8a0       mdlRTW_c63_TSE_Path        00000001800cb8a0 f   c63_TSE_Path.obj
 0001:000ca960       c82_info_helper            00000001800cb960 f   c82_TSE_Path.obj
 0001:000d45d0       c82_emlrt_marshallOut      00000001800d55d0 f   c82_TSE_Path.obj
 0001:000d4660       c82_b_emlrt_marshallOut    00000001800d5660 f   c82_TSE_Path.obj
 0001:000d46d0       c82_b_info_helper          00000001800d56d0 f   c82_TSE_Path.obj
 0001:000dc4e0       mdlProcessParameters_c82_TSE_Path 00000001800dd4e0 f   c82_TSE_Path.obj
 0001:000dc5c0       initialize_params_c82_TSE_Path 00000001800dd5c0 f   c82_TSE_Path.obj
 0001:000dc5d0       mdlSetWorkWidths_c82_TSE_Path 00000001800dd5d0 f   c82_TSE_Path.obj
 0001:000dcb60       sf_get_instance_specialization 00000001800ddb60 f   c82_TSE_Path.obj
 0001:000dcb70       mdlStart_c82_TSE_Path      00000001800ddb70 f   c82_TSE_Path.obj
 0001:000dcdf0       init_dsm_address_info      00000001800dddf0 f   c82_TSE_Path.obj
 0001:000dce00       init_simulink_io_address   00000001800dde00 f   c82_TSE_Path.obj
 0001:000dcef0       sf_get_sim_state_info_c82_TSE_Path 00000001800ddef0 f   c82_TSE_Path.obj
 0001:000dcfb0       chart_debug_initialization 00000001800ddfb0 f   c82_TSE_Path.obj
 0001:000de460       init_script_number_translation 00000001800df460 f   c82_TSE_Path.obj
 0001:000de4f0       c82_sf_marshallOut         00000001800df4f0 f   c82_TSE_Path.obj
 0001:000de5a0       c82_sf_marshallIn          00000001800df5a0 f   c82_TSE_Path.obj
 0001:000de640       c82_b_emlrt_marshallIn     00000001800df640 f   c82_TSE_Path.obj
 0001:000de6d0       sf_opaque_initialize_c82_TSE_Path 00000001800df6d0 f   c82_TSE_Path.obj
 0001:000de710       initialize_c82_TSE_Path    00000001800df710 f   c82_TSE_Path.obj
 0001:000de760       sf_opaque_enable_c82_TSE_Path 00000001800df760 f   c82_TSE_Path.obj
 0001:000de780       enable_c82_TSE_Path        00000001800df780 f   c82_TSE_Path.obj
 0001:000de7b0       sf_opaque_disable_c82_TSE_Path 00000001800df7b0 f   c82_TSE_Path.obj
 0001:000de7d0       disable_c82_TSE_Path       00000001800df7d0 f   c82_TSE_Path.obj
 0001:000de800       sf_opaque_gateway_c82_TSE_Path 00000001800df800 f   c82_TSE_Path.obj
 0001:000de820       sf_gateway_c82_TSE_Path    00000001800df820 f   c82_TSE_Path.obj
 0001:000deb80       c82_chartstep_c82_TSE_Path 00000001800dfb80 f   c82_TSE_Path.obj
 0001:000e00b0       c82_gashi                  00000001800e10b0 f   c82_TSE_Path.obj
 0001:000e1510       c82_Sfcn_Ts                00000001800e2510 f   c82_TSE_Path.obj
 0001:000e1e70       c82_b_sf_marshallOut       00000001800e2e70 f   c82_TSE_Path.obj
 0001:000e1fe0       c82_c_sf_marshallOut       00000001800e2fe0 f   c82_TSE_Path.obj
 0001:000e2150       c82_interp1                00000001800e3150 f   c82_TSE_Path.obj
 0001:000e2180       c82_interp1_work           00000001800e3180 f   c82_TSE_Path.obj
 0001:000e2c20       c82_eml_scalar_eg          00000001800e3c20 f   c82_TSE_Path.obj
 0001:000e2c30       c82_StringToMethodID       00000001800e3c30 f   c82_TSE_Path.obj
 0001:000e2c40       c82_intmin                 00000001800e3c40 f   c82_TSE_Path.obj
 0001:000e2c60       c82_eml_error              00000001800e3c60 f   c82_TSE_Path.obj
 0001:000e2da0       c82_b_eml_error            00000001800e3da0 f   c82_TSE_Path.obj
 0001:000e2ee0       c82_b_interp1              00000001800e3ee0 f   c82_TSE_Path.obj
 0001:000e3d80       c82_b_flip                 00000001800e4d80 f   c82_TSE_Path.obj
 0001:000e4100       sf_opaque_get_sim_state_c82_TSE_Path 00000001800e5100 f   c82_TSE_Path.obj
 0001:000e4150       get_sim_state_c82_TSE_Path 00000001800e5150 f   c82_TSE_Path.obj
 0001:000e4380       sf_opaque_set_sim_state_c82_TSE_Path 00000001800e5380 f   c82_TSE_Path.obj
 0001:000e43d0       set_sim_state_c82_TSE_Path 00000001800e53d0 f   c82_TSE_Path.obj
 0001:000e44d0       c82_update_debugger_state_c82_TSE_Path 00000001800e54d0 f   c82_TSE_Path.obj
 0001:000e44e0       c82_emlrt_marshallIn       00000001800e54e0 f   c82_TSE_Path.obj
 0001:000e4550       c82_d_emlrt_marshallIn     00000001800e5550 f   c82_TSE_Path.obj
 0001:000e45b0       c82_e_emlrt_marshallIn     00000001800e55b0 f   c82_TSE_Path.obj
 0001:000e4640       sf_opaque_terminate_c82_TSE_Path 00000001800e5640 f   c82_TSE_Path.obj
 0001:000e46e0       finalize_c82_TSE_Path      00000001800e56e0 f   c82_TSE_Path.obj
 0001:000e46f0       sf_opaque_init_subchart_simstructs 00000001800e56f0 f   c82_TSE_Path.obj
 0001:000e4710       initSimStructsc82_TSE_Path 00000001800e5710 f   c82_TSE_Path.obj
 0001:000e4720       mdlRTW_c82_TSE_Path        00000001800e5720 f   c82_TSE_Path.obj
 0001:000e47d0       c83_info_helper            00000001800e57d0 f   c83_TSE_Path.obj
 0001:000e64e0       c83_emlrt_marshallOut      00000001800e74e0 f   c83_TSE_Path.obj
 0001:000e6570       c83_b_emlrt_marshallOut    00000001800e7570 f   c83_TSE_Path.obj
 0001:000e7630       mdlProcessParameters_c83_TSE_Path 00000001800e8630 f   c83_TSE_Path.obj
 0001:000e7710       initialize_params_c83_TSE_Path 00000001800e8710 f   c83_TSE_Path.obj
 0001:000e7720       mdlSetWorkWidths_c83_TSE_Path 00000001800e8720 f   c83_TSE_Path.obj
 0001:000e7cb0       sf_get_instance_specialization 00000001800e8cb0 f   c83_TSE_Path.obj
 0001:000e7cc0       mdlStart_c83_TSE_Path      00000001800e8cc0 f   c83_TSE_Path.obj
 0001:000e7f40       init_dsm_address_info      00000001800e8f40 f   c83_TSE_Path.obj
 0001:000e7f50       init_simulink_io_address   00000001800e8f50 f   c83_TSE_Path.obj
 0001:000e8070       sf_get_sim_state_info_c83_TSE_Path 00000001800e9070 f   c83_TSE_Path.obj
 0001:000e8130       chart_debug_initialization 00000001800e9130 f   c83_TSE_Path.obj
 0001:000e97a0       init_script_number_translation 00000001800ea7a0 f   c83_TSE_Path.obj
 0001:000e97f0       c83_sf_marshallOut         00000001800ea7f0 f   c83_TSE_Path.obj
 0001:000e98a0       c83_sf_marshallIn          00000001800ea8a0 f   c83_TSE_Path.obj
 0001:000e9940       c83_b_emlrt_marshallIn     00000001800ea940 f   c83_TSE_Path.obj
 0001:000e99d0       sf_opaque_initialize_c83_TSE_Path 00000001800ea9d0 f   c83_TSE_Path.obj
 0001:000e9a10       initialize_c83_TSE_Path    00000001800eaa10 f   c83_TSE_Path.obj
 0001:000e9a60       sf_opaque_enable_c83_TSE_Path 00000001800eaa60 f   c83_TSE_Path.obj
 0001:000e9a80       enable_c83_TSE_Path        00000001800eaa80 f   c83_TSE_Path.obj
 0001:000e9ab0       sf_opaque_disable_c83_TSE_Path 00000001800eaab0 f   c83_TSE_Path.obj
 0001:000e9ad0       disable_c83_TSE_Path       00000001800eaad0 f   c83_TSE_Path.obj
 0001:000e9b00       sf_opaque_gateway_c83_TSE_Path 00000001800eab00 f   c83_TSE_Path.obj
 0001:000e9b20       sf_gateway_c83_TSE_Path    00000001800eab20 f   c83_TSE_Path.obj
 0001:000e9f20       c83_chartstep_c83_TSE_Path 00000001800eaf20 f   c83_TSE_Path.obj
 0001:000eb480       c83_gashi                  00000001800ec480 f   c83_TSE_Path.obj
 0001:000ec920       sf_opaque_get_sim_state_c83_TSE_Path 00000001800ed920 f   c83_TSE_Path.obj
 0001:000ec970       get_sim_state_c83_TSE_Path 00000001800ed970 f   c83_TSE_Path.obj
 0001:000ecd00       sf_opaque_set_sim_state_c83_TSE_Path 00000001800edd00 f   c83_TSE_Path.obj
 0001:000ecd50       set_sim_state_c83_TSE_Path 00000001800edd50 f   c83_TSE_Path.obj
 0001:000eced0       c83_update_debugger_state_c83_TSE_Path 00000001800eded0 f   c83_TSE_Path.obj
 0001:000ecee0       c83_emlrt_marshallIn       00000001800edee0 f   c83_TSE_Path.obj
 0001:000ecf50       c83_d_emlrt_marshallIn     00000001800edf50 f   c83_TSE_Path.obj
 0001:000ecfb0       c83_e_emlrt_marshallIn     00000001800edfb0 f   c83_TSE_Path.obj
 0001:000ed040       sf_opaque_terminate_c83_TSE_Path 00000001800ee040 f   c83_TSE_Path.obj
 0001:000ed0e0       finalize_c83_TSE_Path      00000001800ee0e0 f   c83_TSE_Path.obj
 0001:000ed0f0       sf_opaque_init_subchart_simstructs 00000001800ee0f0 f   c83_TSE_Path.obj
 0001:000ed110       initSimStructsc83_TSE_Path 00000001800ee110 f   c83_TSE_Path.obj
 0001:000ed120       mdlRTW_c83_TSE_Path        00000001800ee120 f   c83_TSE_Path.obj
 0001:000eded0       getChartInfoFromSimStruct  00000001800eeed0 f   TSE_Path_sfun_registry.obj
 0001:000ef570       _ssFatalError              00000001800f0570 f   TSE_Path_sfun_registry.obj
 0001:000f2620       ProcessMexSfunctionCmdLineCall 00000001800f3620 f   TSE_Path_sfun_registry.obj
 0001:000f27c0       sf_debug_api_wrapper       00000001800f37c0 f   TSE_Path_sfun_registry.obj
 0001:000f2810       mdlStart                   00000001800f3810 f   TSE_Path_sfun_registry.obj
 0001:000f2840       mdl_start_processing       00000001800f3840 f   TSE_Path_sfun_registry.obj
 0001:000f2900       mdlTerminate               00000001800f3900 f   TSE_Path_sfun_registry.obj
 0001:000f2930       mdl_terminate_processing   00000001800f3930 f   TSE_Path_sfun_registry.obj
 0001:000f29b0       mdlInitializeSampleTimes   00000001800f39b0 f   TSE_Path_sfun_registry.obj
 0001:000f29e0       mdlZeroCrossings           00000001800f39e0 f   TSE_Path_sfun_registry.obj
 0001:000f2a10       mdl_zeroCrossings_processing 00000001800f3a10 f   TSE_Path_sfun_registry.obj
 0001:000f2a50       mdlDerivatives             00000001800f3a50 f   TSE_Path_sfun_registry.obj
 0001:000f2a80       mdl_derivatives_processing 00000001800f3a80 f   TSE_Path_sfun_registry.obj
 0001:000f2ad0       mdlInitializeConditions    00000001800f3ad0 f   TSE_Path_sfun_registry.obj
 0001:000f2b00       mdl_initialize_conditions_processing 00000001800f3b00 f   TSE_Path_sfun_registry.obj
 0001:000f2b50       mdlEnable                  00000001800f3b50 f   TSE_Path_sfun_registry.obj
 0001:000f2b80       mdl_enable_processing      00000001800f3b80 f   TSE_Path_sfun_registry.obj
 0001:000f2bc0       mdlDisable                 00000001800f3bc0 f   TSE_Path_sfun_registry.obj
 0001:000f2bf0       mdl_disable_processing     00000001800f3bf0 f   TSE_Path_sfun_registry.obj
 0001:000f2c30       mdlOutputs                 00000001800f3c30 f   TSE_Path_sfun_registry.obj
 0001:000f2c60       mdl_outputs_processing     00000001800f3c60 f   TSE_Path_sfun_registry.obj
 0001:000f2d40       mdl_outputs_continuous_legacy 00000001800f3d40 f   TSE_Path_sfun_registry.obj
 0001:000f2e30       mdlGetTimeOfNextVarHit     00000001800f3e30 f   TSE_Path_sfun_registry.obj
 0001:000f2e80       _ProcessMexSfunctionCmdLineCall 00000001800f3e80 f   TSE_Path_sfun_registry.obj
 0001:000f35d0       mdlSetWorkWidths           00000001800f45d0 f   TSE_Path_sfun_registry.obj
 0001:000f3600       mdlProcessParameters       00000001800f4600 f   TSE_Path_sfun_registry.obj
 0001:000f3630       mdlInitializeSizes         00000001800f4630 f   TSE_Path_sfun_registry.obj
 0001:000f3660       mdlExtModeExec             00000001800f4660 f   TSE_Path_sfun_registry.obj
 0001:000f3690       mdl_ext_mode_exec_processing 00000001800f4690 f   TSE_Path_sfun_registry.obj
 0001:000f36d0       mdlRTW                     00000001800f46d0 f   TSE_Path_sfun_registry.obj
 0001:000f3710       _CreateSimStruct           00000001800f4710 f   TSE_Path_sfun_registry.obj
 0001:000f38a0       _RegNumInputPortsCB        00000001800f48a0 f   TSE_Path_sfun_registry.obj
 0001:000f3920       _RegNumOutputPortsCB       00000001800f4920 f   TSE_Path_sfun_registry.obj
 0001:000f3f28       pre_c_init                 00000001800f4f28 f   MSVCRT:crtdll.obj
 0001:000f41e4       __DllMainCRTStartup        00000001800f51e4 f   MSVCRT:crtdll.obj
 0001:000f4850       __DllMainCRTStartup$filt$0 00000001800f5850 f   MSVCRT:crtdll.obj
 0001:000f4880       __DllMainCRTStartup$fin$1  00000001800f5880 f   MSVCRT:crtdll.obj
 0001:000f489a       _onexit$fin$0              00000001800f589a f   MSVCRT:atonexit.obj
 0001:000f48c0       _IsNonwritableInCurrentImage$filt$0 00000001800f58c0 f   MSVCRT:pesect.obj
